..\MyCore\Src\oled.c:49:6:OLED_Send	24	static
..\MyCore\Src\oled.c:57:6:OLED_SendCmd	16	static
..\MyCore\Src\oled.c:70:6:OLED_Init	8	static
..\MyCore\Src\oled.c:125:6:OLED_DisPlay_On	8	static
..\MyCore\Src\oled.c:135:6:OLED_DisPlay_Off	8	static
..\MyCore\Src\oled.c:147:6:OLED_SetColorMode	16	static
..\MyCore\Src\oled.c:164:6:OLED_NewFrame	8	static
..\MyCore\Src\oled.c:173:6:OLED_ShowFrame	16	static
..\MyCore\Src\oled.c:193:6:OLED_SetPixel	16	static
..\MyCore\Src\oled.c:214:6:OLED_ReverseArea	24	static
..\MyCore\Src\oled.c:237:6:OLED_SetByte_Fine	16	static
..\MyCore\Src\oled.c:263:6:OLED_SetByte	16	static
..\MyCore\Src\oled.c:283:6:OLED_SetBits_Fine	40	static
..\MyCore\Src\oled.c:311:6:OLED_SetBits	40	static
..\MyCore\Src\oled.c:333:6:OLED_SetBlock	40	static
..\MyCore\Src\oled.c:373:6:OLED_DrawLine	40	static
..\MyCore\Src\oled.c:449:6:OLED_DrawRectangle	32	static
..\MyCore\Src\oled.c:465:6:OLED_DrawFilledRectangle	40	static
..\MyCore\Src\oled.c:483:6:OLED_DrawTriangle	32	static
..\MyCore\Src\oled.c:500:6:OLED_DrawFilledTriangle	40	static
..\MyCore\Src\oled.c:540:6:OLED_DrawCircle	32	static
..\MyCore\Src\oled.c:576:6:OLED_DrawFilledCircle	40	static
..\MyCore\Src\oled.c:611:6:OLED_DrawEllipse	56	static
..\MyCore\Src\oled.c:660:6:OLED_DrawImage	32	static
..\MyCore\Src\oled.c:675:6:OLED_PrintASCIIChar	32	static
..\MyCore\Src\oled.c:688:6:OLED_PrintASCIIString	40	static
..\MyCore\Src\oled.c:702:9:_OLED_GetUTF8Len	16	static
..\MyCore\Src\oled.c:747:6:OLED_PrintString	56	static
