Archive member included to satisfy reference by file (symbol)

D:/Study/STM32CubeIDE_1.19.0/STM32CubeIDE/plugins/com.st.stm32cube.ide.mcu.externaltools.gnu-tools-for-stm32.13.3.rel1.win32_1.0.0.202411081344/tools/bin/../lib/gcc/arm-none-eabi/13.3.1/../../../../arm-none-eabi/lib/thumb/v7e-m+fp/hard\libc_nano.a(libc_a-exit.o)
                              D:/Study/STM32CubeIDE_1.19.0/STM32CubeIDE/plugins/com.st.stm32cube.ide.mcu.externaltools.gnu-tools-for-stm32.13.3.rel1.win32_1.0.0.202411081344/tools/bin/../lib/gcc/arm-none-eabi/13.3.1/../../../../arm-none-eabi/lib/thumb/v7e-m+fp/hard/crt0.o (exit)
D:/Study/STM32CubeIDE_1.19.0/STM32CubeIDE/plugins/com.st.stm32cube.ide.mcu.externaltools.gnu-tools-for-stm32.13.3.rel1.win32_1.0.0.202411081344/tools/bin/../lib/gcc/arm-none-eabi/13.3.1/../../../../arm-none-eabi/lib/thumb/v7e-m+fp/hard\libc_nano.a(libc_a-nano-vfprintf_float.o)
                              (_printf_float)
D:/Study/STM32CubeIDE_1.19.0/STM32CubeIDE/plugins/com.st.stm32cube.ide.mcu.externaltools.gnu-tools-for-stm32.13.3.rel1.win32_1.0.0.202411081344/tools/bin/../lib/gcc/arm-none-eabi/13.3.1/../../../../arm-none-eabi/lib/thumb/v7e-m+fp/hard\libc_nano.a(libc_a-nano-vfprintf_i.o)
                              D:/Study/STM32CubeIDE_1.19.0/STM32CubeIDE/plugins/com.st.stm32cube.ide.mcu.externaltools.gnu-tools-for-stm32.13.3.rel1.win32_1.0.0.202411081344/tools/bin/../lib/gcc/arm-none-eabi/13.3.1/../../../../arm-none-eabi/lib/thumb/v7e-m+fp/hard\libc_nano.a(libc_a-nano-vfprintf_float.o) (_printf_common)
D:/Study/STM32CubeIDE_1.19.0/STM32CubeIDE/plugins/com.st.stm32cube.ide.mcu.externaltools.gnu-tools-for-stm32.13.3.rel1.win32_1.0.0.202411081344/tools/bin/../lib/gcc/arm-none-eabi/13.3.1/../../../../arm-none-eabi/lib/thumb/v7e-m+fp/hard\libc_nano.a(libc_a-findfp.o)
                              D:/Study/STM32CubeIDE_1.19.0/STM32CubeIDE/plugins/com.st.stm32cube.ide.mcu.externaltools.gnu-tools-for-stm32.13.3.rel1.win32_1.0.0.202411081344/tools/bin/../lib/gcc/arm-none-eabi/13.3.1/../../../../arm-none-eabi/lib/thumb/v7e-m+fp/hard\libc_nano.a(libc_a-exit.o) (__stdio_exit_handler)
D:/Study/STM32CubeIDE_1.19.0/STM32CubeIDE/plugins/com.st.stm32cube.ide.mcu.externaltools.gnu-tools-for-stm32.13.3.rel1.win32_1.0.0.202411081344/tools/bin/../lib/gcc/arm-none-eabi/13.3.1/../../../../arm-none-eabi/lib/thumb/v7e-m+fp/hard\libc_nano.a(libc_a-fwalk.o)
                              D:/Study/STM32CubeIDE_1.19.0/STM32CubeIDE/plugins/com.st.stm32cube.ide.mcu.externaltools.gnu-tools-for-stm32.13.3.rel1.win32_1.0.0.202411081344/tools/bin/../lib/gcc/arm-none-eabi/13.3.1/../../../../arm-none-eabi/lib/thumb/v7e-m+fp/hard\libc_nano.a(libc_a-findfp.o) (_fwalk_sglue)
D:/Study/STM32CubeIDE_1.19.0/STM32CubeIDE/plugins/com.st.stm32cube.ide.mcu.externaltools.gnu-tools-for-stm32.13.3.rel1.win32_1.0.0.202411081344/tools/bin/../lib/gcc/arm-none-eabi/13.3.1/../../../../arm-none-eabi/lib/thumb/v7e-m+fp/hard\libc_nano.a(libc_a-sprintf.o)
                              MyCore\Src\task.o (sprintf)
D:/Study/STM32CubeIDE_1.19.0/STM32CubeIDE/plugins/com.st.stm32cube.ide.mcu.externaltools.gnu-tools-for-stm32.13.3.rel1.win32_1.0.0.202411081344/tools/bin/../lib/gcc/arm-none-eabi/13.3.1/../../../../arm-none-eabi/lib/thumb/v7e-m+fp/hard\libc_nano.a(libc_a-stdio.o)
                              D:/Study/STM32CubeIDE_1.19.0/STM32CubeIDE/plugins/com.st.stm32cube.ide.mcu.externaltools.gnu-tools-for-stm32.13.3.rel1.win32_1.0.0.202411081344/tools/bin/../lib/gcc/arm-none-eabi/13.3.1/../../../../arm-none-eabi/lib/thumb/v7e-m+fp/hard\libc_nano.a(libc_a-findfp.o) (__sread)
D:/Study/STM32CubeIDE_1.19.0/STM32CubeIDE/plugins/com.st.stm32cube.ide.mcu.externaltools.gnu-tools-for-stm32.13.3.rel1.win32_1.0.0.202411081344/tools/bin/../lib/gcc/arm-none-eabi/13.3.1/../../../../arm-none-eabi/lib/thumb/v7e-m+fp/hard\libc_nano.a(libc_a-memcmp.o)
                              MyCore\Src\oled.o (memcmp)
D:/Study/STM32CubeIDE_1.19.0/STM32CubeIDE/plugins/com.st.stm32cube.ide.mcu.externaltools.gnu-tools-for-stm32.13.3.rel1.win32_1.0.0.202411081344/tools/bin/../lib/gcc/arm-none-eabi/13.3.1/../../../../arm-none-eabi/lib/thumb/v7e-m+fp/hard\libc_nano.a(libc_a-memset.o)
                              D:/Study/STM32CubeIDE_1.19.0/STM32CubeIDE/plugins/com.st.stm32cube.ide.mcu.externaltools.gnu-tools-for-stm32.13.3.rel1.win32_1.0.0.202411081344/tools/bin/../lib/gcc/arm-none-eabi/13.3.1/../../../../arm-none-eabi/lib/thumb/v7e-m+fp/hard/crt0.o (memset)
D:/Study/STM32CubeIDE_1.19.0/STM32CubeIDE/plugins/com.st.stm32cube.ide.mcu.externaltools.gnu-tools-for-stm32.13.3.rel1.win32_1.0.0.202411081344/tools/bin/../lib/gcc/arm-none-eabi/13.3.1/../../../../arm-none-eabi/lib/thumb/v7e-m+fp/hard\libc_nano.a(libc_a-localeconv.o)
[...]
Memory Configuration

Name             Origin             Length             Attributes
RAM              0x20000000         0x00020000         xrw
FLASH            0x08000000         0x00080000         xr
*default*        0x00000000         0xffffffff

Linker script and memory map

LOAD D:/Study/STM32CubeIDE_1.19.0/STM32CubeIDE/plugins/com.st.stm32cube.ide.mcu.externaltools.gnu-tools-for-stm32.13.3.rel1.win32_1.0.0.202411081344/tools/bin/../lib/gcc/arm-none-eabi/13.3.1/thumb/v7e-m+fp/hard/crti.o
LOAD D:/Study/STM32CubeIDE_1.19.0/STM32CubeIDE/plugins/com.st.stm32cube.ide.mcu.externaltools.gnu-tools-for-stm32.13.3.rel1.win32_1.0.0.202411081344/tools/bin/../lib/gcc/arm-none-eabi/13.3.1/thumb/v7e-m+fp/hard/crtbegin.o
LOAD D:/Study/STM32CubeIDE_1.19.0/STM32CubeIDE/plugins/com.st.stm32cube.ide.mcu.externaltools.gnu-tools-for-stm32.13.3.rel1.win32_1.0.0.202411081344/tools/bin/../lib/gcc/arm-none-eabi/13.3.1/../../../../arm-none-eabi/lib/thumb/v7e-m+fp/hard/crt0.o
LOAD Core\Src\adc.o
LOAD Core\Src\dma.o
LOAD Core\Src\gpio.o
LOAD Core\Src\hrtim.o
LOAD Core\Src\i2c.o
LOAD Core\Src\iwdg.o
LOAD Core\Src\main.o
LOAD Core\Src\spi.o
LOAD Core\Src\stm32g4xx_hal_msp.o
LOAD Core\Src\stm32g4xx_it.o
LOAD Core\Src\syscalls.o
LOAD Core\Src\sysmem.o
LOAD Core\Src\system_stm32g4xx.o
LOAD Core\Src\tim.o
LOAD Core\Src\usart.o
LOAD Core\Startup\startup_stm32g474retx.o
LOAD Drivers\STM32G4xx_HAL_Driver\Src\stm32g4xx_hal.o
LOAD Drivers\STM32G4xx_HAL_Driver\Src\stm32g4xx_hal_adc.o
LOAD Drivers\STM32G4xx_HAL_Driver\Src\stm32g4xx_hal_adc_ex.o
LOAD Drivers\STM32G4xx_HAL_Driver\Src\stm32g4xx_hal_cortex.o
LOAD Drivers\STM32G4xx_HAL_Driver\Src\stm32g4xx_hal_dma.o
LOAD Drivers\STM32G4xx_HAL_Driver\Src\stm32g4xx_hal_dma_ex.o
LOAD Drivers\STM32G4xx_HAL_Driver\Src\stm32g4xx_hal_exti.o
LOAD Drivers\STM32G4xx_HAL_Driver\Src\stm32g4xx_hal_flash.o
LOAD Drivers\STM32G4xx_HAL_Driver\Src\stm32g4xx_hal_flash_ex.o
LOAD Drivers\STM32G4xx_HAL_Driver\Src\stm32g4xx_hal_flash_ramfunc.o
LOAD Drivers\STM32G4xx_HAL_Driver\Src\stm32g4xx_hal_gpio.o
LOAD Drivers\STM32G4xx_HAL_Driver\Src\stm32g4xx_hal_hrtim.o
LOAD Drivers\STM32G4xx_HAL_Driver\Src\stm32g4xx_hal_i2c.o
LOAD Drivers\STM32G4xx_HAL_Driver\Src\stm32g4xx_hal_i2c_ex.o
LOAD Drivers\STM32G4xx_HAL_Driver\Src\stm32g4xx_hal_iwdg.o
LOAD Drivers\STM32G4xx_HAL_Driver\Src\stm32g4xx_hal_pwr.o
LOAD Drivers\STM32G4xx_HAL_Driver\Src\stm32g4xx_hal_pwr_ex.o
LOAD Drivers\STM32G4xx_HAL_Driver\Src\stm32g4xx_hal_rcc.o
LOAD Drivers\STM32G4xx_HAL_Driver\Src\stm32g4xx_hal_rcc_ex.o
LOAD Drivers\STM32G4xx_HAL_Driver\Src\stm32g4xx_hal_spi.o
LOAD Drivers\STM32G4xx_HAL_Driver\Src\stm32g4xx_hal_spi_ex.o
LOAD Drivers\STM32G4xx_HAL_Driver\Src\stm32g4xx_hal_tim.o
LOAD Drivers\STM32G4xx_HAL_Driver\Src\stm32g4xx_hal_tim_ex.o
LOAD Drivers\STM32G4xx_HAL_Driver\Src\stm32g4xx_hal_uart.o
LOAD Drivers\STM32G4xx_HAL_Driver\Src\stm32g4xx_hal_uart_ex.o
LOAD Drivers\STM32G4xx_HAL_Driver\Src\stm32g4xx_ll_adc.o
LOAD MyCore\Src\font.o
LOAD MyCore\Src\oled.o
LOAD MyCore\Src\task.o
START GROUP
LOAD D:/Study/STM32CubeIDE_1.19.0/STM32CubeIDE/plugins/com.st.stm32cube.ide.mcu.externaltools.gnu-tools-for-stm32.13.3.rel1.win32_1.0.0.202411081344/tools/bin/../lib/gcc/arm-none-eabi/13.3.1/../../../../arm-none-eabi/lib/thumb/v7e-m+fp/hard\libc_nano.a
LOAD D:/Study/STM32CubeIDE_1.19.0/STM32CubeIDE/plugins/com.st.stm32cube.ide.mcu.externaltools.gnu-tools-for-stm32.13.3.rel1.win32_1.0.0.202411081344/tools/bin/../lib/gcc/arm-none-eabi/13.3.1/../../../../arm-none-eabi/lib/thumb/v7e-m+fp/hard\libm.a
END GROUP
START GROUP
LOAD D:/Study/STM32CubeIDE_1.19.0/STM32CubeIDE/plugins/com.st.stm32cube.ide.mcu.externaltools.gnu-tools-for-stm32.13.3.rel1.win32_1.0.0.202411081344/tools/bin/../lib/gcc/arm-none-eabi/13.3.1/thumb/v7e-m+fp/hard\libgcc.a
LOAD D:/Study/STM32CubeIDE_1.19.0/STM32CubeIDE/plugins/com.st.stm32cube.ide.mcu.externaltools.gnu-tools-for-stm32.13.3.rel1.win32_1.0.0.202411081344/tools/bin/../lib/gcc/arm-none-eabi/13.3.1/../../../../arm-none-eabi/lib/thumb/v7e-m+fp/hard\libc_nano.a
END GROUP
START GROUP
LOAD D:/Study/STM32CubeIDE_1.19.0/STM32CubeIDE/plugins/com.st.stm32cube.ide.mcu.externaltools.gnu-tools-for-stm32.13.3.rel1.win32_1.0.0.202411081344/tools/bin/../lib/gcc/arm-none-eabi/13.3.1/thumb/v7e-m+fp/hard\libgcc.a
LOAD D:/Study/STM32CubeIDE_1.19.0/STM32CubeIDE/plugins/com.st.stm32cube.ide.mcu.externaltools.gnu-tools-for-stm32.13.3.rel1.win32_1.0.0.202411081344/tools/bin/../lib/gcc/arm-none-eabi/13.3.1/../../../../arm-none-eabi/lib/thumb/v7e-m+fp/hard\libc_nano.a
LOAD D:/Study/STM32CubeIDE_1.19.0/STM32CubeIDE/plugins/com.st.stm32cube.ide.mcu.externaltools.gnu-tools-for-stm32.13.3.rel1.win32_1.0.0.202411081344/tools/bin/../lib/gcc/arm-none-eabi/13.3.1/../../../../arm-none-eabi/lib/thumb/v7e-m+fp/hard\libnosys.a
END GROUP
START GROUP
LOAD D:/Study/STM32CubeIDE_1.19.0/STM32CubeIDE/plugins/com.st.stm32cube.ide.mcu.externaltools.gnu-tools-for-stm32.13.3.rel1.win32_1.0.0.202411081344/tools/bin/../lib/gcc/arm-none-eabi/13.3.1/thumb/v7e-m+fp/hard\libgcc.a
LOAD D:/Study/STM32CubeIDE_1.19.0/STM32CubeIDE/plugins/com.st.stm32cube.ide.mcu.externaltools.gnu-tools-for-stm32.13.3.rel1.win32_1.0.0.202411081344/tools/bin/../lib/gcc/arm-none-eabi/13.3.1/../../../../arm-none-eabi/lib/thumb/v7e-m+fp/hard\libc_nano.a
LOAD D:/Study/STM32CubeIDE_1.19.0/STM32CubeIDE/plugins/com.st.stm32cube.ide.mcu.externaltools.gnu-tools-for-stm32.13.3.rel1.win32_1.0.0.202411081344/tools/bin/../lib/gcc/arm-none-eabi/13.3.1/../../../../arm-none-eabi/lib/thumb/v7e-m+fp/hard\libnosys.a
END GROUP
LOAD D:/Study/STM32CubeIDE_1.19.0/STM32CubeIDE/plugins/com.st.stm32cube.ide.mcu.externaltools.gnu-tools-for-stm32.13.3.rel1.win32_1.0.0.202411081344/tools/bin/../lib/gcc/arm-none-eabi/13.3.1/thumb/v7e-m+fp/hard/crtend.o
LOAD D:/Study/STM32CubeIDE_1.19.0/STM32CubeIDE/plugins/com.st.stm32cube.ide.mcu.externaltools.gnu-tools-for-stm32.13.3.rel1.win32_1.0.0.202411081344/tools/bin/../lib/gcc/arm-none-eabi/13.3.1/thumb/v7e-m+fp/hard/crtn.o
                0x20020000                        _estack = (ORIGIN (RAM) + LENGTH (RAM))
                0x00000200                        _Min_Heap_Size = 0x200
                0x00000400                        _Min_Stack_Size = 0x400

.isr_vector     0x08000000      0x1d8
                0x08000000                        . = ALIGN (0x4)
 *(.isr_vector)
 .isr_vector    0x08000000      0x1d8 Core\Startup\startup_stm32g474retx.o
                0x08000000                g_pfnVectors
                0x080001d8                        . = ALIGN (0x4)

.text           0x080001e0     0xfb74
                0x080001e0                        . = ALIGN (0x4)
 *(.text)
 .text          0x080001e0       0x40 D:/Study/STM32CubeIDE_1.19.0/STM32CubeIDE/plugins/com.st.stm32cube.ide.mcu.externaltools.gnu-tools-for-stm32.13.3.rel1.win32_1.0.0.202411081344/tools/bin/../lib/gcc/arm-none-eabi/13.3.1/thumb/v7e-m+fp/hard/crtbegin.o
 .text          0x08000220       0xa0 D:/Study/STM32CubeIDE_1.19.0/STM32CubeIDE/plugins/com.st.stm32cube.ide.mcu.externaltools.gnu-tools-for-stm32.13.3.rel1.win32_1.0.0.202411081344/tools/bin/../lib/gcc/arm-none-eabi/13.3.1/../../../../arm-none-eabi/lib/thumb/v7e-m+fp/hard\libc_nano.a(libc_a-memchr.o)
                0x08000220                memchr
 .text          0x080002c0       0x10 D:/Study/STM32CubeIDE_1.19.0/STM32CubeIDE/plugins/com.st.stm32cube.ide.mcu.externaltools.gnu-tools-for-stm32.13.3.rel1.win32_1.0.0.202411081344/tools/bin/../lib/gcc/arm-none-eabi/13.3.1/../../../../arm-none-eabi/lib/thumb/v7e-m+fp/hard\libc_nano.a(libc_a-strlen.o)
                0x080002c0                strlen
 .text          0x080002d0      0x378 D:/Study/STM32CubeIDE_1.19.0/STM32CubeIDE/plugins/com.st.stm32cube.ide.mcu.externaltools.gnu-tools-for-stm32.13.3.rel1.win32_1.0.0.202411081344/tools/bin/../lib/gcc/arm-none-eabi/13.3.1/thumb/v7e-m+fp/hard\libgcc.a(_arm_addsubdf3.o)
                0x080002d0                __aeabi_drsub
                0x080002d8                __aeabi_dsub
                0x080002d8                __subdf3
                0x080002dc                __aeabi_dadd
                0x080002dc                __adddf3
                0x08000554                __floatunsidf
                0x08000554                __aeabi_ui2d
                0x08000574                __floatsidf
                0x08000574                __aeabi_i2d
                0x08000598                __aeabi_f2d
                0x08000598                __extendsfdf2
                0x080005dc                __floatundidf
                0x080005dc                __aeabi_ul2d
                0x080005ec                __floatdidf
                0x080005ec                __aeabi_l2d
 .text          0x08000648      0x424 D:/Study/STM32CubeIDE_1.19.0/STM32CubeIDE/plugins/com.st.stm32cube.ide.mcu.externaltools.gnu-tools-for-stm32.13.3.rel1.win32_1.0.0.202411081344/tools/bin/../lib/gcc/arm-none-eabi/13.3.1/thumb/v7e-m+fp/hard\libgcc.a(_arm_muldivdf3.o)
                0x08000648                __aeabi_dmul
                0x08000648                __muldf3
                0x0800089c                __divdf3
                0x0800089c                __aeabi_ddiv
 .text          0x08000a6c      0x110 D:/Study/STM32CubeIDE_1.19.0/STM32CubeIDE/plugins/com.st.stm32cube.ide.mcu.externaltools.gnu-tools-for-stm32.13.3.rel1.win32_1.0.0.202411081344/tools/bin/../lib/gcc/arm-none-eabi/13.3.1/thumb/v7e-m+fp/hard\libgcc.a(_arm_cmpdf2.o)
                0x08000a6c                __gtdf2
                0x08000a6c                __gedf2
                0x08000a74                __ltdf2
                0x08000a74                __ledf2
                0x08000a7c                __nedf2
                0x08000a7c                __eqdf2
                0x08000a7c                __cmpdf2
                0x08000af8                __aeabi_cdrcmple
                0x08000b08                __aeabi_cdcmpeq
                0x08000b08                __aeabi_cdcmple
                0x08000b18                __aeabi_dcmpeq
                0x08000b2c                __aeabi_dcmplt
                0x08000b40                __aeabi_dcmple
                0x08000b54                __aeabi_dcmpge
                0x08000b68                __aeabi_dcmpgt
 .text          0x08000b7c       0x2c D:/Study/STM32CubeIDE_1.19.0/STM32CubeIDE/plugins/com.st.stm32cube.ide.mcu.externaltools.gnu-tools-for-stm32.13.3.rel1.win32_1.0.0.202411081344/tools/bin/../lib/gcc/arm-none-eabi/13.3.1/thumb/v7e-m+fp/hard\libgcc.a(_arm_unorddf2.o)
                0x08000b7c                __unorddf2
                0x08000b7c                __aeabi_dcmpun
 .text          0x08000ba8       0x50 D:/Study/STM32CubeIDE_1.19.0/STM32CubeIDE/plugins/com.st.stm32cube.ide.mcu.externaltools.gnu-tools-for-stm32.13.3.rel1.win32_1.0.0.202411081344/tools/bin/../lib/gcc/arm-none-eabi/13.3.1/thumb/v7e-m+fp/hard\libgcc.a(_arm_fixdfsi.o)
                0x08000ba8                __aeabi_d2iz
                0x08000ba8                __fixdfsi
 .text          0x08000bf8       0xa0 D:/Study/STM32CubeIDE_1.19.0/STM32CubeIDE/plugins/com.st.stm32cube.ide.mcu.externaltools.gnu-tools-for-stm32.13.3.rel1.win32_1.0.0.202411081344/tools/bin/../lib/gcc/arm-none-eabi/13.3.1/thumb/v7e-m+fp/hard\libgcc.a(_arm_truncdfsf2.o)
                0x08000bf8                __truncdfsf2
                0x08000bf8                __aeabi_d2f
 .text          0x08000c98       0x30 D:/Study/STM32CubeIDE_1.19.0/STM32CubeIDE/plugins/com.st.stm32cube.ide.mcu.externaltools.gnu-tools-for-stm32.13.3.rel1.win32_1.0.0.202411081344/tools/bin/../lib/gcc/arm-none-eabi/13.3.1/thumb/v7e-m+fp/hard\libgcc.a(_aeabi_uldivmod.o)
                0x08000c98                __aeabi_uldivmod
 .text          0x08000cc8      0x2f8 D:/Study/STM32CubeIDE_1.19.0/STM32CubeIDE/plugins/com.st.stm32cube.ide.mcu.externaltools.gnu-tools-for-stm32.13.3.rel1.win32_1.0.0.202411081344/tools/bin/../lib/gcc/arm-none-eabi/13.3.1/thumb/v7e-m+fp/hard\libgcc.a(_udivmoddi4.o)
                0x08000cc8                __udivmoddi4
 .text          0x08000fc0        0x4 D:/Study/STM32CubeIDE_1.19.0/STM32CubeIDE/plugins/com.st.stm32cube.ide.mcu.externaltools.gnu-tools-for-stm32.13.3.rel1.win32_1.0.0.202411081344/tools/bin/../lib/gcc/arm-none-eabi/13.3.1/thumb/v7e-m+fp/hard\libgcc.a(_dvmd_tls.o)
                0x08000fc0                __aeabi_idiv0
                0x08000fc0                __aeabi_ldiv0
 *(.text*)
 .text.MX_ADC1_Init
                0x08000fc4      0x16c Core\Src\adc.o
                0x08000fc4                MX_ADC1_Init
 .text.MX_ADC2_Init
                0x08001130       0xe4 Core\Src\adc.o
                0x08001130                MX_ADC2_Init
 .text.MX_ADC5_Init
                0x08001214       0xe4 Core\Src\adc.o
                0x08001214                MX_ADC5_Init
 .text.HAL_ADC_MspInit
                0x080012f8      0x1f0 Core\Src\adc.o
                0x080012f8                HAL_ADC_MspInit
 .text.MX_DMA_Init
                0x080014e8       0x74 Core\Src\dma.o
                0x080014e8                MX_DMA_Init
 .text.MX_GPIO_Init
                0x0800155c      0x14c Core\Src\gpio.o
                0x0800155c                MX_GPIO_Init
 .text.MX_HRTIM1_Init
                0x080016a8      0x388 Core\Src\hrtim.o
                0x080016a8                MX_HRTIM1_Init
 .text.HAL_HRTIM_MspInit
                0x08001a30       0x4c Core\Src\hrtim.o
                0x08001a30                HAL_HRTIM_MspInit
 .text.HAL_HRTIM_MspPostInit
                0x08001a7c       0xac Core\Src\hrtim.o
                0x08001a7c                HAL_HRTIM_MspPostInit
 .text.MX_I2C3_Init
                0x08001b28       0x88 Core\Src\i2c.o
                0x08001b28                MX_I2C3_Init
 .text.HAL_I2C_MspInit
                0x08001bb0       0xf0 Core\Src\i2c.o
                0x08001bb0                HAL_I2C_MspInit
 .text.MX_IWDG_Init
                0x08001ca0       0x3c Core\Src\iwdg.o
                0x08001ca0                MX_IWDG_Init
 .text.main     0x08001cdc       0x52 Core\Src\main.o
                0x08001cdc                main
 .text.SystemClock_Config
                0x08001d2e       0x9a Core\Src\main.o
                0x08001d2e                SystemClock_Config
 .text.HAL_TIM_PeriodElapsedCallback
                0x08001dc8       0x68 Core\Src\main.o
                0x08001dc8                HAL_TIM_PeriodElapsedCallback
 .text.Error_Handler
                0x08001e30        0xc Core\Src\main.o
                0x08001e30                Error_Handler
 .text.MX_SPI3_Init
                0x08001e3c       0x7c Core\Src\spi.o
                0x08001e3c                MX_SPI3_Init
 .text.HAL_SPI_MspInit
                0x08001eb8       0x88 Core\Src\spi.o
                0x08001eb8                HAL_SPI_MspInit
 .text.HAL_MspInit
                0x08001f40       0x48 Core\Src\stm32g4xx_hal_msp.o
                0x08001f40                HAL_MspInit
 .text.NMI_Handler
                0x08001f88        0xc Core\Src\stm32g4xx_it.o
                0x08001f88                NMI_Handler
 .text.HardFault_Handler
                0x08001f94        0x8 Core\Src\stm32g4xx_it.o
                0x08001f94                HardFault_Handler
 .text.MemManage_Handler
                0x08001f9c        0x8 Core\Src\stm32g4xx_it.o
                0x08001f9c                MemManage_Handler
 .text.BusFault_Handler
                0x08001fa4        0x8 Core\Src\stm32g4xx_it.o
                0x08001fa4                BusFault_Handler
 .text.UsageFault_Handler
                0x08001fac        0x8 Core\Src\stm32g4xx_it.o
                0x08001fac                UsageFault_Handler
 .text.SVC_Handler
                0x08001fb4        0xe Core\Src\stm32g4xx_it.o
                0x08001fb4                SVC_Handler
 .text.DebugMon_Handler
                0x08001fc2        0xe Core\Src\stm32g4xx_it.o
                0x08001fc2                DebugMon_Handler
 .text.PendSV_Handler
                0x08001fd0        0xe Core\Src\stm32g4xx_it.o
                0x08001fd0                PendSV_Handler
 .text.SysTick_Handler
                0x08001fde        0xc Core\Src\stm32g4xx_it.o
                0x08001fde                SysTick_Handler
 *fill*         0x08001fea        0x2 
 .text.DMA1_Channel1_IRQHandler
                0x08001fec       0x14 Core\Src\stm32g4xx_it.o
                0x08001fec                DMA1_Channel1_IRQHandler
 .text.DMA1_Channel2_IRQHandler
                0x08002000       0x14 Core\Src\stm32g4xx_it.o
                0x08002000                DMA1_Channel2_IRQHandler
 .text.DMA1_Channel3_IRQHandler
                0x08002014       0x14 Core\Src\stm32g4xx_it.o
                0x08002014                DMA1_Channel3_IRQHandler
 .text.TIM2_IRQHandler
                0x08002028       0x14 Core\Src\stm32g4xx_it.o
                0x08002028                TIM2_IRQHandler
 .text.TIM3_IRQHandler
                0x0800203c       0x14 Core\Src\stm32g4xx_it.o
                0x0800203c                TIM3_IRQHandler
 .text.TIM4_IRQHandler
                0x08002050       0x14 Core\Src\stm32g4xx_it.o
                0x08002050                TIM4_IRQHandler
 .text.USART1_IRQHandler
                0x08002064       0x14 Core\Src\stm32g4xx_it.o
                0x08002064                USART1_IRQHandler
 .text.HRTIM1_TIMD_IRQHandler
                0x08002078       0x14 Core\Src\stm32g4xx_it.o
                0x08002078                HRTIM1_TIMD_IRQHandler
 .text._getpid  0x0800208c       0x10 Core\Src\syscalls.o
                0x0800208c                _getpid
 .text._kill    0x0800209c       0x20 Core\Src\syscalls.o
                0x0800209c                _kill
 .text._exit    0x080020bc       0x16 Core\Src\syscalls.o
                0x080020bc                _exit
 .text._read    0x080020d2       0x3a Core\Src\syscalls.o
                0x080020d2                _read
 .text._write   0x0800210c       0x38 Core\Src\syscalls.o
                0x0800210c                _write
 .text._close   0x08002144       0x18 Core\Src\syscalls.o
                0x08002144                _close
 .text._fstat   0x0800215c       0x20 Core\Src\syscalls.o
                0x0800215c                _fstat
 .text._isatty  0x0800217c       0x16 Core\Src\syscalls.o
                0x0800217c                _isatty
 .text._lseek   0x08002192       0x1a Core\Src\syscalls.o
                0x08002192                _lseek
 .text._sbrk    0x080021ac       0x6c Core\Src\sysmem.o
                0x080021ac                _sbrk
 .text.SystemInit
                0x08002218       0x24 Core\Src\system_stm32g4xx.o
                0x08002218                SystemInit
 .text.MX_TIM1_Init
                0x0800223c       0xb4 Core\Src\tim.o
                0x0800223c                MX_TIM1_Init
 .text.MX_TIM2_Init
                0x080022f0       0x9c Core\Src\tim.o
                0x080022f0                MX_TIM2_Init
 .text.MX_TIM3_Init
                0x0800238c       0x9c Core\Src\tim.o
                0x0800238c                MX_TIM3_Init
 .text.MX_TIM4_Init
                0x08002428       0x9c Core\Src\tim.o
                0x08002428                MX_TIM4_Init
 .text.MX_TIM8_Init
                0x080024c4      0x164 Core\Src\tim.o
                0x080024c4                MX_TIM8_Init
 .text.HAL_TIM_Encoder_MspInit
                0x08002628       0x88 Core\Src\tim.o
                0x08002628                HAL_TIM_Encoder_MspInit
 .text.HAL_TIM_Base_MspInit
                0x080026b0       0xe0 Core\Src\tim.o
                0x080026b0                HAL_TIM_Base_MspInit
 .text.HAL_TIM_MspPostInit
                0x08002790       0x70 Core\Src\tim.o
                0x08002790                HAL_TIM_MspPostInit
 .text.MX_USART1_UART_Init
                0x08002800       0x98 Core\Src\usart.o
                0x08002800                MX_USART1_UART_Init
 .text.HAL_UART_MspInit
                0x08002898      0x17c Core\Src\usart.o
                0x08002898                HAL_UART_MspInit
 .text.Reset_Handler
                0x08002a14       0x50 Core\Startup\startup_stm32g474retx.o
                0x08002a14                Reset_Handler
 .text.Default_Handler
                0x08002a64        0x2 Core\Startup\startup_stm32g474retx.o
                0x08002a64                RTC_Alarm_IRQHandler
                0x08002a64                EXTI2_IRQHandler
                0x08002a64                TIM8_TRG_COM_IRQHandler
                0x08002a64                TIM8_CC_IRQHandler
                0x08002a64                HRTIM1_Master_IRQHandler
                0x08002a64                SPI4_IRQHandler
                0x08002a64                FDCAN3_IT0_IRQHandler
                0x08002a64                TIM1_CC_IRQHandler
                0x08002a64                HRTIM1_FLT_IRQHandler
                0x08002a64                HRTIM1_TIMF_IRQHandler
                0x08002a64                USB_HP_IRQHandler
                0x08002a64                CORDIC_IRQHandler
                0x08002a64                DMA2_Channel8_IRQHandler
                0x08002a64                EXTI3_IRQHandler
                0x08002a64                I2C3_ER_IRQHandler
                0x08002a64                EXTI0_IRQHandler
                0x08002a64                I2C2_EV_IRQHandler
                0x08002a64                FPU_IRQHandler
                0x08002a64                FDCAN1_IT1_IRQHandler
                0x08002a64                TIM1_UP_TIM16_IRQHandler
                0x08002a64                ADC1_2_IRQHandler
                0x08002a64                HRTIM1_TIME_IRQHandler
                0x08002a64                SPI1_IRQHandler
                0x08002a64                TIM6_DAC_IRQHandler
                0x08002a64                HRTIM1_TIMC_IRQHandler
                0x08002a64                TIM8_UP_IRQHandler
                0x08002a64                DMA2_Channel2_IRQHandler
                0x08002a64                DMA1_Channel4_IRQHandler
                0x08002a64                TIM20_TRG_COM_IRQHandler
                0x08002a64                USART3_IRQHandler
                0x08002a64                DMA1_Channel7_IRQHandler
                0x08002a64                UART5_IRQHandler
                0x08002a64                ADC3_IRQHandler
                0x08002a64                DMA2_Channel1_IRQHandler
                0x08002a64                QUADSPI_IRQHandler
                0x08002a64                I2C1_EV_IRQHandler
                0x08002a64                DMA1_Channel6_IRQHandler
                0x08002a64                UART4_IRQHandler
                0x08002a64                DMA2_Channel4_IRQHandler
                0x08002a64                RCC_IRQHandler
                0x08002a64                TIM20_UP_IRQHandler
                0x08002a64                Default_Handler
                0x08002a64                DMA2_Channel7_IRQHandler
                0x08002a64                RTC_TAMP_LSECSS_IRQHandler
                0x08002a64                FMAC_IRQHandler
                0x08002a64                EXTI15_10_IRQHandler
                0x08002a64                DMA1_Channel8_IRQHandler
                0x08002a64                HRTIM1_TIMA_IRQHandler
                0x08002a64                TIM7_DAC_IRQHandler
                0x08002a64                FDCAN3_IT1_IRQHandler
                0x08002a64                TIM5_IRQHandler
                0x08002a64                UCPD1_IRQHandler
                0x08002a64                I2C3_EV_IRQHandler
                0x08002a64                EXTI9_5_IRQHandler
                0x08002a64                RTC_WKUP_IRQHandler
                0x08002a64                PVD_PVM_IRQHandler
                0x08002a64                SPI2_IRQHandler
                0x08002a64                ADC5_IRQHandler
                0x08002a64                DMA2_Channel5_IRQHandler
                0x08002a64                CRS_IRQHandler
                0x08002a64                DMA1_Channel5_IRQHandler
                0x08002a64                USB_LP_IRQHandler
                0x08002a64                EXTI4_IRQHandler
                0x08002a64                RNG_IRQHandler
                0x08002a64                HRTIM1_TIMB_IRQHandler
                0x08002a64                TIM1_TRG_COM_TIM17_IRQHandler
                0x08002a64                FDCAN2_IT1_IRQHandler
                0x08002a64                ADC4_IRQHandler
                0x08002a64                WWDG_IRQHandler
                0x08002a64                I2C4_EV_IRQHandler
                0x08002a64                FDCAN2_IT0_IRQHandler
                0x08002a64                LPUART1_IRQHandler
                0x08002a64                DMA2_Channel6_IRQHandler
                0x08002a64                FDCAN1_IT0_IRQHandler
                0x08002a64                COMP7_IRQHandler
                0x08002a64                COMP1_2_3_IRQHandler
                0x08002a64                EXTI1_IRQHandler
                0x08002a64                USART2_IRQHandler
                0x08002a64                COMP4_5_6_IRQHandler
                0x08002a64                TIM20_BRK_IRQHandler
                0x08002a64                I2C2_ER_IRQHandler
                0x08002a64                TIM8_BRK_IRQHandler
                0x08002a64                FLASH_IRQHandler
                0x08002a64                TIM20_CC_IRQHandler
                0x08002a64                SPI3_IRQHandler
                0x08002a64                I2C1_ER_IRQHandler
                0x08002a64                FMC_IRQHandler
                0x08002a64                LPTIM1_IRQHandler
                0x08002a64                DMAMUX_OVR_IRQHandler
                0x08002a64                I2C4_ER_IRQHandler
                0x08002a64                USBWakeUp_IRQHandler
                0x08002a64                SAI1_IRQHandler
                0x08002a64                DMA2_Channel3_IRQHandler
                0x08002a64                TIM1_BRK_TIM15_IRQHandler
 .text.HAL_Init
                0x08002a66       0x30 Drivers\STM32G4xx_HAL_Driver\Src\stm32g4xx_hal.o
                0x08002a66                HAL_Init
 *fill*         0x08002a96        0x2 
 .text.HAL_InitTick
                0x08002a98       0x74 Drivers\STM32G4xx_HAL_Driver\Src\stm32g4xx_hal.o
                0x08002a98                HAL_InitTick
 .text.HAL_IncTick
                0x08002b0c       0x24 Drivers\STM32G4xx_HAL_Driver\Src\stm32g4xx_hal.o
                0x08002b0c                HAL_IncTick
 .text.HAL_GetTick
                0x08002b30       0x18 Drivers\STM32G4xx_HAL_Driver\Src\stm32g4xx_hal.o
                0x08002b30                HAL_GetTick
 .text.HAL_Delay
                0x08002b48       0x44 Drivers\STM32G4xx_HAL_Driver\Src\stm32g4xx_hal.o
                0x08002b48                HAL_Delay
 .text.LL_ADC_SetCommonClock
                0x08002b8c       0x26 Drivers\STM32G4xx_HAL_Driver\Src\stm32g4xx_hal_adc.o
 .text.LL_ADC_SetCommonPathInternalCh
                0x08002bb2       0x26 Drivers\STM32G4xx_HAL_Driver\Src\stm32g4xx_hal_adc.o
 .text.LL_ADC_GetCommonPathInternalCh
                0x08002bd8       0x1c Drivers\STM32G4xx_HAL_Driver\Src\stm32g4xx_hal_adc.o
 .text.LL_ADC_SetOffset
                0x08002bf4       0x48 Drivers\STM32G4xx_HAL_Driver\Src\stm32g4xx_hal_adc.o
 .text.LL_ADC_GetOffsetChannel
                0x08002c3c       0x2c Drivers\STM32G4xx_HAL_Driver\Src\stm32g4xx_hal_adc.o
 .text.LL_ADC_SetOffsetState
                0x08002c68       0x36 Drivers\STM32G4xx_HAL_Driver\Src\stm32g4xx_hal_adc.o
 .text.LL_ADC_SetOffsetSign
                0x08002c9e       0x36 Drivers\STM32G4xx_HAL_Driver\Src\stm32g4xx_hal_adc.o
 .text.LL_ADC_SetOffsetSaturation
                0x08002cd4       0x36 Drivers\STM32G4xx_HAL_Driver\Src\stm32g4xx_hal_adc.o
 .text.LL_ADC_SetSamplingTimeCommonConfig
                0x08002d0a       0x26 Drivers\STM32G4xx_HAL_Driver\Src\stm32g4xx_hal_adc.o
 .text.LL_ADC_REG_IsTriggerSourceSWStart
                0x08002d30       0x26 Drivers\STM32G4xx_HAL_Driver\Src\stm32g4xx_hal_adc.o
 .text.LL_ADC_REG_SetSequencerRanks
                0x08002d56       0x58 Drivers\STM32G4xx_HAL_Driver\Src\stm32g4xx_hal_adc.o
 .text.LL_ADC_SetChannelSamplingTime
                0x08002dae       0x56 Drivers\STM32G4xx_HAL_Driver\Src\stm32g4xx_hal_adc.o
 .text.LL_ADC_SetChannelSingleDiff
                0x08002e04       0x48 Drivers\STM32G4xx_HAL_Driver\Src\stm32g4xx_hal_adc.o
 .text.LL_ADC_GetMultimode
                0x08002e4c       0x1c Drivers\STM32G4xx_HAL_Driver\Src\stm32g4xx_hal_adc.o
 .text.LL_ADC_DisableDeepPowerDown
                0x08002e68       0x24 Drivers\STM32G4xx_HAL_Driver\Src\stm32g4xx_hal_adc.o
 .text.LL_ADC_IsDeepPowerDownEnabled
                0x08002e8c       0x28 Drivers\STM32G4xx_HAL_Driver\Src\stm32g4xx_hal_adc.o
 .text.LL_ADC_EnableInternalRegulator
                0x08002eb4       0x28 Drivers\STM32G4xx_HAL_Driver\Src\stm32g4xx_hal_adc.o
 .text.LL_ADC_IsInternalRegulatorEnabled
                0x08002edc       0x28 Drivers\STM32G4xx_HAL_Driver\Src\stm32g4xx_hal_adc.o
 .text.LL_ADC_Enable
                0x08002f04       0x28 Drivers\STM32G4xx_HAL_Driver\Src\stm32g4xx_hal_adc.o
 .text.LL_ADC_Disable
                0x08002f2c       0x28 Drivers\STM32G4xx_HAL_Driver\Src\stm32g4xx_hal_adc.o
 .text.LL_ADC_IsEnabled
                0x08002f54       0x26 Drivers\STM32G4xx_HAL_Driver\Src\stm32g4xx_hal_adc.o
 .text.LL_ADC_IsDisableOngoing
                0x08002f7a       0x26 Drivers\STM32G4xx_HAL_Driver\Src\stm32g4xx_hal_adc.o
 .text.LL_ADC_REG_StartConversion
                0x08002fa0       0x28 Drivers\STM32G4xx_HAL_Driver\Src\stm32g4xx_hal_adc.o
 .text.LL_ADC_REG_IsConversionOngoing
                0x08002fc8       0x26 Drivers\STM32G4xx_HAL_Driver\Src\stm32g4xx_hal_adc.o
 .text.LL_ADC_INJ_IsConversionOngoing
                0x08002fee       0x26 Drivers\STM32G4xx_HAL_Driver\Src\stm32g4xx_hal_adc.o
 .text.HAL_ADC_Init
                0x08003014      0x378 Drivers\STM32G4xx_HAL_Driver\Src\stm32g4xx_hal_adc.o
                0x08003014                HAL_ADC_Init
 .text.HAL_ADC_Start
                0x0800338c      0x1c8 Drivers\STM32G4xx_HAL_Driver\Src\stm32g4xx_hal_adc.o
                0x0800338c                HAL_ADC_Start
 .text.HAL_ADC_Start_DMA
                0x08003554      0x1a8 Drivers\STM32G4xx_HAL_Driver\Src\stm32g4xx_hal_adc.o
                0x08003554                HAL_ADC_Start_DMA
 .text.HAL_ADC_GetValue
                0x080036fc       0x1a Drivers\STM32G4xx_HAL_Driver\Src\stm32g4xx_hal_adc.o
                0x080036fc                HAL_ADC_GetValue
 .text.HAL_ADC_ConvCpltCallback
                0x08003716       0x14 Drivers\STM32G4xx_HAL_Driver\Src\stm32g4xx_hal_adc.o
                0x08003716                HAL_ADC_ConvCpltCallback
 .text.HAL_ADC_ConvHalfCpltCallback
                0x0800372a       0x14 Drivers\STM32G4xx_HAL_Driver\Src\stm32g4xx_hal_adc.o
                0x0800372a                HAL_ADC_ConvHalfCpltCallback
 .text.HAL_ADC_ErrorCallback
                0x0800373e       0x14 Drivers\STM32G4xx_HAL_Driver\Src\stm32g4xx_hal_adc.o
                0x0800373e                HAL_ADC_ErrorCallback
 *fill*         0x08003752        0x2 
 .text.HAL_ADC_ConfigChannel
                0x08003754      0x880 Drivers\STM32G4xx_HAL_Driver\Src\stm32g4xx_hal_adc.o
                0x08003754                HAL_ADC_ConfigChannel
 .text.ADC_Enable
                0x08003fd4      0x12c Drivers\STM32G4xx_HAL_Driver\Src\stm32g4xx_hal_adc.o
                0x08003fd4                ADC_Enable
 .text.ADC_Disable
                0x08004100       0xbe Drivers\STM32G4xx_HAL_Driver\Src\stm32g4xx_hal_adc.o
                0x08004100                ADC_Disable
 .text.ADC_DMAConvCplt
                0x080041be       0xd8 Drivers\STM32G4xx_HAL_Driver\Src\stm32g4xx_hal_adc.o
                0x080041be                ADC_DMAConvCplt
 .text.ADC_DMAHalfConvCplt
                0x08004296       0x1c Drivers\STM32G4xx_HAL_Driver\Src\stm32g4xx_hal_adc.o
                0x08004296                ADC_DMAHalfConvCplt
 .text.ADC_DMAError
                0x080042b2       0x34 Drivers\STM32G4xx_HAL_Driver\Src\stm32g4xx_hal_adc.o
                0x080042b2                ADC_DMAError
 .text.LL_ADC_IsEnabled
                0x080042e6       0x26 Drivers\STM32G4xx_HAL_Driver\Src\stm32g4xx_hal_adc_ex.o
 .text.LL_ADC_StartCalibration
                0x0800430c       0x32 Drivers\STM32G4xx_HAL_Driver\Src\stm32g4xx_hal_adc_ex.o
 .text.LL_ADC_IsCalibrationOnGoing
                0x0800433e       0x28 Drivers\STM32G4xx_HAL_Driver\Src\stm32g4xx_hal_adc_ex.o
 .text.LL_ADC_REG_IsConversionOngoing
                0x08004366       0x26 Drivers\STM32G4xx_HAL_Driver\Src\stm32g4xx_hal_adc_ex.o
 .text.HAL_ADCEx_Calibration_Start
                0x0800438c       0xc4 Drivers\STM32G4xx_HAL_Driver\Src\stm32g4xx_hal_adc_ex.o
                0x0800438c                HAL_ADCEx_Calibration_Start
 .text.HAL_ADCEx_MultiModeConfigChannel
                0x08004450      0x210 Drivers\STM32G4xx_HAL_Driver\Src\stm32g4xx_hal_adc_ex.o
                0x08004450                HAL_ADCEx_MultiModeConfigChannel
 .text.__NVIC_SetPriorityGrouping
                0x08004660       0x48 Drivers\STM32G4xx_HAL_Driver\Src\stm32g4xx_hal_cortex.o
 .text.__NVIC_GetPriorityGrouping
                0x080046a8       0x1c Drivers\STM32G4xx_HAL_Driver\Src\stm32g4xx_hal_cortex.o
 .text.__NVIC_EnableIRQ
                0x080046c4       0x3c Drivers\STM32G4xx_HAL_Driver\Src\stm32g4xx_hal_cortex.o
 .text.__NVIC_SetPriority
                0x08004700       0x54 Drivers\STM32G4xx_HAL_Driver\Src\stm32g4xx_hal_cortex.o
 .text.NVIC_EncodePriority
                0x08004754       0x66 Drivers\STM32G4xx_HAL_Driver\Src\stm32g4xx_hal_cortex.o
 *fill*         0x080047ba        0x2 
 .text.SysTick_Config
                0x080047bc       0x44 Drivers\STM32G4xx_HAL_Driver\Src\stm32g4xx_hal_cortex.o
 .text.HAL_NVIC_SetPriorityGrouping
                0x08004800       0x16 Drivers\STM32G4xx_HAL_Driver\Src\stm32g4xx_hal_cortex.o
                0x08004800                HAL_NVIC_SetPriorityGrouping
 .text.HAL_NVIC_SetPriority
                0x08004816       0x34 Drivers\STM32G4xx_HAL_Driver\Src\stm32g4xx_hal_cortex.o
                0x08004816                HAL_NVIC_SetPriority
 .text.HAL_NVIC_EnableIRQ
                0x0800484a       0x1c Drivers\STM32G4xx_HAL_Driver\Src\stm32g4xx_hal_cortex.o
                0x0800484a                HAL_NVIC_EnableIRQ
 .text.HAL_SYSTICK_Config
                0x08004866       0x18 Drivers\STM32G4xx_HAL_Driver\Src\stm32g4xx_hal_cortex.o
                0x08004866                HAL_SYSTICK_Config
 *fill*         0x0800487e        0x2 
 .text.HAL_DMA_Init
                0x08004880      0x150 Drivers\STM32G4xx_HAL_Driver\Src\stm32g4xx_hal_dma.o
                0x08004880                HAL_DMA_Init
 .text.HAL_DMA_Start_IT
                0x080049d0       0xf6 Drivers\STM32G4xx_HAL_Driver\Src\stm32g4xx_hal_dma.o
                0x080049d0                HAL_DMA_Start_IT
 .text.HAL_DMA_Abort
                0x08004ac6       0xb2 Drivers\STM32G4xx_HAL_Driver\Src\stm32g4xx_hal_dma.o
                0x08004ac6                HAL_DMA_Abort
 .text.HAL_DMA_Abort_IT
                0x08004b78       0xce Drivers\STM32G4xx_HAL_Driver\Src\stm32g4xx_hal_dma.o
                0x08004b78                HAL_DMA_Abort_IT
 .text.HAL_DMA_IRQHandler
                0x08004c46      0x15e Drivers\STM32G4xx_HAL_Driver\Src\stm32g4xx_hal_dma.o
                0x08004c46                HAL_DMA_IRQHandler
 .text.DMA_SetConfig
                0x08004da4       0x7c Drivers\STM32G4xx_HAL_Driver\Src\stm32g4xx_hal_dma.o
 .text.DMA_CalcDMAMUXChannelBaseAndMask
                0x08004e20       0x7c Drivers\STM32G4xx_HAL_Driver\Src\stm32g4xx_hal_dma.o
 .text.DMA_CalcDMAMUXRequestGenBaseAndMask
                0x08004e9c       0x48 Drivers\STM32G4xx_HAL_Driver\Src\stm32g4xx_hal_dma.o
 .text.HAL_GPIO_Init
                0x08004ee4      0x304 Drivers\STM32G4xx_HAL_Driver\Src\stm32g4xx_hal_gpio.o
                0x08004ee4                HAL_GPIO_Init
 .text.HAL_GPIO_ReadPin
                0x080051e8       0x30 Drivers\STM32G4xx_HAL_Driver\Src\stm32g4xx_hal_gpio.o
                0x080051e8                HAL_GPIO_ReadPin
 .text.HAL_GPIO_WritePin
                0x08005218       0x30 Drivers\STM32G4xx_HAL_Driver\Src\stm32g4xx_hal_gpio.o
                0x08005218                HAL_GPIO_WritePin
 .text.HAL_GPIO_TogglePin
                0x08005248       0x34 Drivers\STM32G4xx_HAL_Driver\Src\stm32g4xx_hal_gpio.o
                0x08005248                HAL_GPIO_TogglePin
 .text.HAL_HRTIM_Init
                0x0800527c      0x1a0 Drivers\STM32G4xx_HAL_Driver\Src\stm32g4xx_hal_hrtim.o
                0x0800527c                HAL_HRTIM_Init
 .text.HAL_HRTIM_DLLCalibrationStart
                0x0800541c       0xb0 Drivers\STM32G4xx_HAL_Driver\Src\stm32g4xx_hal_hrtim.o
                0x0800541c                HAL_HRTIM_DLLCalibrationStart
 .text.HAL_HRTIM_PollForDLLCalibration
                0x080054cc       0x68 Drivers\STM32G4xx_HAL_Driver\Src\stm32g4xx_hal_hrtim.o
                0x080054cc                HAL_HRTIM_PollForDLLCalibration
 .text.HAL_HRTIM_TimeBaseConfig
                0x08005534       0x50 Drivers\STM32G4xx_HAL_Driver\Src\stm32g4xx_hal_hrtim.o
                0x08005534                HAL_HRTIM_TimeBaseConfig
 .text.HAL_HRTIM_ADCTriggerConfig
                0x08005584      0x3d8 Drivers\STM32G4xx_HAL_Driver\Src\stm32g4xx_hal_hrtim.o
                0x08005584                HAL_HRTIM_ADCTriggerConfig
 .text.HAL_HRTIM_ADCPostScalerConfig
                0x0800595c      0x294 Drivers\STM32G4xx_HAL_Driver\Src\stm32g4xx_hal_hrtim.o
                0x0800595c                HAL_HRTIM_ADCPostScalerConfig
 .text.HAL_HRTIM_WaveformTimerConfig
                0x08005bf0      0x11a Drivers\STM32G4xx_HAL_Driver\Src\stm32g4xx_hal_hrtim.o
                0x08005bf0                HAL_HRTIM_WaveformTimerConfig
 .text.HAL_HRTIM_WaveformTimerControl
                0x08005d0a       0x66 Drivers\STM32G4xx_HAL_Driver\Src\stm32g4xx_hal_hrtim.o
                0x08005d0a                HAL_HRTIM_WaveformTimerControl
 .text.HAL_HRTIM_DeadTimeConfig
                0x08005d70      0x100 Drivers\STM32G4xx_HAL_Driver\Src\stm32g4xx_hal_hrtim.o
                0x08005d70                HAL_HRTIM_DeadTimeConfig
 .text.HAL_HRTIM_WaveformCompareConfig
                0x08005e70      0x2dc Drivers\STM32G4xx_HAL_Driver\Src\stm32g4xx_hal_hrtim.o
                0x08005e70                HAL_HRTIM_WaveformCompareConfig
 .text.HAL_HRTIM_WaveformOutputConfig
                0x0800614c       0x62 Drivers\STM32G4xx_HAL_Driver\Src\stm32g4xx_hal_hrtim.o
                0x0800614c                HAL_HRTIM_WaveformOutputConfig
 .text.HAL_HRTIM_WaveformCountStart
                0x080061ae       0x56 Drivers\STM32G4xx_HAL_Driver\Src\stm32g4xx_hal_hrtim.o
                0x080061ae                HAL_HRTIM_WaveformCountStart
 .text.HAL_HRTIM_IRQHandler
                0x08006204       0x36 Drivers\STM32G4xx_HAL_Driver\Src\stm32g4xx_hal_hrtim.o
                0x08006204                HAL_HRTIM_IRQHandler
 .text.HAL_HRTIM_Fault1Callback
                0x0800623a       0x14 Drivers\STM32G4xx_HAL_Driver\Src\stm32g4xx_hal_hrtim.o
                0x0800623a                HAL_HRTIM_Fault1Callback
 .text.HAL_HRTIM_Fault2Callback
                0x0800624e       0x14 Drivers\STM32G4xx_HAL_Driver\Src\stm32g4xx_hal_hrtim.o
                0x0800624e                HAL_HRTIM_Fault2Callback
 .text.HAL_HRTIM_Fault3Callback
                0x08006262       0x14 Drivers\STM32G4xx_HAL_Driver\Src\stm32g4xx_hal_hrtim.o
                0x08006262                HAL_HRTIM_Fault3Callback
 .text.HAL_HRTIM_Fault4Callback
                0x08006276       0x14 Drivers\STM32G4xx_HAL_Driver\Src\stm32g4xx_hal_hrtim.o
                0x08006276                HAL_HRTIM_Fault4Callback
 .text.HAL_HRTIM_Fault5Callback
                0x0800628a       0x14 Drivers\STM32G4xx_HAL_Driver\Src\stm32g4xx_hal_hrtim.o
                0x0800628a                HAL_HRTIM_Fault5Callback
 .text.HAL_HRTIM_Fault6Callback
                0x0800629e       0x14 Drivers\STM32G4xx_HAL_Driver\Src\stm32g4xx_hal_hrtim.o
                0x0800629e                HAL_HRTIM_Fault6Callback
 .text.HAL_HRTIM_SystemFaultCallback
                0x080062b2       0x14 Drivers\STM32G4xx_HAL_Driver\Src\stm32g4xx_hal_hrtim.o
                0x080062b2                HAL_HRTIM_SystemFaultCallback
 .text.HAL_HRTIM_DLLCalibrationReadyCallback
                0x080062c6       0x14 Drivers\STM32G4xx_HAL_Driver\Src\stm32g4xx_hal_hrtim.o
                0x080062c6                HAL_HRTIM_DLLCalibrationReadyCallback
 .text.HAL_HRTIM_BurstModePeriodCallback
                0x080062da       0x14 Drivers\STM32G4xx_HAL_Driver\Src\stm32g4xx_hal_hrtim.o
                0x080062da                HAL_HRTIM_BurstModePeriodCallback
 .text.HAL_HRTIM_SynchronizationEventCallback
                0x080062ee       0x14 Drivers\STM32G4xx_HAL_Driver\Src\stm32g4xx_hal_hrtim.o
                0x080062ee                HAL_HRTIM_SynchronizationEventCallback
 .text.HAL_HRTIM_RegistersUpdateCallback
                0x08006302       0x16 Drivers\STM32G4xx_HAL_Driver\Src\stm32g4xx_hal_hrtim.o
                0x08006302                HAL_HRTIM_RegistersUpdateCallback
 .text.HAL_HRTIM_RepetitionEventCallback
                0x08006318       0x16 Drivers\STM32G4xx_HAL_Driver\Src\stm32g4xx_hal_hrtim.o
                0x08006318                HAL_HRTIM_RepetitionEventCallback
 .text.HAL_HRTIM_Compare1EventCallback
                0x0800632e       0x16 Drivers\STM32G4xx_HAL_Driver\Src\stm32g4xx_hal_hrtim.o
                0x0800632e                HAL_HRTIM_Compare1EventCallback
 .text.HAL_HRTIM_Compare2EventCallback
                0x08006344       0x16 Drivers\STM32G4xx_HAL_Driver\Src\stm32g4xx_hal_hrtim.o
                0x08006344                HAL_HRTIM_Compare2EventCallback
 .text.HAL_HRTIM_Compare3EventCallback
                0x0800635a       0x16 Drivers\STM32G4xx_HAL_Driver\Src\stm32g4xx_hal_hrtim.o
                0x0800635a                HAL_HRTIM_Compare3EventCallback
 .text.HAL_HRTIM_Compare4EventCallback
                0x08006370       0x16 Drivers\STM32G4xx_HAL_Driver\Src\stm32g4xx_hal_hrtim.o
                0x08006370                HAL_HRTIM_Compare4EventCallback
 .text.HAL_HRTIM_Capture1EventCallback
                0x08006386       0x16 Drivers\STM32G4xx_HAL_Driver\Src\stm32g4xx_hal_hrtim.o
                0x08006386                HAL_HRTIM_Capture1EventCallback
 .text.HAL_HRTIM_Capture2EventCallback
                0x0800639c       0x16 Drivers\STM32G4xx_HAL_Driver\Src\stm32g4xx_hal_hrtim.o
                0x0800639c                HAL_HRTIM_Capture2EventCallback
 .text.HAL_HRTIM_DelayedProtectionCallback
                0x080063b2       0x16 Drivers\STM32G4xx_HAL_Driver\Src\stm32g4xx_hal_hrtim.o
                0x080063b2                HAL_HRTIM_DelayedProtectionCallback
 .text.HAL_HRTIM_CounterResetCallback
                0x080063c8       0x16 Drivers\STM32G4xx_HAL_Driver\Src\stm32g4xx_hal_hrtim.o
                0x080063c8                HAL_HRTIM_CounterResetCallback
 .text.HAL_HRTIM_Output1SetCallback
                0x080063de       0x16 Drivers\STM32G4xx_HAL_Driver\Src\stm32g4xx_hal_hrtim.o
                0x080063de                HAL_HRTIM_Output1SetCallback
 .text.HAL_HRTIM_Output1ResetCallback
                0x080063f4       0x16 Drivers\STM32G4xx_HAL_Driver\Src\stm32g4xx_hal_hrtim.o
                0x080063f4                HAL_HRTIM_Output1ResetCallback
 .text.HAL_HRTIM_Output2SetCallback
                0x0800640a       0x16 Drivers\STM32G4xx_HAL_Driver\Src\stm32g4xx_hal_hrtim.o
                0x0800640a                HAL_HRTIM_Output2SetCallback
 .text.HAL_HRTIM_Output2ResetCallback
                0x08006420       0x16 Drivers\STM32G4xx_HAL_Driver\Src\stm32g4xx_hal_hrtim.o
                0x08006420                HAL_HRTIM_Output2ResetCallback
 .text.HRTIM_MasterBase_Config
                0x08006436       0x5e Drivers\STM32G4xx_HAL_Driver\Src\stm32g4xx_hal_hrtim.o
 .text.HRTIM_TimingUnitBase_Config
                0x08006494       0x80 Drivers\STM32G4xx_HAL_Driver\Src\stm32g4xx_hal_hrtim.o
 .text.HRTIM_MasterWaveform_Config
                0x08006514      0x13a Drivers\STM32G4xx_HAL_Driver\Src\stm32g4xx_hal_hrtim.o
 *fill*         0x0800664e        0x2 
 .text.HRTIM_TimingUnitWaveform_Config
                0x08006650      0x30c Drivers\STM32G4xx_HAL_Driver\Src\stm32g4xx_hal_hrtim.o
 .text.HRTIM_TimingUnitWaveform_Control
                0x0800695c       0xc0 Drivers\STM32G4xx_HAL_Driver\Src\stm32g4xx_hal_hrtim.o
 .text.HRTIM_OutputConfig
                0x08006a1c      0x1d0 Drivers\STM32G4xx_HAL_Driver\Src\stm32g4xx_hal_hrtim.o
 .text.HRTIM_ForceRegistersUpdate
                0x08006bec       0xdc Drivers\STM32G4xx_HAL_Driver\Src\stm32g4xx_hal_hrtim.o
 .text.HRTIM_HRTIM_ISR
                0x08006cc8      0x120 Drivers\STM32G4xx_HAL_Driver\Src\stm32g4xx_hal_hrtim.o
 .text.HRTIM_Master_ISR
                0x08006de8      0x18a Drivers\STM32G4xx_HAL_Driver\Src\stm32g4xx_hal_hrtim.o
 .text.HRTIM_Timer_ISR
                0x08006f72      0x2aa Drivers\STM32G4xx_HAL_Driver\Src\stm32g4xx_hal_hrtim.o
 .text.HAL_I2C_Init
                0x0800721c      0x136 Drivers\STM32G4xx_HAL_Driver\Src\stm32g4xx_hal_i2c.o
                0x0800721c                HAL_I2C_Init
 *fill*         0x08007352        0x2 
 .text.HAL_I2C_Master_Transmit
                0x08007354      0x230 Drivers\STM32G4xx_HAL_Driver\Src\stm32g4xx_hal_i2c.o
                0x08007354                HAL_I2C_Master_Transmit
 .text.I2C_Flush_TXDR
                0x08007584       0x48 Drivers\STM32G4xx_HAL_Driver\Src\stm32g4xx_hal_i2c.o
 .text.I2C_WaitOnFlagUntilTimeout
                0x080075cc       0xb2 Drivers\STM32G4xx_HAL_Driver\Src\stm32g4xx_hal_i2c.o
 .text.I2C_WaitOnTXISFlagUntilTimeout
                0x0800767e       0x8e Drivers\STM32G4xx_HAL_Driver\Src\stm32g4xx_hal_i2c.o
 .text.I2C_WaitOnSTOPFlagUntilTimeout
                0x0800770c       0x86 Drivers\STM32G4xx_HAL_Driver\Src\stm32g4xx_hal_i2c.o
 *fill*         0x08007792        0x2 
 .text.I2C_IsErrorOccurred
                0x08007794      0x1c0 Drivers\STM32G4xx_HAL_Driver\Src\stm32g4xx_hal_i2c.o
 .text.I2C_TransferConfig
                0x08007954       0x64 Drivers\STM32G4xx_HAL_Driver\Src\stm32g4xx_hal_i2c.o
 .text.HAL_I2CEx_ConfigAnalogFilter
                0x080079b8       0x96 Drivers\STM32G4xx_HAL_Driver\Src\stm32g4xx_hal_i2c_ex.o
                0x080079b8                HAL_I2CEx_ConfigAnalogFilter
 .text.HAL_I2CEx_ConfigDigitalFilter
                0x08007a4e       0x98 Drivers\STM32G4xx_HAL_Driver\Src\stm32g4xx_hal_i2c_ex.o
                0x08007a4e                HAL_I2CEx_ConfigDigitalFilter
 *fill*         0x08007ae6        0x2 
 .text.HAL_I2CEx_EnableFastModePlus
                0x08007ae8       0x40 Drivers\STM32G4xx_HAL_Driver\Src\stm32g4xx_hal_i2c_ex.o
                0x08007ae8                HAL_I2CEx_EnableFastModePlus
 .text.HAL_IWDG_Init
                0x08007b28       0x9e Drivers\STM32G4xx_HAL_Driver\Src\stm32g4xx_hal_iwdg.o
                0x08007b28                HAL_IWDG_Init
 .text.HAL_IWDG_Refresh
                0x08007bc6       0x20 Drivers\STM32G4xx_HAL_Driver\Src\stm32g4xx_hal_iwdg.o
                0x08007bc6                HAL_IWDG_Refresh
 *fill*         0x08007be6        0x2 
 .text.HAL_PWREx_ControlVoltageScaling
                0x08007be8      0x148 Drivers\STM32G4xx_HAL_Driver\Src\stm32g4xx_hal_pwr_ex.o
                0x08007be8                HAL_PWREx_ControlVoltageScaling
 .text.HAL_PWREx_DisableUCPDDeadBattery
                0x08007d30       0x20 Drivers\STM32G4xx_HAL_Driver\Src\stm32g4xx_hal_pwr_ex.o
                0x08007d30                HAL_PWREx_DisableUCPDDeadBattery
 .text.HAL_RCC_OscConfig
                0x08007d50      0x624 Drivers\STM32G4xx_HAL_Driver\Src\stm32g4xx_hal_rcc.o
                0x08007d50                HAL_RCC_OscConfig
 .text.HAL_RCC_ClockConfig
                0x08008374      0x278 Drivers\STM32G4xx_HAL_Driver\Src\stm32g4xx_hal_rcc.o
                0x08008374                HAL_RCC_ClockConfig
 .text.HAL_RCC_GetSysClockFreq
                0x080085ec       0xc4 Drivers\STM32G4xx_HAL_Driver\Src\stm32g4xx_hal_rcc.o
                0x080085ec                HAL_RCC_GetSysClockFreq
 .text.HAL_RCC_GetHCLKFreq
                0x080086b0       0x18 Drivers\STM32G4xx_HAL_Driver\Src\stm32g4xx_hal_rcc.o
                0x080086b0                HAL_RCC_GetHCLKFreq
 .text.HAL_RCC_GetPCLK1Freq
                0x080086c8       0x2c Drivers\STM32G4xx_HAL_Driver\Src\stm32g4xx_hal_rcc.o
                0x080086c8                HAL_RCC_GetPCLK1Freq
 .text.HAL_RCC_GetPCLK2Freq
                0x080086f4       0x2c Drivers\STM32G4xx_HAL_Driver\Src\stm32g4xx_hal_rcc.o
                0x080086f4                HAL_RCC_GetPCLK2Freq
 .text.HAL_RCC_EnableCSS
                0x08008720       0x20 Drivers\STM32G4xx_HAL_Driver\Src\stm32g4xx_hal_rcc.o
                0x08008720                HAL_RCC_EnableCSS
 .text.HAL_RCC_NMI_IRQHandler
                0x08008740       0x28 Drivers\STM32G4xx_HAL_Driver\Src\stm32g4xx_hal_rcc.o
                0x08008740                HAL_RCC_NMI_IRQHandler
 .text.HAL_RCC_CSSCallback
                0x08008768        0xe Drivers\STM32G4xx_HAL_Driver\Src\stm32g4xx_hal_rcc.o
                0x08008768                HAL_RCC_CSSCallback
 *fill*         0x08008776        0x2 
 .text.RCC_GetSysClockFreqFromPLLSource
                0x08008778       0x8c Drivers\STM32G4xx_HAL_Driver\Src\stm32g4xx_hal_rcc.o
 .text.HAL_RCCEx_PeriphCLKConfig
                0x08008804      0x49c Drivers\STM32G4xx_HAL_Driver\Src\stm32g4xx_hal_rcc_ex.o
                0x08008804                HAL_RCCEx_PeriphCLKConfig
 .text.HAL_SPI_Init
                0x08008ca0      0x156 Drivers\STM32G4xx_HAL_Driver\Src\stm32g4xx_hal_spi.o
                0x08008ca0                HAL_SPI_Init
 .text.HAL_TIM_Base_Init
                0x08008df6       0xae Drivers\STM32G4xx_HAL_Driver\Src\stm32g4xx_hal_tim.o
                0x08008df6                HAL_TIM_Base_Init
 .text.HAL_TIM_Base_Start_IT
                0x08008ea4       0xf0 Drivers\STM32G4xx_HAL_Driver\Src\stm32g4xx_hal_tim.o
                0x08008ea4                HAL_TIM_Base_Start_IT
 .text.HAL_TIM_PWM_Init
                0x08008f94       0xae Drivers\STM32G4xx_HAL_Driver\Src\stm32g4xx_hal_tim.o
                0x08008f94                HAL_TIM_PWM_Init
 .text.HAL_TIM_PWM_MspInit
                0x08009042       0x14 Drivers\STM32G4xx_HAL_Driver\Src\stm32g4xx_hal_tim.o
                0x08009042                HAL_TIM_PWM_MspInit
 .text.HAL_TIM_Encoder_Init
                0x08009056      0x14c Drivers\STM32G4xx_HAL_Driver\Src\stm32g4xx_hal_tim.o
                0x08009056                HAL_TIM_Encoder_Init
 .text.HAL_TIM_Encoder_Start
                0x080091a2      0x11c Drivers\STM32G4xx_HAL_Driver\Src\stm32g4xx_hal_tim.o
                0x080091a2                HAL_TIM_Encoder_Start
 .text.HAL_TIM_IRQHandler
                0x080092be      0x29e Drivers\STM32G4xx_HAL_Driver\Src\stm32g4xx_hal_tim.o
                0x080092be                HAL_TIM_IRQHandler
 .text.HAL_TIM_PWM_ConfigChannel
                0x0800955c      0x228 Drivers\STM32G4xx_HAL_Driver\Src\stm32g4xx_hal_tim.o
                0x0800955c                HAL_TIM_PWM_ConfigChannel
 .text.HAL_TIM_ConfigClockSource
                0x08009784      0x22c Drivers\STM32G4xx_HAL_Driver\Src\stm32g4xx_hal_tim.o
                0x08009784                HAL_TIM_ConfigClockSource
 .text.HAL_TIM_OC_DelayElapsedCallback
                0x080099b0       0x14 Drivers\STM32G4xx_HAL_Driver\Src\stm32g4xx_hal_tim.o
                0x080099b0                HAL_TIM_OC_DelayElapsedCallback
 .text.HAL_TIM_IC_CaptureCallback
                0x080099c4       0x14 Drivers\STM32G4xx_HAL_Driver\Src\stm32g4xx_hal_tim.o
                0x080099c4                HAL_TIM_IC_CaptureCallback
 .text.HAL_TIM_PWM_PulseFinishedCallback
                0x080099d8       0x14 Drivers\STM32G4xx_HAL_Driver\Src\stm32g4xx_hal_tim.o
                0x080099d8                HAL_TIM_PWM_PulseFinishedCallback
 .text.HAL_TIM_TriggerCallback
                0x080099ec       0x14 Drivers\STM32G4xx_HAL_Driver\Src\stm32g4xx_hal_tim.o
                0x080099ec                HAL_TIM_TriggerCallback
 .text.TIM_Base_SetConfig
                0x08009a00      0x168 Drivers\STM32G4xx_HAL_Driver\Src\stm32g4xx_hal_tim.o
                0x08009a00                TIM_Base_SetConfig
 .text.TIM_OC1_SetConfig
                0x08009b68      0x134 Drivers\STM32G4xx_HAL_Driver\Src\stm32g4xx_hal_tim.o
 .text.TIM_OC2_SetConfig
                0x08009c9c      0x128 Drivers\STM32G4xx_HAL_Driver\Src\stm32g4xx_hal_tim.o
                0x08009c9c                TIM_OC2_SetConfig
 .text.TIM_OC3_SetConfig
                0x08009dc4      0x124 Drivers\STM32G4xx_HAL_Driver\Src\stm32g4xx_hal_tim.o
 .text.TIM_OC4_SetConfig
                0x08009ee8      0x128 Drivers\STM32G4xx_HAL_Driver\Src\stm32g4xx_hal_tim.o
 .text.TIM_OC5_SetConfig
                0x0800a010       0xd4 Drivers\STM32G4xx_HAL_Driver\Src\stm32g4xx_hal_tim.o
 .text.TIM_OC6_SetConfig
                0x0800a0e4       0xd8 Drivers\STM32G4xx_HAL_Driver\Src\stm32g4xx_hal_tim.o
 .text.TIM_TI1_ConfigInputStage
                0x0800a1bc       0x5e Drivers\STM32G4xx_HAL_Driver\Src\stm32g4xx_hal_tim.o
 .text.TIM_TI2_ConfigInputStage
                0x0800a21a       0x60 Drivers\STM32G4xx_HAL_Driver\Src\stm32g4xx_hal_tim.o
 .text.TIM_ITRx_SetConfig
                0x0800a27a       0x3a Drivers\STM32G4xx_HAL_Driver\Src\stm32g4xx_hal_tim.o
 .text.TIM_ETR_SetConfig
                0x0800a2b4       0x40 Drivers\STM32G4xx_HAL_Driver\Src\stm32g4xx_hal_tim.o
                0x0800a2b4                TIM_ETR_SetConfig
 .text.TIM_CCxChannelCmd
                0x0800a2f4       0x4a Drivers\STM32G4xx_HAL_Driver\Src\stm32g4xx_hal_tim.o
                0x0800a2f4                TIM_CCxChannelCmd
 *fill*         0x0800a33e        0x2 
 .text.HAL_TIMEx_MasterConfigSynchronization
                0x0800a340      0x12c Drivers\STM32G4xx_HAL_Driver\Src\stm32g4xx_hal_tim_ex.o
                0x0800a340                HAL_TIMEx_MasterConfigSynchronization
 .text.HAL_TIMEx_ConfigBreakDeadTime
                0x0800a46c      0x128 Drivers\STM32G4xx_HAL_Driver\Src\stm32g4xx_hal_tim_ex.o
                0x0800a46c                HAL_TIMEx_ConfigBreakDeadTime
 .text.HAL_TIMEx_CommutCallback
                0x0800a594       0x14 Drivers\STM32G4xx_HAL_Driver\Src\stm32g4xx_hal_tim_ex.o
                0x0800a594                HAL_TIMEx_CommutCallback
 .text.HAL_TIMEx_BreakCallback
                0x0800a5a8       0x14 Drivers\STM32G4xx_HAL_Driver\Src\stm32g4xx_hal_tim_ex.o
                0x0800a5a8                HAL_TIMEx_BreakCallback
 .text.HAL_TIMEx_Break2Callback
                0x0800a5bc       0x14 Drivers\STM32G4xx_HAL_Driver\Src\stm32g4xx_hal_tim_ex.o
                0x0800a5bc                HAL_TIMEx_Break2Callback
 .text.HAL_TIMEx_EncoderIndexCallback
                0x0800a5d0       0x14 Drivers\STM32G4xx_HAL_Driver\Src\stm32g4xx_hal_tim_ex.o
                0x0800a5d0                HAL_TIMEx_EncoderIndexCallback
 .text.HAL_TIMEx_DirectionChangeCallback
                0x0800a5e4       0x14 Drivers\STM32G4xx_HAL_Driver\Src\stm32g4xx_hal_tim_ex.o
                0x0800a5e4                HAL_TIMEx_DirectionChangeCallback
 .text.HAL_TIMEx_IndexErrorCallback
                0x0800a5f8       0x14 Drivers\STM32G4xx_HAL_Driver\Src\stm32g4xx_hal_tim_ex.o
                0x0800a5f8                HAL_TIMEx_IndexErrorCallback
 .text.HAL_TIMEx_TransitionErrorCallback
                0x0800a60c       0x14 Drivers\STM32G4xx_HAL_Driver\Src\stm32g4xx_hal_tim_ex.o
                0x0800a60c                HAL_TIMEx_TransitionErrorCallback
 .text.HAL_UART_Init
                0x0800a620       0xa0 Drivers\STM32G4xx_HAL_Driver\Src\stm32g4xx_hal_uart.o
                0x0800a620                HAL_UART_Init
 .text.HAL_UART_IRQHandler
                0x0800a6c0      0x684 Drivers\STM32G4xx_HAL_Driver\Src\stm32g4xx_hal_uart.o
                0x0800a6c0                HAL_UART_IRQHandler
 .text.HAL_UART_TxCpltCallback
                0x0800ad44       0x14 Drivers\STM32G4xx_HAL_Driver\Src\stm32g4xx_hal_uart.o
                0x0800ad44                HAL_UART_TxCpltCallback
 .text.HAL_UART_ErrorCallback
                0x0800ad58       0x14 Drivers\STM32G4xx_HAL_Driver\Src\stm32g4xx_hal_uart.o
                0x0800ad58                HAL_UART_ErrorCallback
 .text.HAL_UARTEx_RxEventCallback
                0x0800ad6c       0x18 Drivers\STM32G4xx_HAL_Driver\Src\stm32g4xx_hal_uart.o
                0x0800ad6c                HAL_UARTEx_RxEventCallback
 .text.UART_SetConfig
                0x0800ad84      0x5f8 Drivers\STM32G4xx_HAL_Driver\Src\stm32g4xx_hal_uart.o
                0x0800ad84                UART_SetConfig
 .text.UART_AdvFeatureConfig
                0x0800b37c      0x144 Drivers\STM32G4xx_HAL_Driver\Src\stm32g4xx_hal_uart.o
                0x0800b37c                UART_AdvFeatureConfig
 .text.UART_CheckIdleState
                0x0800b4c0      0x154 Drivers\STM32G4xx_HAL_Driver\Src\stm32g4xx_hal_uart.o
                0x0800b4c0                UART_CheckIdleState
 .text.UART_WaitOnFlagUntilTimeout
                0x0800b614       0xda Drivers\STM32G4xx_HAL_Driver\Src\stm32g4xx_hal_uart.o
                0x0800b614                UART_WaitOnFlagUntilTimeout
 .text.UART_EndRxTransfer
                0x0800b6ee       0xcc Drivers\STM32G4xx_HAL_Driver\Src\stm32g4xx_hal_uart.o
 .text.UART_DMAAbortOnError
                0x0800b7ba       0x24 Drivers\STM32G4xx_HAL_Driver\Src\stm32g4xx_hal_uart.o
 .text.UART_EndTransmit_IT
                0x0800b7de       0x56 Drivers\STM32G4xx_HAL_Driver\Src\stm32g4xx_hal_uart.o
 .text.HAL_UARTEx_WakeupCallback
                0x0800b834       0x14 Drivers\STM32G4xx_HAL_Driver\Src\stm32g4xx_hal_uart_ex.o
                0x0800b834                HAL_UARTEx_WakeupCallback
 .text.HAL_UARTEx_RxFifoFullCallback
                0x0800b848       0x14 Drivers\STM32G4xx_HAL_Driver\Src\stm32g4xx_hal_uart_ex.o
                0x0800b848                HAL_UARTEx_RxFifoFullCallback
 .text.HAL_UARTEx_TxFifoEmptyCallback
                0x0800b85c       0x14 Drivers\STM32G4xx_HAL_Driver\Src\stm32g4xx_hal_uart_ex.o
                0x0800b85c                HAL_UARTEx_TxFifoEmptyCallback
 .text.HAL_UARTEx_DisableFifoMode
                0x0800b870       0x72 Drivers\STM32G4xx_HAL_Driver\Src\stm32g4xx_hal_uart_ex.o
                0x0800b870                HAL_UARTEx_DisableFifoMode
 .text.HAL_UARTEx_SetTxFifoThreshold
                0x0800b8e2       0x7c Drivers\STM32G4xx_HAL_Driver\Src\stm32g4xx_hal_uart_ex.o
                0x0800b8e2                HAL_UARTEx_SetTxFifoThreshold
 .text.HAL_UARTEx_SetRxFifoThreshold
                0x0800b95e       0x7c Drivers\STM32G4xx_HAL_Driver\Src\stm32g4xx_hal_uart_ex.o
                0x0800b95e                HAL_UARTEx_SetRxFifoThreshold
 *fill*         0x0800b9da        0x2 
 .text.UARTEx_SetNbDataToProcess
                0x0800b9dc       0x9c Drivers\STM32G4xx_HAL_Driver\Src\stm32g4xx_hal_uart_ex.o
 .text.OLED_Send
                0x0800ba78       0x2c MyCore\Src\oled.o
                0x0800ba78                OLED_Send
 .text.OLED_SendCmd
                0x0800baa4       0x24 MyCore\Src\oled.o
                0x0800baa4                OLED_SendCmd
 .text.OLED_Init
                0x0800bac8       0xb8 MyCore\Src\oled.o
                0x0800bac8                OLED_Init
 .text.OLED_NewFrame
                0x0800bb80       0x18 MyCore\Src\oled.o
                0x0800bb80                OLED_NewFrame
 .text.OLED_ShowFrame
                0x0800bb98       0x68 MyCore\Src\oled.o
                0x0800bb98                OLED_ShowFrame
 .text.OLED_SetByte_Fine
                0x0800bc00       0xf8 MyCore\Src\oled.o
                0x0800bc00                OLED_SetByte_Fine
 .text.OLED_SetBits_Fine
                0x0800bcf8       0xbe MyCore\Src\oled.o
                0x0800bcf8                OLED_SetBits_Fine
 .text.OLED_SetBits
                0x0800bdb6       0x82 MyCore\Src\oled.o
                0x0800bdb6                OLED_SetBits
 .text.OLED_SetBlock
                0x0800be38       0xe2 MyCore\Src\oled.o
                0x0800be38                OLED_SetBlock
 .text.OLED_PrintASCIIChar
                0x0800bf1a       0x5e MyCore\Src\oled.o
                0x0800bf1a                OLED_PrintASCIIChar
 .text._OLED_GetUTF8Len
                0x0800bf78       0x54 MyCore\Src\oled.o
                0x0800bf78                _OLED_GetUTF8Len
 .text.OLED_PrintString
                0x0800bfcc      0x14c MyCore\Src\oled.o
                0x0800bfcc                OLED_PrintString
 .text.taskInit
                0x0800c118      0x108 MyCore\Src\task.o
                0x0800c118                taskInit
 .text.taskRun  0x0800c220      0x320 MyCore\Src\task.o
                0x0800c220                taskRun
 .text.oledPlay
                0x0800c540      0x430 MyCore\Src\task.o
                0x0800c540                oledPlay
 .text.key      0x0800c970       0x6e MyCore\Src\task.o
                0x0800c970                key
 *fill*         0x0800c9de        0x2 
 .text.keyListening
                0x0800c9e0       0xd8 MyCore\Src\task.o
                0x0800c9e0                keyListening
 .text.getADCresult
                0x0800cab8      0x1d0 MyCore\Src\task.o
                0x0800cab8                getADCresult
 .text.__cvt    0x0800cc88       0xca D:/Study/STM32CubeIDE_1.19.0/STM32CubeIDE/plugins/com.st.stm32cube.ide.mcu.externaltools.gnu-tools-for-stm32.13.3.rel1.win32_1.0.0.202411081344/tools/bin/../lib/gcc/arm-none-eabi/13.3.1/../../../../arm-none-eabi/lib/thumb/v7e-m+fp/hard\libc_nano.a(libc_a-nano-vfprintf_float.o)
                0x0800cc88                __cvt
 .text.__exponent
                0x0800cd52       0x74 D:/Study/STM32CubeIDE_1.19.0/STM32CubeIDE/plugins/com.st.stm32cube.ide.mcu.externaltools.gnu-tools-for-stm32.13.3.rel1.win32_1.0.0.202411081344/tools/bin/../lib/gcc/arm-none-eabi/13.3.1/../../../../arm-none-eabi/lib/thumb/v7e-m+fp/hard\libc_nano.a(libc_a-nano-vfprintf_float.o)
                0x0800cd52                __exponent
 *fill*         0x0800cdc6        0x2 
 .text._printf_float
                0x0800cdc8      0x454 D:/Study/STM32CubeIDE_1.19.0/STM32CubeIDE/plugins/com.st.stm32cube.ide.mcu.externaltools.gnu-tools-for-stm32.13.3.rel1.win32_1.0.0.202411081344/tools/bin/../lib/gcc/arm-none-eabi/13.3.1/../../../../arm-none-eabi/lib/thumb/v7e-m+fp/hard\libc_nano.a(libc_a-nano-vfprintf_float.o)
                0x0800cdc8                _printf_float
 .text._printf_common
                0x0800d21c       0xda D:/Study/STM32CubeIDE_1.19.0/STM32CubeIDE/plugins/com.st.stm32cube.ide.mcu.externaltools.gnu-tools-for-stm32.13.3.rel1.win32_1.0.0.202411081344/tools/bin/../lib/gcc/arm-none-eabi/13.3.1/../../../../arm-none-eabi/lib/thumb/v7e-m+fp/hard\libc_nano.a(libc_a-nano-vfprintf_i.o)
                0x0800d21c                _printf_common
 *fill*         0x0800d2f6        0x2 
 .text._printf_i
                0x0800d2f8      0x23c D:/Study/STM32CubeIDE_1.19.0/STM32CubeIDE/plugins/com.st.stm32cube.ide.mcu.externaltools.gnu-tools-for-stm32.13.3.rel1.win32_1.0.0.202411081344/tools/bin/../lib/gcc/arm-none-eabi/13.3.1/../../../../arm-none-eabi/lib/thumb/v7e-m+fp/hard\libc_nano.a(libc_a-nano-vfprintf_i.o)
                0x0800d2f8                _printf_i
 .text.std      0x0800d534       0x6c D:/Study/STM32CubeIDE_1.19.0/STM32CubeIDE/plugins/com.st.stm32cube.ide.mcu.externaltools.gnu-tools-for-stm32.13.3.rel1.win32_1.0.0.202411081344/tools/bin/../lib/gcc/arm-none-eabi/13.3.1/../../../../arm-none-eabi/lib/thumb/v7e-m+fp/hard\libc_nano.a(libc_a-findfp.o)
 .text.stdio_exit_handler
                0x0800d5a0       0x18 D:/Study/STM32CubeIDE_1.19.0/STM32CubeIDE/plugins/com.st.stm32cube.ide.mcu.externaltools.gnu-tools-for-stm32.13.3.rel1.win32_1.0.0.202411081344/tools/bin/../lib/gcc/arm-none-eabi/13.3.1/../../../../arm-none-eabi/lib/thumb/v7e-m+fp/hard\libc_nano.a(libc_a-findfp.o)
 .text.cleanup_stdio
                0x0800d5b8       0x40 D:/Study/STM32CubeIDE_1.19.0/STM32CubeIDE/plugins/com.st.stm32cube.ide.mcu.externaltools.gnu-tools-for-stm32.13.3.rel1.win32_1.0.0.202411081344/tools/bin/../lib/gcc/arm-none-eabi/13.3.1/../../../../arm-none-eabi/lib/thumb/v7e-m+fp/hard\libc_nano.a(libc_a-findfp.o)
 .text.global_stdio_init.part.0
                0x0800d5f8       0x3c D:/Study/STM32CubeIDE_1.19.0/STM32CubeIDE/plugins/com.st.stm32cube.ide.mcu.externaltools.gnu-tools-for-stm32.13.3.rel1.win32_1.0.0.202411081344/tools/bin/../lib/gcc/arm-none-eabi/13.3.1/../../../../arm-none-eabi/lib/thumb/v7e-m+fp/hard\libc_nano.a(libc_a-findfp.o)
 .text.__sfp_lock_acquire
                0x0800d634        0xc D:/Study/STM32CubeIDE_1.19.0/STM32CubeIDE/plugins/com.st.stm32cube.ide.mcu.externaltools.gnu-tools-for-stm32.13.3.rel1.win32_1.0.0.202411081344/tools/bin/../lib/gcc/arm-none-eabi/13.3.1/../../../../arm-none-eabi/lib/thumb/v7e-m+fp/hard\libc_nano.a(libc_a-findfp.o)
                0x0800d634                __sfp_lock_acquire
 .text.__sfp_lock_release
                0x0800d640        0xc D:/Study/STM32CubeIDE_1.19.0/STM32CubeIDE/plugins/com.st.stm32cube.ide.mcu.externaltools.gnu-tools-for-stm32.13.3.rel1.win32_1.0.0.202411081344/tools/bin/../lib/gcc/arm-none-eabi/13.3.1/../../../../arm-none-eabi/lib/thumb/v7e-m+fp/hard\libc_nano.a(libc_a-findfp.o)
                0x0800d640                __sfp_lock_release
 .text.__sinit  0x0800d64c       0x30 D:/Study/STM32CubeIDE_1.19.0/STM32CubeIDE/plugins/com.st.stm32cube.ide.mcu.externaltools.gnu-tools-for-stm32.13.3.rel1.win32_1.0.0.202411081344/tools/bin/../lib/gcc/arm-none-eabi/13.3.1/../../../../arm-none-eabi/lib/thumb/v7e-m+fp/hard\libc_nano.a(libc_a-findfp.o)
                0x0800d64c                __sinit
 .text._fwalk_sglue
                0x0800d67c       0x3c D:/Study/STM32CubeIDE_1.19.0/STM32CubeIDE/plugins/com.st.stm32cube.ide.mcu.externaltools.gnu-tools-for-stm32.13.3.rel1.win32_1.0.0.202411081344/tools/bin/../lib/gcc/arm-none-eabi/13.3.1/../../../../arm-none-eabi/lib/thumb/v7e-m+fp/hard\libc_nano.a(libc_a-fwalk.o)
                0x0800d67c                _fwalk_sglue
 .text.sprintf  0x0800d6b8       0x44 D:/Study/STM32CubeIDE_1.19.0/STM32CubeIDE/plugins/com.st.stm32cube.ide.mcu.externaltools.gnu-tools-for-stm32.13.3.rel1.win32_1.0.0.202411081344/tools/bin/../lib/gcc/arm-none-eabi/13.3.1/../../../../arm-none-eabi/lib/thumb/v7e-m+fp/hard\libc_nano.a(libc_a-sprintf.o)
                0x0800d6b8                siprintf
                0x0800d6b8                sprintf
 .text.__sread  0x0800d6fc       0x22 D:/Study/STM32CubeIDE_1.19.0/STM32CubeIDE/plugins/com.st.stm32cube.ide.mcu.externaltools.gnu-tools-for-stm32.13.3.rel1.win32_1.0.0.202411081344/tools/bin/../lib/gcc/arm-none-eabi/13.3.1/../../../../arm-none-eabi/lib/thumb/v7e-m+fp/hard\libc_nano.a(libc_a-stdio.o)
                0x0800d6fc                __sread
 .text.__swrite
                0x0800d71e       0x38 D:/Study/STM32CubeIDE_1.19.0/STM32CubeIDE/plugins/com.st.stm32cube.ide.mcu.externaltools.gnu-tools-for-stm32.13.3.rel1.win32_1.0.0.202411081344/tools/bin/../lib/gcc/arm-none-eabi/13.3.1/../../../../arm-none-eabi/lib/thumb/v7e-m+fp/hard\libc_nano.a(libc_a-stdio.o)
                0x0800d71e                __swrite
 .text.__sseek  0x0800d756       0x24 D:/Study/STM32CubeIDE_1.19.0/STM32CubeIDE/plugins/com.st.stm32cube.ide.mcu.externaltools.gnu-tools-for-stm32.13.3.rel1.win32_1.0.0.202411081344/tools/bin/../lib/gcc/arm-none-eabi/13.3.1/../../../../arm-none-eabi/lib/thumb/v7e-m+fp/hard\libc_nano.a(libc_a-stdio.o)
                0x0800d756                __sseek
 .text.__sclose
                0x0800d77a        0x8 D:/Study/STM32CubeIDE_1.19.0/STM32CubeIDE/plugins/com.st.stm32cube.ide.mcu.externaltools.gnu-tools-for-stm32.13.3.rel1.win32_1.0.0.202411081344/tools/bin/../lib/gcc/arm-none-eabi/13.3.1/../../../../arm-none-eabi/lib/thumb/v7e-m+fp/hard\libc_nano.a(libc_a-stdio.o)
                0x0800d77a                __sclose
 .text.memcmp   0x0800d782       0x20 D:/Study/STM32CubeIDE_1.19.0/STM32CubeIDE/plugins/com.st.stm32cube.ide.mcu.externaltools.gnu-tools-for-stm32.13.3.rel1.win32_1.0.0.202411081344/tools/bin/../lib/gcc/arm-none-eabi/13.3.1/../../../../arm-none-eabi/lib/thumb/v7e-m+fp/hard\libc_nano.a(libc_a-memcmp.o)
                0x0800d782                memcmp
 .text.memset   0x0800d7a2       0x10 D:/Study/STM32CubeIDE_1.19.0/STM32CubeIDE/plugins/com.st.stm32cube.ide.mcu.externaltools.gnu-tools-for-stm32.13.3.rel1.win32_1.0.0.202411081344/tools/bin/../lib/gcc/arm-none-eabi/13.3.1/../../../../arm-none-eabi/lib/thumb/v7e-m+fp/hard\libc_nano.a(libc_a-memset.o)
                0x0800d7a2                memset
 *fill*         0x0800d7b2        0x2 
 .text._localeconv_r
                0x0800d7b4        0x8 D:/Study/STM32CubeIDE_1.19.0/STM32CubeIDE/plugins/com.st.stm32cube.ide.mcu.externaltools.gnu-tools-for-stm32.13.3.rel1.win32_1.0.0.202411081344/tools/bin/../lib/gcc/arm-none-eabi/13.3.1/../../../../arm-none-eabi/lib/thumb/v7e-m+fp/hard\libc_nano.a(libc_a-localeconv.o)
                0x0800d7b4                _localeconv_r
 .text._close_r
                0x0800d7bc       0x20 D:/Study/STM32CubeIDE_1.19.0/STM32CubeIDE/plugins/com.st.stm32cube.ide.mcu.externaltools.gnu-tools-for-stm32.13.3.rel1.win32_1.0.0.202411081344/tools/bin/../lib/gcc/arm-none-eabi/13.3.1/../../../../arm-none-eabi/lib/thumb/v7e-m+fp/hard\libc_nano.a(libc_a-closer.o)
                0x0800d7bc                _close_r
 .text._lseek_r
                0x0800d7dc       0x24 D:/Study/STM32CubeIDE_1.19.0/STM32CubeIDE/plugins/com.st.stm32cube.ide.mcu.externaltools.gnu-tools-for-stm32.13.3.rel1.win32_1.0.0.202411081344/tools/bin/../lib/gcc/arm-none-eabi/13.3.1/../../../../arm-none-eabi/lib/thumb/v7e-m+fp/hard\libc_nano.a(libc_a-lseekr.o)
                0x0800d7dc                _lseek_r
 .text._read_r  0x0800d800       0x24 D:/Study/STM32CubeIDE_1.19.0/STM32CubeIDE/plugins/com.st.stm32cube.ide.mcu.externaltools.gnu-tools-for-stm32.13.3.rel1.win32_1.0.0.202411081344/tools/bin/../lib/gcc/arm-none-eabi/13.3.1/../../../../arm-none-eabi/lib/thumb/v7e-m+fp/hard\libc_nano.a(libc_a-readr.o)
                0x0800d800                _read_r
 .text._write_r
                0x0800d824       0x24 D:/Study/STM32CubeIDE_1.19.0/STM32CubeIDE/plugins/com.st.stm32cube.ide.mcu.externaltools.gnu-tools-for-stm32.13.3.rel1.win32_1.0.0.202411081344/tools/bin/../lib/gcc/arm-none-eabi/13.3.1/../../../../arm-none-eabi/lib/thumb/v7e-m+fp/hard\libc_nano.a(libc_a-writer.o)
                0x0800d824                _write_r
 .text.__errno  0x0800d848        0xc D:/Study/STM32CubeIDE_1.19.0/STM32CubeIDE/plugins/com.st.stm32cube.ide.mcu.externaltools.gnu-tools-for-stm32.13.3.rel1.win32_1.0.0.202411081344/tools/bin/../lib/gcc/arm-none-eabi/13.3.1/../../../../arm-none-eabi/lib/thumb/v7e-m+fp/hard\libc_nano.a(libc_a-errno.o)
                0x0800d848                __errno
 .text.__libc_init_array
                0x0800d854       0x48 D:/Study/STM32CubeIDE_1.19.0/STM32CubeIDE/plugins/com.st.stm32cube.ide.mcu.externaltools.gnu-tools-for-stm32.13.3.rel1.win32_1.0.0.202411081344/tools/bin/../lib/gcc/arm-none-eabi/13.3.1/../../../../arm-none-eabi/lib/thumb/v7e-m+fp/hard\libc_nano.a(libc_a-init.o)
                0x0800d854                __libc_init_array
 .text.__retarget_lock_init_recursive
                0x0800d89c        0x2 D:/Study/STM32CubeIDE_1.19.0/STM32CubeIDE/plugins/com.st.stm32cube.ide.mcu.externaltools.gnu-tools-for-stm32.13.3.rel1.win32_1.0.0.202411081344/tools/bin/../lib/gcc/arm-none-eabi/13.3.1/../../../../arm-none-eabi/lib/thumb/v7e-m+fp/hard\libc_nano.a(libc_a-lock.o)
                0x0800d89c                __retarget_lock_init_recursive
 .text.__retarget_lock_acquire_recursive
                0x0800d89e        0x2 D:/Study/STM32CubeIDE_1.19.0/STM32CubeIDE/plugins/com.st.stm32cube.ide.mcu.externaltools.gnu-tools-for-stm32.13.3.rel1.win32_1.0.0.202411081344/tools/bin/../lib/gcc/arm-none-eabi/13.3.1/../../../../arm-none-eabi/lib/thumb/v7e-m+fp/hard\libc_nano.a(libc_a-lock.o)
                0x0800d89e                __retarget_lock_acquire_recursive
 .text.__retarget_lock_release_recursive
                0x0800d8a0        0x2 D:/Study/STM32CubeIDE_1.19.0/STM32CubeIDE/plugins/com.st.stm32cube.ide.mcu.externaltools.gnu-tools-for-stm32.13.3.rel1.win32_1.0.0.202411081344/tools/bin/../lib/gcc/arm-none-eabi/13.3.1/../../../../arm-none-eabi/lib/thumb/v7e-m+fp/hard\libc_nano.a(libc_a-lock.o)
                0x0800d8a0                __retarget_lock_release_recursive
 .text.memcpy   0x0800d8a2       0x1c D:/Study/STM32CubeIDE_1.19.0/STM32CubeIDE/plugins/com.st.stm32cube.ide.mcu.externaltools.gnu-tools-for-stm32.13.3.rel1.win32_1.0.0.202411081344/tools/bin/../lib/gcc/arm-none-eabi/13.3.1/../../../../arm-none-eabi/lib/thumb/v7e-m+fp/hard\libc_nano.a(libc_a-memcpy-stub.o)
                0x0800d8a2                memcpy
 .text.quorem   0x0800d8be      0x110 D:/Study/STM32CubeIDE_1.19.0/STM32CubeIDE/plugins/com.st.stm32cube.ide.mcu.externaltools.gnu-tools-for-stm32.13.3.rel1.win32_1.0.0.202411081344/tools/bin/../lib/gcc/arm-none-eabi/13.3.1/../../../../arm-none-eabi/lib/thumb/v7e-m+fp/hard\libc_nano.a(libc_a-dtoa.o)
 *fill*         0x0800d9ce        0x2 
 .text._dtoa_r  0x0800d9d0      0xba0 D:/Study/STM32CubeIDE_1.19.0/STM32CubeIDE/plugins/com.st.stm32cube.ide.mcu.externaltools.gnu-tools-for-stm32.13.3.rel1.win32_1.0.0.202411081344/tools/bin/../lib/gcc/arm-none-eabi/13.3.1/../../../../arm-none-eabi/lib/thumb/v7e-m+fp/hard\libc_nano.a(libc_a-dtoa.o)
                0x0800d9d0                _dtoa_r
 .text._free_r  0x0800e570       0x94 D:/Study/STM32CubeIDE_1.19.0/STM32CubeIDE/plugins/com.st.stm32cube.ide.mcu.externaltools.gnu-tools-for-stm32.13.3.rel1.win32_1.0.0.202411081344/tools/bin/../lib/gcc/arm-none-eabi/13.3.1/../../../../arm-none-eabi/lib/thumb/v7e-m+fp/hard\libc_nano.a(libc_a-freer.o)
                0x0800e570                _free_r
 .text.malloc   0x0800e604       0x10 D:/Study/STM32CubeIDE_1.19.0/STM32CubeIDE/plugins/com.st.stm32cube.ide.mcu.externaltools.gnu-tools-for-stm32.13.3.rel1.win32_1.0.0.202411081344/tools/bin/../lib/gcc/arm-none-eabi/13.3.1/../../../../arm-none-eabi/lib/thumb/v7e-m+fp/hard\libc_nano.a(libc_a-malloc.o)
                0x0800e604                malloc
 .text.sbrk_aligned
                0x0800e614       0x44 D:/Study/STM32CubeIDE_1.19.0/STM32CubeIDE/plugins/com.st.stm32cube.ide.mcu.externaltools.gnu-tools-for-stm32.13.3.rel1.win32_1.0.0.202411081344/tools/bin/../lib/gcc/arm-none-eabi/13.3.1/../../../../arm-none-eabi/lib/thumb/v7e-m+fp/hard\libc_nano.a(libc_a-mallocr.o)
 .text._malloc_r
                0x0800e658      0x100 D:/Study/STM32CubeIDE_1.19.0/STM32CubeIDE/plugins/com.st.stm32cube.ide.mcu.externaltools.gnu-tools-for-stm32.13.3.rel1.win32_1.0.0.202411081344/tools/bin/../lib/gcc/arm-none-eabi/13.3.1/../../../../arm-none-eabi/lib/thumb/v7e-m+fp/hard\libc_nano.a(libc_a-mallocr.o)
                0x0800e658                _malloc_r
 .text.__malloc_lock
                0x0800e758        0xc D:/Study/STM32CubeIDE_1.19.0/STM32CubeIDE/plugins/com.st.stm32cube.ide.mcu.externaltools.gnu-tools-for-stm32.13.3.rel1.win32_1.0.0.202411081344/tools/bin/../lib/gcc/arm-none-eabi/13.3.1/../../../../arm-none-eabi/lib/thumb/v7e-m+fp/hard\libc_nano.a(libc_a-mlock.o)
                0x0800e758                __malloc_lock
 .text.__malloc_unlock
                0x0800e764        0xc D:/Study/STM32CubeIDE_1.19.0/STM32CubeIDE/plugins/com.st.stm32cube.ide.mcu.externaltools.gnu-tools-for-stm32.13.3.rel1.win32_1.0.0.202411081344/tools/bin/../lib/gcc/arm-none-eabi/13.3.1/../../../../arm-none-eabi/lib/thumb/v7e-m+fp/hard\libc_nano.a(libc_a-mlock.o)
                0x0800e764                __malloc_unlock
 .text._Balloc  0x0800e770       0x80 D:/Study/STM32CubeIDE_1.19.0/STM32CubeIDE/plugins/com.st.stm32cube.ide.mcu.externaltools.gnu-tools-for-stm32.13.3.rel1.win32_1.0.0.202411081344/tools/bin/../lib/gcc/arm-none-eabi/13.3.1/../../../../arm-none-eabi/lib/thumb/v7e-m+fp/hard\libc_nano.a(libc_a-mprec.o)
                0x0800e770                _Balloc
 .text._Bfree   0x0800e7f0       0x44 D:/Study/STM32CubeIDE_1.19.0/STM32CubeIDE/plugins/com.st.stm32cube.ide.mcu.externaltools.gnu-tools-for-stm32.13.3.rel1.win32_1.0.0.202411081344/tools/bin/../lib/gcc/arm-none-eabi/13.3.1/../../../../arm-none-eabi/lib/thumb/v7e-m+fp/hard\libc_nano.a(libc_a-mprec.o)
                0x0800e7f0                _Bfree
 .text.__multadd
                0x0800e834       0x8c D:/Study/STM32CubeIDE_1.19.0/STM32CubeIDE/plugins/com.st.stm32cube.ide.mcu.externaltools.gnu-tools-for-stm32.13.3.rel1.win32_1.0.0.202411081344/tools/bin/../lib/gcc/arm-none-eabi/13.3.1/../../../../arm-none-eabi/lib/thumb/v7e-m+fp/hard\libc_nano.a(libc_a-mprec.o)
                0x0800e834                __multadd
 .text.__hi0bits
                0x0800e8c0       0x3e D:/Study/STM32CubeIDE_1.19.0/STM32CubeIDE/plugins/com.st.stm32cube.ide.mcu.externaltools.gnu-tools-for-stm32.13.3.rel1.win32_1.0.0.202411081344/tools/bin/../lib/gcc/arm-none-eabi/13.3.1/../../../../arm-none-eabi/lib/thumb/v7e-m+fp/hard\libc_nano.a(libc_a-mprec.o)
                0x0800e8c0                __hi0bits
 .text.__lo0bits
                0x0800e8fe       0x5a D:/Study/STM32CubeIDE_1.19.0/STM32CubeIDE/plugins/com.st.stm32cube.ide.mcu.externaltools.gnu-tools-for-stm32.13.3.rel1.win32_1.0.0.202411081344/tools/bin/../lib/gcc/arm-none-eabi/13.3.1/../../../../arm-none-eabi/lib/thumb/v7e-m+fp/hard\libc_nano.a(libc_a-mprec.o)
                0x0800e8fe                __lo0bits
 .text.__i2b    0x0800e958       0x2c D:/Study/STM32CubeIDE_1.19.0/STM32CubeIDE/plugins/com.st.stm32cube.ide.mcu.externaltools.gnu-tools-for-stm32.13.3.rel1.win32_1.0.0.202411081344/tools/bin/../lib/gcc/arm-none-eabi/13.3.1/../../../../arm-none-eabi/lib/thumb/v7e-m+fp/hard\libc_nano.a(libc_a-mprec.o)
                0x0800e958                __i2b
 .text.__multiply
                0x0800e984      0x144 D:/Study/STM32CubeIDE_1.19.0/STM32CubeIDE/plugins/com.st.stm32cube.ide.mcu.externaltools.gnu-tools-for-stm32.13.3.rel1.win32_1.0.0.202411081344/tools/bin/../lib/gcc/arm-none-eabi/13.3.1/../../../../arm-none-eabi/lib/thumb/v7e-m+fp/hard\libc_nano.a(libc_a-mprec.o)
                0x0800e984                __multiply
 .text.__pow5mult
                0x0800eac8       0xb4 D:/Study/STM32CubeIDE_1.19.0/STM32CubeIDE/plugins/com.st.stm32cube.ide.mcu.externaltools.gnu-tools-for-stm32.13.3.rel1.win32_1.0.0.202411081344/tools/bin/../lib/gcc/arm-none-eabi/13.3.1/../../../../arm-none-eabi/lib/thumb/v7e-m+fp/hard\libc_nano.a(libc_a-mprec.o)
                0x0800eac8                __pow5mult
 .text.__lshift
                0x0800eb7c       0xd8 D:/Study/STM32CubeIDE_1.19.0/STM32CubeIDE/plugins/com.st.stm32cube.ide.mcu.externaltools.gnu-tools-for-stm32.13.3.rel1.win32_1.0.0.202411081344/tools/bin/../lib/gcc/arm-none-eabi/13.3.1/../../../../arm-none-eabi/lib/thumb/v7e-m+fp/hard\libc_nano.a(libc_a-mprec.o)
                0x0800eb7c                __lshift
 .text.__mcmp   0x0800ec54       0x36 D:/Study/STM32CubeIDE_1.19.0/STM32CubeIDE/plugins/com.st.stm32cube.ide.mcu.externaltools.gnu-tools-for-stm32.13.3.rel1.win32_1.0.0.202411081344/tools/bin/../lib/gcc/arm-none-eabi/13.3.1/../../../../arm-none-eabi/lib/thumb/v7e-m+fp/hard\libc_nano.a(libc_a-mprec.o)
                0x0800ec54                __mcmp
 *fill*         0x0800ec8a        0x2 
 .text.__mdiff  0x0800ec8c      0x128 D:/Study/STM32CubeIDE_1.19.0/STM32CubeIDE/plugins/com.st.stm32cube.ide.mcu.externaltools.gnu-tools-for-stm32.13.3.rel1.win32_1.0.0.202411081344/tools/bin/../lib/gcc/arm-none-eabi/13.3.1/../../../../arm-none-eabi/lib/thumb/v7e-m+fp/hard\libc_nano.a(libc_a-mprec.o)
                0x0800ec8c                __mdiff
 .text.__d2b    0x0800edb4       0xb0 D:/Study/STM32CubeIDE_1.19.0/STM32CubeIDE/plugins/com.st.stm32cube.ide.mcu.externaltools.gnu-tools-for-stm32.13.3.rel1.win32_1.0.0.202411081344/tools/bin/../lib/gcc/arm-none-eabi/13.3.1/../../../../arm-none-eabi/lib/thumb/v7e-m+fp/hard\libc_nano.a(libc_a-mprec.o)
                0x0800edb4                __d2b
 .text.__ssputs_r
                0x0800ee64       0xb6 D:/Study/STM32CubeIDE_1.19.0/STM32CubeIDE/plugins/com.st.stm32cube.ide.mcu.externaltools.gnu-tools-for-stm32.13.3.rel1.win32_1.0.0.202411081344/tools/bin/../lib/gcc/arm-none-eabi/13.3.1/../../../../arm-none-eabi/lib/thumb/v7e-m+fp/hard\libc_nano.a(libc_a-nano-svfprintf.o)
                0x0800ee64                __ssputs_r
 *fill*         0x0800ef1a        0x2 
 .text._svfprintf_r
                0x0800ef1c      0x1f8 D:/Study/STM32CubeIDE_1.19.0/STM32CubeIDE/plugins/com.st.stm32cube.ide.mcu.externaltools.gnu-tools-for-stm32.13.3.rel1.win32_1.0.0.202411081344/tools/bin/../lib/gcc/arm-none-eabi/13.3.1/../../../../arm-none-eabi/lib/thumb/v7e-m+fp/hard\libc_nano.a(libc_a-nano-svfprintf.o)
                0x0800ef1c                _svfiprintf_r
                0x0800ef1c                _svfprintf_r
 .text.__sflush_r
                0x0800f114      0x108 D:/Study/STM32CubeIDE_1.19.0/STM32CubeIDE/plugins/com.st.stm32cube.ide.mcu.externaltools.gnu-tools-for-stm32.13.3.rel1.win32_1.0.0.202411081344/tools/bin/../lib/gcc/arm-none-eabi/13.3.1/../../../../arm-none-eabi/lib/thumb/v7e-m+fp/hard\libc_nano.a(libc_a-fflush.o)
                0x0800f114                __sflush_r
 .text._fflush_r
                0x0800f21c       0x50 D:/Study/STM32CubeIDE_1.19.0/STM32CubeIDE/plugins/com.st.stm32cube.ide.mcu.externaltools.gnu-tools-for-stm32.13.3.rel1.win32_1.0.0.202411081344/tools/bin/../lib/gcc/arm-none-eabi/13.3.1/../../../../arm-none-eabi/lib/thumb/v7e-m+fp/hard\libc_nano.a(libc_a-fflush.o)
                0x0800f21c                _fflush_r
 .text.memmove  0x0800f26c       0x34 D:/Study/STM32CubeIDE_1.19.0/STM32CubeIDE/plugins/com.st.stm32cube.ide.mcu.externaltools.gnu-tools-for-stm32.13.3.rel1.win32_1.0.0.202411081344/tools/bin/../lib/gcc/arm-none-eabi/13.3.1/../../../../arm-none-eabi/lib/thumb/v7e-m+fp/hard\libc_nano.a(libc_a-memmove.o)
                0x0800f26c                memmove
 .text._sbrk_r  0x0800f2a0       0x20 D:/Study/STM32CubeIDE_1.19.0/STM32CubeIDE/plugins/com.st.stm32cube.ide.mcu.externaltools.gnu-tools-for-stm32.13.3.rel1.win32_1.0.0.202411081344/tools/bin/../lib/gcc/arm-none-eabi/13.3.1/../../../../arm-none-eabi/lib/thumb/v7e-m+fp/hard\libc_nano.a(libc_a-sbrkr.o)
                0x0800f2a0                _sbrk_r
 .text.__assert_func
                0x0800f2c0       0x3c D:/Study/STM32CubeIDE_1.19.0/STM32CubeIDE/plugins/com.st.stm32cube.ide.mcu.externaltools.gnu-tools-for-stm32.13.3.rel1.win32_1.0.0.202411081344/tools/bin/../lib/gcc/arm-none-eabi/13.3.1/../../../../arm-none-eabi/lib/thumb/v7e-m+fp/hard\libc_nano.a(libc_a-assert.o)
                0x0800f2c0                __assert_func
 .text._calloc_r
                0x0800f2fc       0x28 D:/Study/STM32CubeIDE_1.19.0/STM32CubeIDE/plugins/com.st.stm32cube.ide.mcu.externaltools.gnu-tools-for-stm32.13.3.rel1.win32_1.0.0.202411081344/tools/bin/../lib/gcc/arm-none-eabi/13.3.1/../../../../arm-none-eabi/lib/thumb/v7e-m+fp/hard\libc_nano.a(libc_a-callocr.o)
                0x0800f2fc                _calloc_r
 .text.__ascii_mbtowc
                0x0800f324       0x24 D:/Study/STM32CubeIDE_1.19.0/STM32CubeIDE/plugins/com.st.stm32cube.ide.mcu.externaltools.gnu-tools-for-stm32.13.3.rel1.win32_1.0.0.202411081344/tools/bin/../lib/gcc/arm-none-eabi/13.3.1/../../../../arm-none-eabi/lib/thumb/v7e-m+fp/hard\libc_nano.a(libc_a-mbtowc_r.o)
                0x0800f324                __ascii_mbtowc
 .text._realloc_r
                0x0800f348       0x5c D:/Study/STM32CubeIDE_1.19.0/STM32CubeIDE/plugins/com.st.stm32cube.ide.mcu.externaltools.gnu-tools-for-stm32.13.3.rel1.win32_1.0.0.202411081344/tools/bin/../lib/gcc/arm-none-eabi/13.3.1/../../../../arm-none-eabi/lib/thumb/v7e-m+fp/hard\libc_nano.a(libc_a-reallocr.o)
                0x0800f348                _realloc_r
 .text.__ascii_wctomb
                0x0800f3a4       0x1a D:/Study/STM32CubeIDE_1.19.0/STM32CubeIDE/plugins/com.st.stm32cube.ide.mcu.externaltools.gnu-tools-for-stm32.13.3.rel1.win32_1.0.0.202411081344/tools/bin/../lib/gcc/arm-none-eabi/13.3.1/../../../../arm-none-eabi/lib/thumb/v7e-m+fp/hard\libc_nano.a(libc_a-wctomb_r.o)
                0x0800f3a4                __ascii_wctomb
 *fill*         0x0800f3be        0x2 
 .text.fprintf  0x0800f3c0       0x24 D:/Study/STM32CubeIDE_1.19.0/STM32CubeIDE/plugins/com.st.stm32cube.ide.mcu.externaltools.gnu-tools-for-stm32.13.3.rel1.win32_1.0.0.202411081344/tools/bin/../lib/gcc/arm-none-eabi/13.3.1/../../../../arm-none-eabi/lib/thumb/v7e-m+fp/hard\libc_nano.a(libc_a-fprintf.o)
                0x0800f3c0                fiprintf
                0x0800f3c0                fprintf
 .text.abort    0x0800f3e4        0xe D:/Study/STM32CubeIDE_1.19.0/STM32CubeIDE/plugins/com.st.stm32cube.ide.mcu.externaltools.gnu-tools-for-stm32.13.3.rel1.win32_1.0.0.202411081344/tools/bin/../lib/gcc/arm-none-eabi/13.3.1/../../../../arm-none-eabi/lib/thumb/v7e-m+fp/hard\libc_nano.a(libc_a-abort.o)
                0x0800f3e4                abort
 .text._malloc_usable_size_r
                0x0800f3f2       0x10 D:/Study/STM32CubeIDE_1.19.0/STM32CubeIDE/plugins/com.st.stm32cube.ide.mcu.externaltools.gnu-tools-for-stm32.13.3.rel1.win32_1.0.0.202411081344/tools/bin/../lib/gcc/arm-none-eabi/13.3.1/../../../../arm-none-eabi/lib/thumb/v7e-m+fp/hard\libc_nano.a(libc_a-msizer.o)
                0x0800f3f2                _malloc_usable_size_r
 .text.__sfputc_r
                0x0800f402       0x2e D:/Study/STM32CubeIDE_1.19.0/STM32CubeIDE/plugins/com.st.stm32cube.ide.mcu.externaltools.gnu-tools-for-stm32.13.3.rel1.win32_1.0.0.202411081344/tools/bin/../lib/gcc/arm-none-eabi/13.3.1/../../../../arm-none-eabi/lib/thumb/v7e-m+fp/hard\libc_nano.a(libc_a-nano-vfprintf.o)
 .text.__sfputs_r
                0x0800f430       0x24 D:/Study/STM32CubeIDE_1.19.0/STM32CubeIDE/plugins/com.st.stm32cube.ide.mcu.externaltools.gnu-tools-for-stm32.13.3.rel1.win32_1.0.0.202411081344/tools/bin/../lib/gcc/arm-none-eabi/13.3.1/../../../../arm-none-eabi/lib/thumb/v7e-m+fp/hard\libc_nano.a(libc_a-nano-vfprintf.o)
                0x0800f430                __sfputs_r
 .text._vfprintf_r
                0x0800f454      0x230 D:/Study/STM32CubeIDE_1.19.0/STM32CubeIDE/plugins/com.st.stm32cube.ide.mcu.externaltools.gnu-tools-for-stm32.13.3.rel1.win32_1.0.0.202411081344/tools/bin/../lib/gcc/arm-none-eabi/13.3.1/../../../../arm-none-eabi/lib/thumb/v7e-m+fp/hard\libc_nano.a(libc_a-nano-vfprintf.o)
                0x0800f454                _vfprintf_r
                0x0800f454                _vfiprintf_r
 .text.__swbuf_r
                0x0800f684       0x7c D:/Study/STM32CubeIDE_1.19.0/STM32CubeIDE/plugins/com.st.stm32cube.ide.mcu.externaltools.gnu-tools-for-stm32.13.3.rel1.win32_1.0.0.202411081344/tools/bin/../lib/gcc/arm-none-eabi/13.3.1/../../../../arm-none-eabi/lib/thumb/v7e-m+fp/hard\libc_nano.a(libc_a-wbuf.o)
                0x0800f684                __swbuf_r
 .text.__swsetup_r
                0x0800f700       0xac D:/Study/STM32CubeIDE_1.19.0/STM32CubeIDE/plugins/com.st.stm32cube.ide.mcu.externaltools.gnu-tools-for-stm32.13.3.rel1.win32_1.0.0.202411081344/tools/bin/../lib/gcc/arm-none-eabi/13.3.1/../../../../arm-none-eabi/lib/thumb/v7e-m+fp/hard\libc_nano.a(libc_a-wsetup.o)
                0x0800f700                __swsetup_r
 .text._raise_r
                0x0800f7ac       0x50 D:/Study/STM32CubeIDE_1.19.0/STM32CubeIDE/plugins/com.st.stm32cube.ide.mcu.externaltools.gnu-tools-for-stm32.13.3.rel1.win32_1.0.0.202411081344/tools/bin/../lib/gcc/arm-none-eabi/13.3.1/../../../../arm-none-eabi/lib/thumb/v7e-m+fp/hard\libc_nano.a(libc_a-signal.o)
                0x0800f7ac                _raise_r
 .text.raise    0x0800f7fc       0x10 D:/Study/STM32CubeIDE_1.19.0/STM32CubeIDE/plugins/com.st.stm32cube.ide.mcu.externaltools.gnu-tools-for-stm32.13.3.rel1.win32_1.0.0.202411081344/tools/bin/../lib/gcc/arm-none-eabi/13.3.1/../../../../arm-none-eabi/lib/thumb/v7e-m+fp/hard\libc_nano.a(libc_a-signal.o)
                0x0800f7fc                raise
 .text._kill_r  0x0800f80c       0x24 D:/Study/STM32CubeIDE_1.19.0/STM32CubeIDE/plugins/com.st.stm32cube.ide.mcu.externaltools.gnu-tools-for-stm32.13.3.rel1.win32_1.0.0.202411081344/tools/bin/../lib/gcc/arm-none-eabi/13.3.1/../../../../arm-none-eabi/lib/thumb/v7e-m+fp/hard\libc_nano.a(libc_a-signalr.o)
                0x0800f80c                _kill_r
 .text._getpid_r
                0x0800f830        0x4 D:/Study/STM32CubeIDE_1.19.0/STM32CubeIDE/plugins/com.st.stm32cube.ide.mcu.externaltools.gnu-tools-for-stm32.13.3.rel1.win32_1.0.0.202411081344/tools/bin/../lib/gcc/arm-none-eabi/13.3.1/../../../../arm-none-eabi/lib/thumb/v7e-m+fp/hard\libc_nano.a(libc_a-signalr.o)
                0x0800f830                _getpid_r
 .text.__swhatbuf_r
                0x0800f834       0x4c D:/Study/STM32CubeIDE_1.19.0/STM32CubeIDE/plugins/com.st.stm32cube.ide.mcu.externaltools.gnu-tools-for-stm32.13.3.rel1.win32_1.0.0.202411081344/tools/bin/../lib/gcc/arm-none-eabi/13.3.1/../../../../arm-none-eabi/lib/thumb/v7e-m+fp/hard\libc_nano.a(libc_a-makebuf.o)
                0x0800f834                __swhatbuf_r
 .text.__smakebuf_r
                0x0800f880       0x78 D:/Study/STM32CubeIDE_1.19.0/STM32CubeIDE/plugins/com.st.stm32cube.ide.mcu.externaltools.gnu-tools-for-stm32.13.3.rel1.win32_1.0.0.202411081344/tools/bin/../lib/gcc/arm-none-eabi/13.3.1/../../../../arm-none-eabi/lib/thumb/v7e-m+fp/hard\libc_nano.a(libc_a-makebuf.o)
                0x0800f880                __smakebuf_r
 .text._fstat_r
                0x0800f8f8       0x24 D:/Study/STM32CubeIDE_1.19.0/STM32CubeIDE/plugins/com.st.stm32cube.ide.mcu.externaltools.gnu-tools-for-stm32.13.3.rel1.win32_1.0.0.202411081344/tools/bin/../lib/gcc/arm-none-eabi/13.3.1/../../../../arm-none-eabi/lib/thumb/v7e-m+fp/hard\libc_nano.a(libc_a-fstatr.o)
                0x0800f8f8                _fstat_r
 .text._isatty_r
                0x0800f91c       0x20 D:/Study/STM32CubeIDE_1.19.0/STM32CubeIDE/plugins/com.st.stm32cube.ide.mcu.externaltools.gnu-tools-for-stm32.13.3.rel1.win32_1.0.0.202411081344/tools/bin/../lib/gcc/arm-none-eabi/13.3.1/../../../../arm-none-eabi/lib/thumb/v7e-m+fp/hard\libc_nano.a(libc_a-isattyr.o)
                0x0800f91c                _isatty_r
 *fill*         0x0800f93c        0x4 
 .text.log      0x0800f940       0x7c D:/Study/STM32CubeIDE_1.19.0/STM32CubeIDE/plugins/com.st.stm32cube.ide.mcu.externaltools.gnu-tools-for-stm32.13.3.rel1.win32_1.0.0.202411081344/tools/bin/../lib/gcc/arm-none-eabi/13.3.1/../../../../arm-none-eabi/lib/thumb/v7e-m+fp/hard\libm.a(libm_a-w_log.o)
                0x0800f940                log
 *fill*         0x0800f9bc        0x4 
 .text.nan      0x0800f9c0       0x10 D:/Study/STM32CubeIDE_1.19.0/STM32CubeIDE/plugins/com.st.stm32cube.ide.mcu.externaltools.gnu-tools-for-stm32.13.3.rel1.win32_1.0.0.202411081344/tools/bin/../lib/gcc/arm-none-eabi/13.3.1/../../../../arm-none-eabi/lib/thumb/v7e-m+fp/hard\libm.a(libm_a-s_nan.o)
                0x0800f9c0                nan
 .text.__ieee754_log
                0x0800f9d0      0x36c D:/Study/STM32CubeIDE_1.19.0/STM32CubeIDE/plugins/com.st.stm32cube.ide.mcu.externaltools.gnu-tools-for-stm32.13.3.rel1.win32_1.0.0.202411081344/tools/bin/../lib/gcc/arm-none-eabi/13.3.1/../../../../arm-none-eabi/lib/thumb/v7e-m+fp/hard\libm.a(libm_a-e_log.o)
                0x0800f9d0                __ieee754_log
 *(.glue_7)
 .glue_7        0x0800fd3c        0x0 linker stubs
 *(.glue_7t)
 .glue_7t       0x0800fd3c        0x0 linker stubs
 *(.eh_frame)
 .eh_frame      0x0800fd3c        0x0 D:/Study/STM32CubeIDE_1.19.0/STM32CubeIDE/plugins/com.st.stm32cube.ide.mcu.externaltools.gnu-tools-for-stm32.13.3.rel1.win32_1.0.0.202411081344/tools/bin/../lib/gcc/arm-none-eabi/13.3.1/thumb/v7e-m+fp/hard/crtbegin.o
 *(.init)
 .init          0x0800fd3c        0x4 D:/Study/STM32CubeIDE_1.19.0/STM32CubeIDE/plugins/com.st.stm32cube.ide.mcu.externaltools.gnu-tools-for-stm32.13.3.rel1.win32_1.0.0.202411081344/tools/bin/../lib/gcc/arm-none-eabi/13.3.1/thumb/v7e-m+fp/hard/crti.o
                0x0800fd3c                _init
 .init          0x0800fd40        0x8 D:/Study/STM32CubeIDE_1.19.0/STM32CubeIDE/plugins/com.st.stm32cube.ide.mcu.externaltools.gnu-tools-for-stm32.13.3.rel1.win32_1.0.0.202411081344/tools/bin/../lib/gcc/arm-none-eabi/13.3.1/thumb/v7e-m+fp/hard/crtn.o
 *(.fini)
 .fini          0x0800fd48        0x4 D:/Study/STM32CubeIDE_1.19.0/STM32CubeIDE/plugins/com.st.stm32cube.ide.mcu.externaltools.gnu-tools-for-stm32.13.3.rel1.win32_1.0.0.202411081344/tools/bin/../lib/gcc/arm-none-eabi/13.3.1/thumb/v7e-m+fp/hard/crti.o
                0x0800fd48                _fini
 .fini          0x0800fd4c        0x8 D:/Study/STM32CubeIDE_1.19.0/STM32CubeIDE/plugins/com.st.stm32cube.ide.mcu.externaltools.gnu-tools-for-stm32.13.3.rel1.win32_1.0.0.202411081344/tools/bin/../lib/gcc/arm-none-eabi/13.3.1/thumb/v7e-m+fp/hard/crtn.o
                0x0800fd54                        . = ALIGN (0x4)
                0x0800fd54                        _etext = .

.vfp11_veneer   0x0800fd54        0x0
 .vfp11_veneer  0x0800fd54        0x0 linker stubs

.v4_bx          0x0800fd54        0x0
 .v4_bx         0x0800fd54        0x0 linker stubs

.iplt           0x0800fd54        0x0
 .iplt          0x0800fd54        0x0 D:/Study/STM32CubeIDE_1.19.0/STM32CubeIDE/plugins/com.st.stm32cube.ide.mcu.externaltools.gnu-tools-for-stm32.13.3.rel1.win32_1.0.0.202411081344/tools/bin/../lib/gcc/arm-none-eabi/13.3.1/thumb/v7e-m+fp/hard/crtbegin.o

.rodata         0x0800fd58      0xdfc
                0x0800fd58                        . = ALIGN (0x4)
 *(.rodata)
 .rodata        0x0800fd58      0x126 MyCore\Src\task.o
 *(.rodata*)
 *fill*         0x0800fe7e        0x2 
 .rodata.AHBPrescTable
                0x0800fe80       0x10 Core\Src\system_stm32g4xx.o
                0x0800fe80                AHBPrescTable
 .rodata.APBPrescTable
                0x0800fe90        0x8 Core\Src\system_stm32g4xx.o
                0x0800fe90                APBPrescTable
 .rodata.UARTPrescTable
                0x0800fe98       0x18 Drivers\STM32G4xx_HAL_Driver\Src\stm32g4xx_hal_uart.o
                0x0800fe98                UARTPrescTable
 .rodata.numerator.1