Archive member included to satisfy reference by file (symbol)

C:/Users/luhui/AppData/Local/STM32Cube/bundles/gnu-tools-for-stm32/14.3.1+st.2/bin/../lib/gcc/arm-none-eabi/14.3.1/../../../../arm-none-eabi/lib/thumb/v7e-m+fp/hard\libc_nano.a(libc_a-exit.o)
                              C:/Users/luhui/AppData/Local/STM32Cube/bundles/gnu-tools-for-stm32/14.3.1+st.2/bin/../lib/gcc/arm-none-eabi/14.3.1/../../../../arm-none-eabi/lib/thumb/v7e-m+fp/hard/crt0.o (exit)
C:/Users/luhui/AppData/Local/STM32Cube/bundles/gnu-tools-for-stm32/14.3.1+st.2/bin/../lib/gcc/arm-none-eabi/14.3.1/../../../../arm-none-eabi/lib/thumb/v7e-m+fp/hard\libc_nano.a(libc_a-findfp.o)
                              C:/Users/luhui/AppData/Local/STM32Cube/bundles/gnu-tools-for-stm32/14.3.1+st.2/bin/../lib/gcc/arm-none-eabi/14.3.1/../../../../arm-none-eabi/lib/thumb/v7e-m+fp/hard\libc_nano.a(libc_a-exit.o) (__stdio_exit_handler)
C:/Users/luhui/AppData/Local/STM32Cube/bundles/gnu-tools-for-stm32/14.3.1+st.2/bin/../lib/gcc/arm-none-eabi/14.3.1/../../../../arm-none-eabi/lib/thumb/v7e-m+fp/hard\libc_nano.a(libc_a-fwalk.o)
                              C:/Users/luhui/AppData/Local/STM32Cube/bundles/gnu-tools-for-stm32/14.3.1+st.2/bin/../lib/gcc/arm-none-eabi/14.3.1/../../../../arm-none-eabi/lib/thumb/v7e-m+fp/hard\libc_nano.a(libc_a-findfp.o) (_fwalk_sglue)
C:/Users/luhui/AppData/Local/STM32Cube/bundles/gnu-tools-for-stm32/14.3.1+st.2/bin/../lib/gcc/arm-none-eabi/14.3.1/../../../../arm-none-eabi/lib/thumb/v7e-m+fp/hard\libc_nano.a(libc_a-stdio.o)
                              C:/Users/luhui/AppData/Local/STM32Cube/bundles/gnu-tools-for-stm32/14.3.1+st.2/bin/../lib/gcc/arm-none-eabi/14.3.1/../../../../arm-none-eabi/lib/thumb/v7e-m+fp/hard\libc_nano.a(libc_a-findfp.o) (__sread)
C:/Users/luhui/AppData/Local/STM32Cube/bundles/gnu-tools-for-stm32/14.3.1+st.2/bin/../lib/gcc/arm-none-eabi/14.3.1/../../../../arm-none-eabi/lib/thumb/v7e-m+fp/hard\libc_nano.a(libc_a-memset.o)
                              C:/Users/luhui/AppData/Local/STM32Cube/bundles/gnu-tools-for-stm32/14.3.1+st.2/bin/../lib/gcc/arm-none-eabi/14.3.1/../../../../arm-none-eabi/lib/thumb/v7e-m+fp/hard/crt0.o (memset)
C:/Users/luhui/AppData/Local/STM32Cube/bundles/gnu-tools-for-stm32/14.3.1+st.2/bin/../lib/gcc/arm-none-eabi/14.3.1/../../../../arm-none-eabi/lib/thumb/v7e-m+fp/hard\libc_nano.a(libc_a-closer.o)
                              C:/Users/luhui/AppData/Local/STM32Cube/bundles/gnu-tools-for-stm32/14.3.1+st.2/bin/../lib/gcc/arm-none-eabi/14.3.1/../../../../arm-none-eabi/lib/thumb/v7e-m+fp/hard\libc_nano.a(libc_a-stdio.o) (_close_r)
C:/Users/luhui/AppData/Local/STM32Cube/bundles/gnu-tools-for-stm32/14.3.1+st.2/bin/../lib/gcc/arm-none-eabi/14.3.1/../../../../arm-none-eabi/lib/thumb/v7e-m+fp/hard\libc_nano.a(libc_a-reent.o)
                              C:/Users/luhui/AppData/Local/STM32Cube/bundles/gnu-tools-for-stm32/14.3.1+st.2/bin/../lib/gcc/arm-none-eabi/14.3.1/../../../../arm-none-eabi/lib/thumb/v7e-m+fp/hard\libc_nano.a(libc_a-closer.o) (errno)
C:/Users/luhui/AppData/Local/STM32Cube/bundles/gnu-tools-for-stm32/14.3.1+st.2/bin/../lib/gcc/arm-none-eabi/14.3.1/../../../../arm-none-eabi/lib/thumb/v7e-m+fp/hard\libc_nano.a(libc_a-impure.o)
                              C:/Users/luhui/AppData/Local/STM32Cube/bundles/gnu-tools-for-stm32/14.3.1+st.2/bin/../lib/gcc/arm-none-eabi/14.3.1/../../../../arm-none-eabi/lib/thumb/v7e-m+fp/hard\libc_nano.a(libc_a-reent.o) (_impure_ptr)
C:/Users/luhui/AppData/Local/STM32Cube/bundles/gnu-tools-for-stm32/14.3.1+st.2/bin/../lib/gcc/arm-none-eabi/14.3.1/../../../../arm-none-eabi/lib/thumb/v7e-m+fp/hard\libc_nano.a(libc_a-lseekr.o)
                              C:/Users/luhui/AppData/Local/STM32Cube/bundles/gnu-tools-for-stm32/14.3.1+st.2/bin/../lib/gcc/arm-none-eabi/14.3.1/../../../../arm-none-eabi/lib/thumb/v7e-m+fp/hard\libc_nano.a(libc_a-stdio.o) (_lseek_r)
C:/Users/luhui/AppData/Local/STM32Cube/bundles/gnu-tools-for-stm32/14.3.1+st.2/bin/../lib/gcc/arm-none-eabi/14.3.1/../../../../arm-none-eabi/lib/thumb/v7e-m+fp/hard\libc_nano.a(libc_a-readr.o)
                              C:/Users/luhui/AppData/Local/STM32Cube/bundles/gnu-tools-for-stm32/14.3.1+st.2/bin/../lib/gcc/arm-none-eabi/14.3.1/../../../../arm-none-eabi/lib/thumb/v7e-m+fp/hard\libc_nano.a(libc_a-stdio.o) (_read_r)
C:/Users/luhui/AppData/Local/STM32Cube/bundles/gnu-tools-for-stm32/14.3.1+st.2/bin/../lib/gcc/arm-none-eabi/14.3.1/../../../../arm-none-eabi/lib/thumb/v7e-m+fp/hard\libc_nano.a(libc_a-writer.o)
                              C:/Users/luhui/AppData/Local/STM32Cube/bundles/gnu-tools-for-stm32/14.3.1+st.2/bin/../lib/gcc/arm-none-eabi/14.3.1/../../../../arm-none-eabi/lib/thumb/v7e-m+fp/hard\libc_nano.a(libc_a-stdio.o) (_write_r)
C:/Users/luhui/AppData/Local/STM32Cube/bundles/gnu-tools-for-stm32/14.3.1+st.2/bin/../lib/gcc/arm-none-eabi/14.3.1/../../../../arm-none-eabi/lib/thumb/v7e-m+fp/hard\libc_nano.a(libc_a-init.o)
[...]
Memory Configuration

Name             Origin             Length             Attributes
RAM              0x20000000         0x00020000         xrw
FLASH            0x08000000         0x00080000         xr
*default*        0x00000000         0xffffffff

Linker script and memory map

LOAD C:/Users/luhui/AppData/Local/STM32Cube/bundles/gnu-tools-for-stm32/14.3.1+st.2/bin/../lib/gcc/arm-none-eabi/14.3.1/thumb/v7e-m+fp/hard/crti.o
LOAD C:/Users/luhui/AppData/Local/STM32Cube/bundles/gnu-tools-for-stm32/14.3.1+st.2/bin/../lib/gcc/arm-none-eabi/14.3.1/thumb/v7e-m+fp/hard/crtbegin.o
LOAD C:/Users/luhui/AppData/Local/STM32Cube/bundles/gnu-tools-for-stm32/14.3.1+st.2/bin/../lib/gcc/arm-none-eabi/14.3.1/../../../../arm-none-eabi/lib/thumb/v7e-m+fp/hard/crt0.o
START GROUP
LOAD C:/Users/luhui/AppData/Local/STM32Cube/bundles/gnu-tools-for-stm32/14.3.1+st.2/bin/../lib/gcc/arm-none-eabi/14.3.1/../../../../arm-none-eabi/lib/thumb/v7e-m+fp/hard\libc_nano.a
LOAD C:/Users/luhui/AppData/Local/STM32Cube/bundles/gnu-tools-for-stm32/14.3.1+st.2/bin/../lib/gcc/arm-none-eabi/14.3.1/../../../../arm-none-eabi/lib/thumb/v7e-m+fp/hard\libm.a
END GROUP
LOAD CMakeFiles/DigitalPowerCmake.elf.dir/Core/Src/adc.c.obj
LOAD CMakeFiles/DigitalPowerCmake.elf.dir/Core/Src/dma.c.obj
LOAD CMakeFiles/DigitalPowerCmake.elf.dir/Core/Src/gpio.c.obj
LOAD CMakeFiles/DigitalPowerCmake.elf.dir/Core/Src/hrtim.c.obj
LOAD CMakeFiles/DigitalPowerCmake.elf.dir/Core/Src/i2c.c.obj
LOAD CMakeFiles/DigitalPowerCmake.elf.dir/Core/Src/iwdg.c.obj
LOAD CMakeFiles/DigitalPowerCmake.elf.dir/Core/Src/main.c.obj
LOAD CMakeFiles/DigitalPowerCmake.elf.dir/Core/Src/spi.c.obj
LOAD CMakeFiles/DigitalPowerCmake.elf.dir/Core/Src/stm32g4xx_hal_msp.c.obj
LOAD CMakeFiles/DigitalPowerCmake.elf.dir/Core/Src/stm32g4xx_it.c.obj
LOAD CMakeFiles/DigitalPowerCmake.elf.dir/Core/Src/syscalls.c.obj
LOAD CMakeFiles/DigitalPowerCmake.elf.dir/Core/Src/sysmem.c.obj
LOAD CMakeFiles/DigitalPowerCmake.elf.dir/Core/Src/system_stm32g4xx.c.obj
LOAD CMakeFiles/DigitalPowerCmake.elf.dir/Core/Src/tim.c.obj
LOAD CMakeFiles/DigitalPowerCmake.elf.dir/Core/Src/usart.c.obj
LOAD CMakeFiles/DigitalPowerCmake.elf.dir/Drivers/STM32G4xx_HAL_Driver/Src/stm32g4xx_hal.c.obj
LOAD CMakeFiles/DigitalPowerCmake.elf.dir/Drivers/STM32G4xx_HAL_Driver/Src/stm32g4xx_hal_adc.c.obj
LOAD CMakeFiles/DigitalPowerCmake.elf.dir/Drivers/STM32G4xx_HAL_Driver/Src/stm32g4xx_hal_adc_ex.c.obj
LOAD CMakeFiles/DigitalPowerCmake.elf.dir/Drivers/STM32G4xx_HAL_Driver/Src/stm32g4xx_hal_cortex.c.obj
LOAD CMakeFiles/DigitalPowerCmake.elf.dir/Drivers/STM32G4xx_HAL_Driver/Src/stm32g4xx_hal_dma.c.obj
LOAD CMakeFiles/DigitalPowerCmake.elf.dir/Drivers/STM32G4xx_HAL_Driver/Src/stm32g4xx_hal_dma_ex.c.obj
LOAD CMakeFiles/DigitalPowerCmake.elf.dir/Drivers/STM32G4xx_HAL_Driver/Src/stm32g4xx_hal_exti.c.obj
LOAD CMakeFiles/DigitalPowerCmake.elf.dir/Drivers/STM32G4xx_HAL_Driver/Src/stm32g4xx_hal_flash.c.obj
LOAD CMakeFiles/DigitalPowerCmake.elf.dir/Drivers/STM32G4xx_HAL_Driver/Src/stm32g4xx_hal_flash_ex.c.obj
LOAD CMakeFiles/DigitalPowerCmake.elf.dir/Drivers/STM32G4xx_HAL_Driver/Src/stm32g4xx_hal_flash_ramfunc.c.obj
LOAD CMakeFiles/DigitalPowerCmake.elf.dir/Drivers/STM32G4xx_HAL_Driver/Src/stm32g4xx_hal_gpio.c.obj
LOAD CMakeFiles/DigitalPowerCmake.elf.dir/Drivers/STM32G4xx_HAL_Driver/Src/stm32g4xx_hal_hrtim.c.obj
LOAD CMakeFiles/DigitalPowerCmake.elf.dir/Drivers/STM32G4xx_HAL_Driver/Src/stm32g4xx_hal_i2c.c.obj
LOAD CMakeFiles/DigitalPowerCmake.elf.dir/Drivers/STM32G4xx_HAL_Driver/Src/stm32g4xx_hal_i2c_ex.c.obj
LOAD CMakeFiles/DigitalPowerCmake.elf.dir/Drivers/STM32G4xx_HAL_Driver/Src/stm32g4xx_hal_iwdg.c.obj
LOAD CMakeFiles/DigitalPowerCmake.elf.dir/Drivers/STM32G4xx_HAL_Driver/Src/stm32g4xx_hal_pwr.c.obj
LOAD CMakeFiles/DigitalPowerCmake.elf.dir/Drivers/STM32G4xx_HAL_Driver/Src/stm32g4xx_hal_pwr_ex.c.obj
LOAD CMakeFiles/DigitalPowerCmake.elf.dir/Drivers/STM32G4xx_HAL_Driver/Src/stm32g4xx_hal_rcc.c.obj
LOAD CMakeFiles/DigitalPowerCmake.elf.dir/Drivers/STM32G4xx_HAL_Driver/Src/stm32g4xx_hal_rcc_ex.c.obj
LOAD CMakeFiles/DigitalPowerCmake.elf.dir/Drivers/STM32G4xx_HAL_Driver/Src/stm32g4xx_hal_spi.c.obj
LOAD CMakeFiles/DigitalPowerCmake.elf.dir/Drivers/STM32G4xx_HAL_Driver/Src/stm32g4xx_hal_spi_ex.c.obj
LOAD CMakeFiles/DigitalPowerCmake.elf.dir/Drivers/STM32G4xx_HAL_Driver/Src/stm32g4xx_hal_tim.c.obj
LOAD CMakeFiles/DigitalPowerCmake.elf.dir/Drivers/STM32G4xx_HAL_Driver/Src/stm32g4xx_hal_tim_ex.c.obj
LOAD CMakeFiles/DigitalPowerCmake.elf.dir/Drivers/STM32G4xx_HAL_Driver/Src/stm32g4xx_hal_uart.c.obj
LOAD CMakeFiles/DigitalPowerCmake.elf.dir/Drivers/STM32G4xx_HAL_Driver/Src/stm32g4xx_hal_uart_ex.c.obj
LOAD CMakeFiles/DigitalPowerCmake.elf.dir/Drivers/STM32G4xx_HAL_Driver/Src/stm32g4xx_ll_adc.c.obj
LOAD CMakeFiles/DigitalPowerCmake.elf.dir/Core/Startup/startup_stm32g474retx.s.obj
START GROUP
LOAD C:/Users/luhui/AppData/Local/STM32Cube/bundles/gnu-tools-for-stm32/14.3.1+st.2/bin/../lib/gcc/arm-none-eabi/14.3.1/thumb/v7e-m+fp/hard\libgcc.a
LOAD C:/Users/luhui/AppData/Local/STM32Cube/bundles/gnu-tools-for-stm32/14.3.1+st.2/bin/../lib/gcc/arm-none-eabi/14.3.1/../../../../arm-none-eabi/lib/thumb/v7e-m+fp/hard\libc_nano.a
END GROUP
START GROUP
LOAD C:/Users/luhui/AppData/Local/STM32Cube/bundles/gnu-tools-for-stm32/14.3.1+st.2/bin/../lib/gcc/arm-none-eabi/14.3.1/thumb/v7e-m+fp/hard\libgcc.a
LOAD C:/Users/luhui/AppData/Local/STM32Cube/bundles/gnu-tools-for-stm32/14.3.1+st.2/bin/../lib/gcc/arm-none-eabi/14.3.1/../../../../arm-none-eabi/lib/thumb/v7e-m+fp/hard\libc_nano.a
END GROUP
LOAD C:/Users/luhui/AppData/Local/STM32Cube/bundles/gnu-tools-for-stm32/14.3.1+st.2/bin/../lib/gcc/arm-none-eabi/14.3.1/thumb/v7e-m+fp/hard/crtend.o
LOAD C:/Users/luhui/AppData/Local/STM32Cube/bundles/gnu-tools-for-stm32/14.3.1+st.2/bin/../lib/gcc/arm-none-eabi/14.3.1/thumb/v7e-m+fp/hard/crtn.o
                0x20020000                        _estack = (ORIGIN (RAM) + LENGTH (RAM))
                0x00000200                        _Min_Heap_Size = 0x200
                0x00000400                        _Min_Stack_Size = 0x400

.isr_vector     0x08000000      0x1d8
                0x08000000                        . = ALIGN (0x4)
 *(.isr_vector)
 .isr_vector    0x08000000      0x1d8 CMakeFiles/DigitalPowerCmake.elf.dir/Core/Startup/startup_stm32g474retx.s.obj
                0x08000000                g_pfnVectors
                0x080001d8                        . = ALIGN (0x4)

.text           0x080001d8     0x966c
                0x080001d8                        . = ALIGN (0x4)
 *(.text)
 .text          0x080001d8       0x40 C:/Users/luhui/AppData/Local/STM32Cube/bundles/gnu-tools-for-stm32/14.3.1+st.2/bin/../lib/gcc/arm-none-eabi/14.3.1/thumb/v7e-m+fp/hard/crtbegin.o
 .text          0x08000218       0x30 C:/Users/luhui/AppData/Local/STM32Cube/bundles/gnu-tools-for-stm32/14.3.1+st.2/bin/../lib/gcc/arm-none-eabi/14.3.1/thumb/v7e-m+fp/hard\libgcc.a(_aeabi_uldivmod.o)
                0x08000218                __aeabi_uldivmod
 .text          0x08000248      0x2f8 C:/Users/luhui/AppData/Local/STM32Cube/bundles/gnu-tools-for-stm32/14.3.1+st.2/bin/../lib/gcc/arm-none-eabi/14.3.1/thumb/v7e-m+fp/hard\libgcc.a(_udivmoddi4.o)
                0x08000248                __udivmoddi4
 .text          0x08000540        0x4 C:/Users/luhui/AppData/Local/STM32Cube/bundles/gnu-tools-for-stm32/14.3.1+st.2/bin/../lib/gcc/arm-none-eabi/14.3.1/thumb/v7e-m+fp/hard\libgcc.a(_dvmd_tls.o)
                0x08000540                __aeabi_idiv0
                0x08000540                __aeabi_ldiv0
 *(.text*)
 .text.memset   0x08000544       0x10 C:/Users/luhui/AppData/Local/STM32Cube/bundles/gnu-tools-for-stm32/14.3.1+st.2/bin/../lib/gcc/arm-none-eabi/14.3.1/../../../../arm-none-eabi/lib/thumb/v7e-m+fp/hard\libc_nano.a(libc_a-memset.o)
                0x08000544                memset
 .text.__libc_init_array
                0x08000554       0x48 C:/Users/luhui/AppData/Local/STM32Cube/bundles/gnu-tools-for-stm32/14.3.1+st.2/bin/../lib/gcc/arm-none-eabi/14.3.1/../../../../arm-none-eabi/lib/thumb/v7e-m+fp/hard\libc_nano.a(libc_a-init.o)
                0x08000554                __libc_init_array
 .text.MX_ADC1_Init
                0x0800059c      0x16c CMakeFiles/DigitalPowerCmake.elf.dir/Core/Src/adc.c.obj
                0x0800059c                MX_ADC1_Init
 .text.MX_ADC2_Init
                0x08000708       0xe4 CMakeFiles/DigitalPowerCmake.elf.dir/Core/Src/adc.c.obj
                0x08000708                MX_ADC2_Init
 .text.MX_ADC5_Init
                0x080007ec       0xe4 CMakeFiles/DigitalPowerCmake.elf.dir/Core/Src/adc.c.obj
                0x080007ec                MX_ADC5_Init
 .text.HAL_ADC_MspInit
                0x080008d0      0x1f0 CMakeFiles/DigitalPowerCmake.elf.dir/Core/Src/adc.c.obj
                0x080008d0                HAL_ADC_MspInit
 .text.MX_DMA_Init
                0x08000ac0       0x74 CMakeFiles/DigitalPowerCmake.elf.dir/Core/Src/dma.c.obj
                0x08000ac0                MX_DMA_Init
 .text.MX_GPIO_Init
                0x08000b34      0x174 CMakeFiles/DigitalPowerCmake.elf.dir/Core/Src/gpio.c.obj
                0x08000b34                MX_GPIO_Init
 .text.MX_HRTIM1_Init
                0x08000ca8      0x388 CMakeFiles/DigitalPowerCmake.elf.dir/Core/Src/hrtim.c.obj
                0x08000ca8                MX_HRTIM1_Init
 .text.HAL_HRTIM_MspInit
                0x08001030       0x4c CMakeFiles/DigitalPowerCmake.elf.dir/Core/Src/hrtim.c.obj
                0x08001030                HAL_HRTIM_MspInit
 .text.HAL_HRTIM_MspPostInit
                0x0800107c       0xac CMakeFiles/DigitalPowerCmake.elf.dir/Core/Src/hrtim.c.obj
                0x0800107c                HAL_HRTIM_MspPostInit
 .text.MX_I2C3_Init
                0x08001128       0x88 CMakeFiles/DigitalPowerCmake.elf.dir/Core/Src/i2c.c.obj
                0x08001128                MX_I2C3_Init
 .text.HAL_I2C_MspInit
                0x080011b0       0xf0 CMakeFiles/DigitalPowerCmake.elf.dir/Core/Src/i2c.c.obj
                0x080011b0                HAL_I2C_MspInit
 .text.MX_IWDG_Init
                0x080012a0       0x3c CMakeFiles/DigitalPowerCmake.elf.dir/Core/Src/iwdg.c.obj
                0x080012a0                MX_IWDG_Init
 .text.main     0x080012dc       0x46 CMakeFiles/DigitalPowerCmake.elf.dir/Core/Src/main.c.obj
                0x080012dc                main
 .text.SystemClock_Config
                0x08001322       0x9a CMakeFiles/DigitalPowerCmake.elf.dir/Core/Src/main.c.obj
                0x08001322                SystemClock_Config
 .text.Error_Handler
                0x080013bc        0xa CMakeFiles/DigitalPowerCmake.elf.dir/Core/Src/main.c.obj
                0x080013bc                Error_Handler
 *fill*         0x080013c6        0x2 
 .text.MX_SPI3_Init
                0x080013c8       0x7c CMakeFiles/DigitalPowerCmake.elf.dir/Core/Src/spi.c.obj
                0x080013c8                MX_SPI3_Init
 .text.HAL_SPI_MspInit
                0x08001444       0x88 CMakeFiles/DigitalPowerCmake.elf.dir/Core/Src/spi.c.obj
                0x08001444                HAL_SPI_MspInit
 .text.HAL_MspInit
                0x080014cc       0x48 CMakeFiles/DigitalPowerCmake.elf.dir/Core/Src/stm32g4xx_hal_msp.c.obj
                0x080014cc                HAL_MspInit
 .text.NMI_Handler
                0x08001514        0xa CMakeFiles/DigitalPowerCmake.elf.dir/Core/Src/stm32g4xx_it.c.obj
                0x08001514                NMI_Handler
 .text.HardFault_Handler
                0x0800151e        0x6 CMakeFiles/DigitalPowerCmake.elf.dir/Core/Src/stm32g4xx_it.c.obj
                0x0800151e                HardFault_Handler
 .text.MemManage_Handler
                0x08001524        0x6 CMakeFiles/DigitalPowerCmake.elf.dir/Core/Src/stm32g4xx_it.c.obj
                0x08001524                MemManage_Handler
 .text.BusFault_Handler
                0x0800152a        0x6 CMakeFiles/DigitalPowerCmake.elf.dir/Core/Src/stm32g4xx_it.c.obj
                0x0800152a                BusFault_Handler
 .text.UsageFault_Handler
                0x08001530        0x6 CMakeFiles/DigitalPowerCmake.elf.dir/Core/Src/stm32g4xx_it.c.obj
                0x08001530                UsageFault_Handler
 .text.SVC_Handler
                0x08001536        0xe CMakeFiles/DigitalPowerCmake.elf.dir/Core/Src/stm32g4xx_it.c.obj
                0x08001536                SVC_Handler
 .text.DebugMon_Handler
                0x08001544        0xe CMakeFiles/DigitalPowerCmake.elf.dir/Core/Src/stm32g4xx_it.c.obj
                0x08001544                DebugMon_Handler
 .text.PendSV_Handler
                0x08001552        0xe CMakeFiles/DigitalPowerCmake.elf.dir/Core/Src/stm32g4xx_it.c.obj
                0x08001552                PendSV_Handler
 .text.SysTick_Handler
                0x08001560        0xc CMakeFiles/DigitalPowerCmake.elf.dir/Core/Src/stm32g4xx_it.c.obj
                0x08001560                SysTick_Handler
 .text.EXTI0_IRQHandler
                0x0800156c        0xe CMakeFiles/DigitalPowerCmake.elf.dir/Core/Src/stm32g4xx_it.c.obj
                0x0800156c                EXTI0_IRQHandler
 *fill*         0x0800157a        0x2 
 .text.DMA1_Channel1_IRQHandler
                0x0800157c       0x14 CMakeFiles/DigitalPowerCmake.elf.dir/Core/Src/stm32g4xx_it.c.obj
                0x0800157c                DMA1_Channel1_IRQHandler
 .text.DMA1_Channel2_IRQHandler
                0x08001590       0x14 CMakeFiles/DigitalPowerCmake.elf.dir/Core/Src/stm32g4xx_it.c.obj
                0x08001590                DMA1_Channel2_IRQHandler
 .text.DMA1_Channel3_IRQHandler
                0x080015a4       0x14 CMakeFiles/DigitalPowerCmake.elf.dir/Core/Src/stm32g4xx_it.c.obj
                0x080015a4                DMA1_Channel3_IRQHandler
 .text.TIM2_IRQHandler
                0x080015b8       0x14 CMakeFiles/DigitalPowerCmake.elf.dir/Core/Src/stm32g4xx_it.c.obj
                0x080015b8                TIM2_IRQHandler
 .text.TIM3_IRQHandler
                0x080015cc       0x14 CMakeFiles/DigitalPowerCmake.elf.dir/Core/Src/stm32g4xx_it.c.obj
                0x080015cc                TIM3_IRQHandler
 .text.TIM4_IRQHandler
                0x080015e0       0x14 CMakeFiles/DigitalPowerCmake.elf.dir/Core/Src/stm32g4xx_it.c.obj
                0x080015e0                TIM4_IRQHandler
 .text.USART1_IRQHandler
                0x080015f4       0x14 CMakeFiles/DigitalPowerCmake.elf.dir/Core/Src/stm32g4xx_it.c.obj
                0x080015f4                USART1_IRQHandler
 .text.HRTIM1_TIMD_IRQHandler
                0x08001608       0x14 CMakeFiles/DigitalPowerCmake.elf.dir/Core/Src/stm32g4xx_it.c.obj
                0x08001608                HRTIM1_TIMD_IRQHandler
 .text.SystemInit
                0x0800161c       0x24 CMakeFiles/DigitalPowerCmake.elf.dir/Core/Src/system_stm32g4xx.c.obj
                0x0800161c                SystemInit
 .text.MX_TIM2_Init
                0x08001640       0x9c CMakeFiles/DigitalPowerCmake.elf.dir/Core/Src/tim.c.obj
                0x08001640                MX_TIM2_Init
 .text.MX_TIM3_Init
                0x080016dc       0x9c CMakeFiles/DigitalPowerCmake.elf.dir/Core/Src/tim.c.obj
                0x080016dc                MX_TIM3_Init
 .text.MX_TIM4_Init
                0x08001778       0x9c CMakeFiles/DigitalPowerCmake.elf.dir/Core/Src/tim.c.obj
                0x08001778                MX_TIM4_Init
 .text.MX_TIM8_Init
                0x08001814      0x164 CMakeFiles/DigitalPowerCmake.elf.dir/Core/Src/tim.c.obj
                0x08001814                MX_TIM8_Init
 .text.HAL_TIM_Base_MspInit
                0x08001978       0xe0 CMakeFiles/DigitalPowerCmake.elf.dir/Core/Src/tim.c.obj
                0x08001978                HAL_TIM_Base_MspInit
 .text.HAL_TIM_MspPostInit
                0x08001a58       0x70 CMakeFiles/DigitalPowerCmake.elf.dir/Core/Src/tim.c.obj
                0x08001a58                HAL_TIM_MspPostInit
 .text.MX_USART1_UART_Init
                0x08001ac8       0x98 CMakeFiles/DigitalPowerCmake.elf.dir/Core/Src/usart.c.obj
                0x08001ac8                MX_USART1_UART_Init
 .text.HAL_UART_MspInit
                0x08001b60      0x17c CMakeFiles/DigitalPowerCmake.elf.dir/Core/Src/usart.c.obj
                0x08001b60                HAL_UART_MspInit
 .text.HAL_Init
                0x08001cdc       0x30 CMakeFiles/DigitalPowerCmake.elf.dir/Drivers/STM32G4xx_HAL_Driver/Src/stm32g4xx_hal.c.obj
                0x08001cdc                HAL_Init
 .text.HAL_InitTick
                0x08001d0c       0x74 CMakeFiles/DigitalPowerCmake.elf.dir/Drivers/STM32G4xx_HAL_Driver/Src/stm32g4xx_hal.c.obj
                0x08001d0c                HAL_InitTick
 .text.HAL_IncTick
                0x08001d80       0x24 CMakeFiles/DigitalPowerCmake.elf.dir/Drivers/STM32G4xx_HAL_Driver/Src/stm32g4xx_hal.c.obj
                0x08001d80                HAL_IncTick
 .text.HAL_GetTick
                0x08001da4       0x18 CMakeFiles/DigitalPowerCmake.elf.dir/Drivers/STM32G4xx_HAL_Driver/Src/stm32g4xx_hal.c.obj
                0x08001da4                HAL_GetTick
 .text.LL_ADC_SetCommonClock
                0x08001dbc       0x26 CMakeFiles/DigitalPowerCmake.elf.dir/Drivers/STM32G4xx_HAL_Driver/Src/stm32g4xx_hal_adc.c.obj
 .text.LL_ADC_SetCommonPathInternalCh
                0x08001de2       0x26 CMakeFiles/DigitalPowerCmake.elf.dir/Drivers/STM32G4xx_HAL_Driver/Src/stm32g4xx_hal_adc.c.obj
 .text.LL_ADC_GetCommonPathInternalCh
                0x08001e08       0x1c CMakeFiles/DigitalPowerCmake.elf.dir/Drivers/STM32G4xx_HAL_Driver/Src/stm32g4xx_hal_adc.c.obj
 .text.LL_ADC_SetOffset
                0x08001e24       0x48 CMakeFiles/DigitalPowerCmake.elf.dir/Drivers/STM32G4xx_HAL_Driver/Src/stm32g4xx_hal_adc.c.obj
 .text.LL_ADC_GetOffsetChannel
                0x08001e6c       0x2c CMakeFiles/DigitalPowerCmake.elf.dir/Drivers/STM32G4xx_HAL_Driver/Src/stm32g4xx_hal_adc.c.obj
 .text.LL_ADC_SetOffsetState
                0x08001e98       0x36 CMakeFiles/DigitalPowerCmake.elf.dir/Drivers/STM32G4xx_HAL_Driver/Src/stm32g4xx_hal_adc.c.obj
 .text.LL_ADC_SetOffsetSign
                0x08001ece       0x36 CMakeFiles/DigitalPowerCmake.elf.dir/Drivers/STM32G4xx_HAL_Driver/Src/stm32g4xx_hal_adc.c.obj
 .text.LL_ADC_SetOffsetSaturation
                0x08001f04       0x36 CMakeFiles/DigitalPowerCmake.elf.dir/Drivers/STM32G4xx_HAL_Driver/Src/stm32g4xx_hal_adc.c.obj
 .text.LL_ADC_SetSamplingTimeCommonConfig
                0x08001f3a       0x26 CMakeFiles/DigitalPowerCmake.elf.dir/Drivers/STM32G4xx_HAL_Driver/Src/stm32g4xx_hal_adc.c.obj
 .text.LL_ADC_REG_SetSequencerRanks
                0x08001f60       0x58 CMakeFiles/DigitalPowerCmake.elf.dir/Drivers/STM32G4xx_HAL_Driver/Src/stm32g4xx_hal_adc.c.obj
 .text.LL_ADC_SetChannelSamplingTime
                0x08001fb8       0x56 CMakeFiles/DigitalPowerCmake.elf.dir/Drivers/STM32G4xx_HAL_Driver/Src/stm32g4xx_hal_adc.c.obj
 *fill*         0x0800200e        0x2 
 .text.LL_ADC_SetChannelSingleDiff
                0x08002010       0x48 CMakeFiles/DigitalPowerCmake.elf.dir/Drivers/STM32G4xx_HAL_Driver/Src/stm32g4xx_hal_adc.c.obj
 .text.LL_ADC_DisableDeepPowerDown
                0x08002058       0x24 CMakeFiles/DigitalPowerCmake.elf.dir/Drivers/STM32G4xx_HAL_Driver/Src/stm32g4xx_hal_adc.c.obj
 .text.LL_ADC_IsDeepPowerDownEnabled
                0x0800207c       0x28 CMakeFiles/DigitalPowerCmake.elf.dir/Drivers/STM32G4xx_HAL_Driver/Src/stm32g4xx_hal_adc.c.obj
 .text.LL_ADC_EnableInternalRegulator
                0x080020a4       0x28 CMakeFiles/DigitalPowerCmake.elf.dir/Drivers/STM32G4xx_HAL_Driver/Src/stm32g4xx_hal_adc.c.obj
 .text.LL_ADC_IsInternalRegulatorEnabled
                0x080020cc       0x28 CMakeFiles/DigitalPowerCmake.elf.dir/Drivers/STM32G4xx_HAL_Driver/Src/stm32g4xx_hal_adc.c.obj
 .text.LL_ADC_IsEnabled
                0x080020f4       0x26 CMakeFiles/DigitalPowerCmake.elf.dir/Drivers/STM32G4xx_HAL_Driver/Src/stm32g4xx_hal_adc.c.obj
 .text.LL_ADC_REG_IsConversionOngoing
                0x0800211a       0x26 CMakeFiles/DigitalPowerCmake.elf.dir/Drivers/STM32G4xx_HAL_Driver/Src/stm32g4xx_hal_adc.c.obj
 .text.LL_ADC_INJ_IsConversionOngoing
                0x08002140       0x26 CMakeFiles/DigitalPowerCmake.elf.dir/Drivers/STM32G4xx_HAL_Driver/Src/stm32g4xx_hal_adc.c.obj
 *fill*         0x08002166        0x2 
 .text.HAL_ADC_Init
                0x08002168      0x378 CMakeFiles/DigitalPowerCmake.elf.dir/Drivers/STM32G4xx_HAL_Driver/Src/stm32g4xx_hal_adc.c.obj
                0x08002168                HAL_ADC_Init
 .text.HAL_ADC_ConfigChannel
                0x080024e0      0x880 CMakeFiles/DigitalPowerCmake.elf.dir/Drivers/STM32G4xx_HAL_Driver/Src/stm32g4xx_hal_adc.c.obj
                0x080024e0                HAL_ADC_ConfigChannel
 .text.LL_ADC_IsEnabled
                0x08002d60       0x26 CMakeFiles/DigitalPowerCmake.elf.dir/Drivers/STM32G4xx_HAL_Driver/Src/stm32g4xx_hal_adc_ex.c.obj
 .text.LL_ADC_REG_IsConversionOngoing
                0x08002d86       0x26 CMakeFiles/DigitalPowerCmake.elf.dir/Drivers/STM32G4xx_HAL_Driver/Src/stm32g4xx_hal_adc_ex.c.obj
 .text.HAL_ADCEx_MultiModeConfigChannel
                0x08002dac      0x210 CMakeFiles/DigitalPowerCmake.elf.dir/Drivers/STM32G4xx_HAL_Driver/Src/stm32g4xx_hal_adc_ex.c.obj
                0x08002dac                HAL_ADCEx_MultiModeConfigChannel
 .text.__NVIC_SetPriorityGrouping
                0x08002fbc       0x48 CMakeFiles/DigitalPowerCmake.elf.dir/Drivers/STM32G4xx_HAL_Driver/Src/stm32g4xx_hal_cortex.c.obj
 .text.__NVIC_GetPriorityGrouping
                0x08003004       0x1c CMakeFiles/DigitalPowerCmake.elf.dir/Drivers/STM32G4xx_HAL_Driver/Src/stm32g4xx_hal_cortex.c.obj
 .text.__NVIC_EnableIRQ
                0x08003020       0x3c CMakeFiles/DigitalPowerCmake.elf.dir/Drivers/STM32G4xx_HAL_Driver/Src/stm32g4xx_hal_cortex.c.obj
 .text.__NVIC_SetPriority
                0x0800305c       0x54 CMakeFiles/DigitalPowerCmake.elf.dir/Drivers/STM32G4xx_HAL_Driver/Src/stm32g4xx_hal_cortex.c.obj
 .text.NVIC_EncodePriority
                0x080030b0       0x66 CMakeFiles/DigitalPowerCmake.elf.dir/Drivers/STM32G4xx_HAL_Driver/Src/stm32g4xx_hal_cortex.c.obj
 *fill*         0x08003116        0x2 
 .text.SysTick_Config
                0x08003118       0x44 CMakeFiles/DigitalPowerCmake.elf.dir/Drivers/STM32G4xx_HAL_Driver/Src/stm32g4xx_hal_cortex.c.obj
 .text.HAL_NVIC_SetPriorityGrouping
                0x0800315c       0x16 CMakeFiles/DigitalPowerCmake.elf.dir/Drivers/STM32G4xx_HAL_Driver/Src/stm32g4xx_hal_cortex.c.obj
                0x0800315c                HAL_NVIC_SetPriorityGrouping
 .text.HAL_NVIC_SetPriority
                0x08003172       0x34 CMakeFiles/DigitalPowerCmake.elf.dir/Drivers/STM32G4xx_HAL_Driver/Src/stm32g4xx_hal_cortex.c.obj
                0x08003172                HAL_NVIC_SetPriority
 .text.HAL_NVIC_EnableIRQ
                0x080031a6       0x1c CMakeFiles/DigitalPowerCmake.elf.dir/Drivers/STM32G4xx_HAL_Driver/Src/stm32g4xx_hal_cortex.c.obj
                0x080031a6                HAL_NVIC_EnableIRQ
 .text.HAL_SYSTICK_Config
                0x080031c2       0x18 CMakeFiles/DigitalPowerCmake.elf.dir/Drivers/STM32G4xx_HAL_Driver/Src/stm32g4xx_hal_cortex.c.obj
                0x080031c2                HAL_SYSTICK_Config
 *fill*         0x080031da        0x2 
 .text.HAL_DMA_Init
                0x080031dc      0x150 CMakeFiles/DigitalPowerCmake.elf.dir/Drivers/STM32G4xx_HAL_Driver/Src/stm32g4xx_hal_dma.c.obj
                0x080031dc                HAL_DMA_Init
 .text.HAL_DMA_Abort
                0x0800332c       0xb2 CMakeFiles/DigitalPowerCmake.elf.dir/Drivers/STM32G4xx_HAL_Driver/Src/stm32g4xx_hal_dma.c.obj
                0x0800332c                HAL_DMA_Abort
 .text.HAL_DMA_Abort_IT
                0x080033de       0xce CMakeFiles/DigitalPowerCmake.elf.dir/Drivers/STM32G4xx_HAL_Driver/Src/stm32g4xx_hal_dma.c.obj
                0x080033de                HAL_DMA_Abort_IT
 .text.HAL_DMA_IRQHandler
                0x080034ac      0x15e CMakeFiles/DigitalPowerCmake.elf.dir/Drivers/STM32G4xx_HAL_Driver/Src/stm32g4xx_hal_dma.c.obj
                0x080034ac                HAL_DMA_IRQHandler
 *fill*         0x0800360a        0x2 
 .text.DMA_CalcDMAMUXChannelBaseAndMask
                0x0800360c       0x7c CMakeFiles/DigitalPowerCmake.elf.dir/Drivers/STM32G4xx_HAL_Driver/Src/stm32g4xx_hal_dma.c.obj
 .text.DMA_CalcDMAMUXRequestGenBaseAndMask
                0x08003688       0x48 CMakeFiles/DigitalPowerCmake.elf.dir/Drivers/STM32G4xx_HAL_Driver/Src/stm32g4xx_hal_dma.c.obj
 .text.HAL_GPIO_Init
                0x080036d0      0x304 CMakeFiles/DigitalPowerCmake.elf.dir/Drivers/STM32G4xx_HAL_Driver/Src/stm32g4xx_hal_gpio.c.obj
                0x080036d0                HAL_GPIO_Init
 .text.HAL_GPIO_WritePin
                0x080039d4       0x30 CMakeFiles/DigitalPowerCmake.elf.dir/Drivers/STM32G4xx_HAL_Driver/Src/stm32g4xx_hal_gpio.c.obj
                0x080039d4                HAL_GPIO_WritePin
 .text.HAL_GPIO_EXTI_IRQHandler
                0x08003a04       0x30 CMakeFiles/DigitalPowerCmake.elf.dir/Drivers/STM32G4xx_HAL_Driver/Src/stm32g4xx_hal_gpio.c.obj
                0x08003a04                HAL_GPIO_EXTI_IRQHandler
 .text.HAL_GPIO_EXTI_Callback
                0x08003a34       0x16 CMakeFiles/DigitalPowerCmake.elf.dir/Drivers/STM32G4xx_HAL_Driver/Src/stm32g4xx_hal_gpio.c.obj
                0x08003a34                HAL_GPIO_EXTI_Callback
 *fill*         0x08003a4a        0x2 
 .text.HAL_HRTIM_Init
                0x08003a4c      0x1a0 CMakeFiles/DigitalPowerCmake.elf.dir/Drivers/STM32G4xx_HAL_Driver/Src/stm32g4xx_hal_hrtim.c.obj
                0x08003a4c                HAL_HRTIM_Init
 .text.HAL_HRTIM_DLLCalibrationStart
                0x08003bec       0xb0 CMakeFiles/DigitalPowerCmake.elf.dir/Drivers/STM32G4xx_HAL_Driver/Src/stm32g4xx_hal_hrtim.c.obj
                0x08003bec                HAL_HRTIM_DLLCalibrationStart
 .text.HAL_HRTIM_PollForDLLCalibration
                0x08003c9c       0x68 CMakeFiles/DigitalPowerCmake.elf.dir/Drivers/STM32G4xx_HAL_Driver/Src/stm32g4xx_hal_hrtim.c.obj
                0x08003c9c                HAL_HRTIM_PollForDLLCalibration
 .text.HAL_HRTIM_TimeBaseConfig
                0x08003d04       0x50 CMakeFiles/DigitalPowerCmake.elf.dir/Drivers/STM32G4xx_HAL_Driver/Src/stm32g4xx_hal_hrtim.c.obj
                0x08003d04                HAL_HRTIM_TimeBaseConfig
 .text.HAL_HRTIM_ADCTriggerConfig
                0x08003d54      0x3d8 CMakeFiles/DigitalPowerCmake.elf.dir/Drivers/STM32G4xx_HAL_Driver/Src/stm32g4xx_hal_hrtim.c.obj
                0x08003d54                HAL_HRTIM_ADCTriggerConfig
 .text.HAL_HRTIM_ADCPostScalerConfig
                0x0800412c      0x294 CMakeFiles/DigitalPowerCmake.elf.dir/Drivers/STM32G4xx_HAL_Driver/Src/stm32g4xx_hal_hrtim.c.obj
                0x0800412c                HAL_HRTIM_ADCPostScalerConfig
 .text.HAL_HRTIM_WaveformTimerConfig
                0x080043c0      0x11a CMakeFiles/DigitalPowerCmake.elf.dir/Drivers/STM32G4xx_HAL_Driver/Src/stm32g4xx_hal_hrtim.c.obj
                0x080043c0                HAL_HRTIM_WaveformTimerConfig
 .text.HAL_HRTIM_WaveformTimerControl
                0x080044da       0x66 CMakeFiles/DigitalPowerCmake.elf.dir/Drivers/STM32G4xx_HAL_Driver/Src/stm32g4xx_hal_hrtim.c.obj
                0x080044da                HAL_HRTIM_WaveformTimerControl
 .text.HAL_HRTIM_DeadTimeConfig
                0x08004540      0x100 CMakeFiles/DigitalPowerCmake.elf.dir/Drivers/STM32G4xx_HAL_Driver/Src/stm32g4xx_hal_hrtim.c.obj
                0x08004540                HAL_HRTIM_DeadTimeConfig
 .text.HAL_HRTIM_WaveformCompareConfig
                0x08004640      0x2dc CMakeFiles/DigitalPowerCmake.elf.dir/Drivers/STM32G4xx_HAL_Driver/Src/stm32g4xx_hal_hrtim.c.obj
                0x08004640                HAL_HRTIM_WaveformCompareConfig
 .text.HAL_HRTIM_WaveformOutputConfig
                0x0800491c       0x62 CMakeFiles/DigitalPowerCmake.elf.dir/Drivers/STM32G4xx_HAL_Driver/Src/stm32g4xx_hal_hrtim.c.obj
                0x0800491c                HAL_HRTIM_WaveformOutputConfig
 .text.HAL_HRTIM_IRQHandler
                0x0800497e       0x36 CMakeFiles/DigitalPowerCmake.elf.dir/Drivers/STM32G4xx_HAL_Driver/Src/stm32g4xx_hal_hrtim.c.obj
                0x0800497e                HAL_HRTIM_IRQHandler
 .text.HAL_HRTIM_Fault1Callback
                0x080049b4       0x14 CMakeFiles/DigitalPowerCmake.elf.dir/Drivers/STM32G4xx_HAL_Driver/Src/stm32g4xx_hal_hrtim.c.obj
                0x080049b4                HAL_HRTIM_Fault1Callback
 .text.HAL_HRTIM_Fault2Callback
                0x080049c8       0x14 CMakeFiles/DigitalPowerCmake.elf.dir/Drivers/STM32G4xx_HAL_Driver/Src/stm32g4xx_hal_hrtim.c.obj
                0x080049c8                HAL_HRTIM_Fault2Callback
 .text.HAL_HRTIM_Fault3Callback
                0x080049dc       0x14 CMakeFiles/DigitalPowerCmake.elf.dir/Drivers/STM32G4xx_HAL_Driver/Src/stm32g4xx_hal_hrtim.c.obj
                0x080049dc                HAL_HRTIM_Fault3Callback
 .text.HAL_HRTIM_Fault4Callback
                0x080049f0       0x14 CMakeFiles/DigitalPowerCmake.elf.dir/Drivers/STM32G4xx_HAL_Driver/Src/stm32g4xx_hal_hrtim.c.obj
                0x080049f0                HAL_HRTIM_Fault4Callback
 .text.HAL_HRTIM_Fault5Callback
                0x08004a04       0x14 CMakeFiles/DigitalPowerCmake.elf.dir/Drivers/STM32G4xx_HAL_Driver/Src/stm32g4xx_hal_hrtim.c.obj
                0x08004a04                HAL_HRTIM_Fault5Callback
 .text.HAL_HRTIM_Fault6Callback
                0x08004a18       0x14 CMakeFiles/DigitalPowerCmake.elf.dir/Drivers/STM32G4xx_HAL_Driver/Src/stm32g4xx_hal_hrtim.c.obj
                0x08004a18                HAL_HRTIM_Fault6Callback
 .text.HAL_HRTIM_SystemFaultCallback
                0x08004a2c       0x14 CMakeFiles/DigitalPowerCmake.elf.dir/Drivers/STM32G4xx_HAL_Driver/Src/stm32g4xx_hal_hrtim.c.obj
                0x08004a2c                HAL_HRTIM_SystemFaultCallback
 .text.HAL_HRTIM_DLLCalibrationReadyCallback
                0x08004a40       0x14 CMakeFiles/DigitalPowerCmake.elf.dir/Drivers/STM32G4xx_HAL_Driver/Src/stm32g4xx_hal_hrtim.c.obj
                0x08004a40                HAL_HRTIM_DLLCalibrationReadyCallback
 .text.HAL_HRTIM_BurstModePeriodCallback
                0x08004a54       0x14 CMakeFiles/DigitalPowerCmake.elf.dir/Drivers/STM32G4xx_HAL_Driver/Src/stm32g4xx_hal_hrtim.c.obj
                0x08004a54                HAL_HRTIM_BurstModePeriodCallback
 .text.HAL_HRTIM_SynchronizationEventCallback
                0x08004a68       0x14 CMakeFiles/DigitalPowerCmake.elf.dir/Drivers/STM32G4xx_HAL_Driver/Src/stm32g4xx_hal_hrtim.c.obj
                0x08004a68                HAL_HRTIM_SynchronizationEventCallback
 .text.HAL_HRTIM_RegistersUpdateCallback
                0x08004a7c       0x16 CMakeFiles/DigitalPowerCmake.elf.dir/Drivers/STM32G4xx_HAL_Driver/Src/stm32g4xx_hal_hrtim.c.obj
                0x08004a7c                HAL_HRTIM_RegistersUpdateCallback
 .text.HAL_HRTIM_RepetitionEventCallback
                0x08004a92       0x16 CMakeFiles/DigitalPowerCmake.elf.dir/Drivers/STM32G4xx_HAL_Driver/Src/stm32g4xx_hal_hrtim.c.obj
                0x08004a92                HAL_HRTIM_RepetitionEventCallback
 .text.HAL_HRTIM_Compare1EventCallback
                0x08004aa8       0x16 CMakeFiles/DigitalPowerCmake.elf.dir/Drivers/STM32G4xx_HAL_Driver/Src/stm32g4xx_hal_hrtim.c.obj
                0x08004aa8                HAL_HRTIM_Compare1EventCallback
 .text.HAL_HRTIM_Compare2EventCallback
                0x08004abe       0x16 CMakeFiles/DigitalPowerCmake.elf.dir/Drivers/STM32G4xx_HAL_Driver/Src/stm32g4xx_hal_hrtim.c.obj
                0x08004abe                HAL_HRTIM_Compare2EventCallback
 .text.HAL_HRTIM_Compare3EventCallback
                0x08004ad4       0x16 CMakeFiles/DigitalPowerCmake.elf.dir/Drivers/STM32G4xx_HAL_Driver/Src/stm32g4xx_hal_hrtim.c.obj
                0x08004ad4                HAL_HRTIM_Compare3EventCallback
 .text.HAL_HRTIM_Compare4EventCallback
                0x08004aea       0x16 CMakeFiles/DigitalPowerCmake.elf.dir/Drivers/STM32G4xx_HAL_Driver/Src/stm32g4xx_hal_hrtim.c.obj
                0x08004aea                HAL_HRTIM_Compare4EventCallback
 .text.HAL_HRTIM_Capture1EventCallback
                0x08004b00       0x16 CMakeFiles/DigitalPowerCmake.elf.dir/Drivers/STM32G4xx_HAL_Driver/Src/stm32g4xx_hal_hrtim.c.obj
                0x08004b00                HAL_HRTIM_Capture1EventCallback
 .text.HAL_HRTIM_Capture2EventCallback
                0x08004b16       0x16 CMakeFiles/DigitalPowerCmake.elf.dir/Drivers/STM32G4xx_HAL_Driver/Src/stm32g4xx_hal_hrtim.c.obj
                0x08004b16                HAL_HRTIM_Capture2EventCallback
 .text.HAL_HRTIM_DelayedProtectionCallback
                0x08004b2c       0x16 CMakeFiles/DigitalPowerCmake.elf.dir/Drivers/STM32G4xx_HAL_Driver/Src/stm32g4xx_hal_hrtim.c.obj
                0x08004b2c                HAL_HRTIM_DelayedProtectionCallback
 .text.HAL_HRTIM_CounterResetCallback
                0x08004b42       0x16 CMakeFiles/DigitalPowerCmake.elf.dir/Drivers/STM32G4xx_HAL_Driver/Src/stm32g4xx_hal_hrtim.c.obj
                0x08004b42                HAL_HRTIM_CounterResetCallback
 .text.HAL_HRTIM_Output1SetCallback
                0x08004b58       0x16 CMakeFiles/DigitalPowerCmake.elf.dir/Drivers/STM32G4xx_HAL_Driver/Src/stm32g4xx_hal_hrtim.c.obj
                0x08004b58                HAL_HRTIM_Output1SetCallback
 .text.HAL_HRTIM_Output1ResetCallback
                0x08004b6e       0x16 CMakeFiles/DigitalPowerCmake.elf.dir/Drivers/STM32G4xx_HAL_Driver/Src/stm32g4xx_hal_hrtim.c.obj
                0x08004b6e                HAL_HRTIM_Output1ResetCallback
 .text.HAL_HRTIM_Output2SetCallback
                0x08004b84       0x16 CMakeFiles/DigitalPowerCmake.elf.dir/Drivers/STM32G4xx_HAL_Driver/Src/stm32g4xx_hal_hrtim.c.obj
                0x08004b84                HAL_HRTIM_Output2SetCallback
 .text.HAL_HRTIM_Output2ResetCallback
                0x08004b9a       0x16 CMakeFiles/DigitalPowerCmake.elf.dir/Drivers/STM32G4xx_HAL_Driver/Src/stm32g4xx_hal_hrtim.c.obj
                0x08004b9a                HAL_HRTIM_Output2ResetCallback
 .text.HRTIM_MasterBase_Config
                0x08004bb0       0x5e CMakeFiles/DigitalPowerCmake.elf.dir/Drivers/STM32G4xx_HAL_Driver/Src/stm32g4xx_hal_hrtim.c.obj
 .text.HRTIM_TimingUnitBase_Config
                0x08004c0e       0x80 CMakeFiles/DigitalPowerCmake.elf.dir/Drivers/STM32G4xx_HAL_Driver/Src/stm32g4xx_hal_hrtim.c.obj
 .text.HRTIM_MasterWaveform_Config
                0x08004c8e      0x13a CMakeFiles/DigitalPowerCmake.elf.dir/Drivers/STM32G4xx_HAL_Driver/Src/stm32g4xx_hal_hrtim.c.obj
 .text.HRTIM_TimingUnitWaveform_Config
                0x08004dc8      0x30c CMakeFiles/DigitalPowerCmake.elf.dir/Drivers/STM32G4xx_HAL_Driver/Src/stm32g4xx_hal_hrtim.c.obj
 .text.HRTIM_TimingUnitWaveform_Control
                0x080050d4       0xc0 CMakeFiles/DigitalPowerCmake.elf.dir/Drivers/STM32G4xx_HAL_Driver/Src/stm32g4xx_hal_hrtim.c.obj
 .text.HRTIM_OutputConfig
                0x08005194      0x1d0 CMakeFiles/DigitalPowerCmake.elf.dir/Drivers/STM32G4xx_HAL_Driver/Src/stm32g4xx_hal_hrtim.c.obj
 .text.HRTIM_ForceRegistersUpdate
                0x08005364       0xdc CMakeFiles/DigitalPowerCmake.elf.dir/Drivers/STM32G4xx_HAL_Driver/Src/stm32g4xx_hal_hrtim.c.obj
 .text.HRTIM_HRTIM_ISR
                0x08005440      0x120 CMakeFiles/DigitalPowerCmake.elf.dir/Drivers/STM32G4xx_HAL_Driver/Src/stm32g4xx_hal_hrtim.c.obj
 .text.HRTIM_Master_ISR
                0x08005560      0x18a CMakeFiles/DigitalPowerCmake.elf.dir/Drivers/STM32G4xx_HAL_Driver/Src/stm32g4xx_hal_hrtim.c.obj
 .text.HRTIM_Timer_ISR
                0x080056ea      0x2aa CMakeFiles/DigitalPowerCmake.elf.dir/Drivers/STM32G4xx_HAL_Driver/Src/stm32g4xx_hal_hrtim.c.obj
 .text.HAL_I2C_Init
                0x08005994      0x136 CMakeFiles/DigitalPowerCmake.elf.dir/Drivers/STM32G4xx_HAL_Driver/Src/stm32g4xx_hal_i2c.c.obj
                0x08005994                HAL_I2C_Init
 .text.HAL_I2CEx_ConfigAnalogFilter
                0x08005aca       0x96 CMakeFiles/DigitalPowerCmake.elf.dir/Drivers/STM32G4xx_HAL_Driver/Src/stm32g4xx_hal_i2c_ex.c.obj
                0x08005aca                HAL_I2CEx_ConfigAnalogFilter
 .text.HAL_I2CEx_ConfigDigitalFilter
                0x08005b60       0x98 CMakeFiles/DigitalPowerCmake.elf.dir/Drivers/STM32G4xx_HAL_Driver/Src/stm32g4xx_hal_i2c_ex.c.obj
                0x08005b60                HAL_I2CEx_ConfigDigitalFilter
 .text.HAL_I2CEx_EnableFastModePlus
                0x08005bf8       0x40 CMakeFiles/DigitalPowerCmake.elf.dir/Drivers/STM32G4xx_HAL_Driver/Src/stm32g4xx_hal_i2c_ex.c.obj
                0x08005bf8                HAL_I2CEx_EnableFastModePlus
 .text.HAL_IWDG_Init
                0x08005c38       0x9e CMakeFiles/DigitalPowerCmake.elf.dir/Drivers/STM32G4xx_HAL_Driver/Src/stm32g4xx_hal_iwdg.c.obj
                0x08005c38                HAL_IWDG_Init
 *fill*         0x08005cd6        0x2 
 .text.HAL_PWREx_ControlVoltageScaling
                0x08005cd8      0x148 CMakeFiles/DigitalPowerCmake.elf.dir/Drivers/STM32G4xx_HAL_Driver/Src/stm32g4xx_hal_pwr_ex.c.obj
                0x08005cd8                HAL_PWREx_ControlVoltageScaling
 .text.HAL_PWREx_DisableUCPDDeadBattery
                0x08005e20       0x20 CMakeFiles/DigitalPowerCmake.elf.dir/Drivers/STM32G4xx_HAL_Driver/Src/stm32g4xx_hal_pwr_ex.c.obj
                0x08005e20                HAL_PWREx_DisableUCPDDeadBattery
 .text.HAL_RCC_OscConfig
                0x08005e40      0x624 CMakeFiles/DigitalPowerCmake.elf.dir/Drivers/STM32G4xx_HAL_Driver/Src/stm32g4xx_hal_rcc.c.obj
                0x08005e40                HAL_RCC_OscConfig
 .text.HAL_RCC_ClockConfig
                0x08006464      0x278 CMakeFiles/DigitalPowerCmake.elf.dir/Drivers/STM32G4xx_HAL_Driver/Src/stm32g4xx_hal_rcc.c.obj
                0x08006464                HAL_RCC_ClockConfig
 .text.HAL_RCC_GetSysClockFreq
                0x080066dc       0xc4 CMakeFiles/DigitalPowerCmake.elf.dir/Drivers/STM32G4xx_HAL_Driver/Src/stm32g4xx_hal_rcc.c.obj
                0x080066dc                HAL_RCC_GetSysClockFreq
 .text.HAL_RCC_GetHCLKFreq
                0x080067a0       0x18 CMakeFiles/DigitalPowerCmake.elf.dir/Drivers/STM32G4xx_HAL_Driver/Src/stm32g4xx_hal_rcc.c.obj
                0x080067a0                HAL_RCC_GetHCLKFreq
 .text.HAL_RCC_GetPCLK1Freq
                0x080067b8       0x2c CMakeFiles/DigitalPowerCmake.elf.dir/Drivers/STM32G4xx_HAL_Driver/Src/stm32g4xx_hal_rcc.c.obj
                0x080067b8                HAL_RCC_GetPCLK1Freq
 .text.HAL_RCC_GetPCLK2Freq
                0x080067e4       0x2c CMakeFiles/DigitalPowerCmake.elf.dir/Drivers/STM32G4xx_HAL_Driver/Src/stm32g4xx_hal_rcc.c.obj
                0x080067e4                HAL_RCC_GetPCLK2Freq
 .text.HAL_RCC_EnableCSS
                0x08006810       0x20 CMakeFiles/DigitalPowerCmake.elf.dir/Drivers/STM32G4xx_HAL_Driver/Src/stm32g4xx_hal_rcc.c.obj
                0x08006810                HAL_RCC_EnableCSS
 .text.HAL_RCC_NMI_IRQHandler
                0x08006830       0x28 CMakeFiles/DigitalPowerCmake.elf.dir/Drivers/STM32G4xx_HAL_Driver/Src/stm32g4xx_hal_rcc.c.obj
                0x08006830                HAL_RCC_NMI_IRQHandler
 .text.HAL_RCC_CSSCallback
                0x08006858        0xe CMakeFiles/DigitalPowerCmake.elf.dir/Drivers/STM32G4xx_HAL_Driver/Src/stm32g4xx_hal_rcc.c.obj
                0x08006858                HAL_RCC_CSSCallback
 *fill*         0x08006866        0x2 
 .text.RCC_GetSysClockFreqFromPLLSource
                0x08006868       0x8c CMakeFiles/DigitalPowerCmake.elf.dir/Drivers/STM32G4xx_HAL_Driver/Src/stm32g4xx_hal_rcc.c.obj
 .text.HAL_RCCEx_PeriphCLKConfig
                0x080068f4      0x49c CMakeFiles/DigitalPowerCmake.elf.dir/Drivers/STM32G4xx_HAL_Driver/Src/stm32g4xx_hal_rcc_ex.c.obj
                0x080068f4                HAL_RCCEx_PeriphCLKConfig
 .text.HAL_SPI_Init
                0x08006d90      0x156 CMakeFiles/DigitalPowerCmake.elf.dir/Drivers/STM32G4xx_HAL_Driver/Src/stm32g4xx_hal_spi.c.obj
                0x08006d90                HAL_SPI_Init
 .text.HAL_TIM_Base_Init
                0x08006ee6       0xae CMakeFiles/DigitalPowerCmake.elf.dir/Drivers/STM32G4xx_HAL_Driver/Src/stm32g4xx_hal_tim.c.obj
                0x08006ee6                HAL_TIM_Base_Init
 .text.HAL_TIM_PWM_Init
                0x08006f94       0xae CMakeFiles/DigitalPowerCmake.elf.dir/Drivers/STM32G4xx_HAL_Driver/Src/stm32g4xx_hal_tim.c.obj
                0x08006f94                HAL_TIM_PWM_Init
 .text.HAL_TIM_PWM_MspInit
                0x08007042       0x14 CMakeFiles/DigitalPowerCmake.elf.dir/Drivers/STM32G4xx_HAL_Driver/Src/stm32g4xx_hal_tim.c.obj
                0x08007042                HAL_TIM_PWM_MspInit
 .text.HAL_TIM_IRQHandler
                0x08007056      0x29e CMakeFiles/DigitalPowerCmake.elf.dir/Drivers/STM32G4xx_HAL_Driver/Src/stm32g4xx_hal_tim.c.obj
                0x08007056                HAL_TIM_IRQHandler
 .text.HAL_TIM_PWM_ConfigChannel
                0x080072f4      0x228 CMakeFiles/DigitalPowerCmake.elf.dir/Drivers/STM32G4xx_HAL_Driver/Src/stm32g4xx_hal_tim.c.obj
                0x080072f4                HAL_TIM_PWM_ConfigChannel
 .text.HAL_TIM_ConfigClockSource
                0x0800751c      0x22c CMakeFiles/DigitalPowerCmake.elf.dir/Drivers/STM32G4xx_HAL_Driver/Src/stm32g4xx_hal_tim.c.obj
                0x0800751c                HAL_TIM_ConfigClockSource
 .text.HAL_TIM_PeriodElapsedCallback
                0x08007748       0x14 CMakeFiles/DigitalPowerCmake.elf.dir/Drivers/STM32G4xx_HAL_Driver/Src/stm32g4xx_hal_tim.c.obj
                0x08007748                HAL_TIM_PeriodElapsedCallback
 .text.HAL_TIM_OC_DelayElapsedCallback
                0x0800775c       0x14 CMakeFiles/DigitalPowerCmake.elf.dir/Drivers/STM32G4xx_HAL_Driver/Src/stm32g4xx_hal_tim.c.obj
                0x0800775c                HAL_TIM_OC_DelayElapsedCallback
 .text.HAL_TIM_IC_CaptureCallback
                0x08007770       0x14 CMakeFiles/DigitalPowerCmake.elf.dir/Drivers/STM32G4xx_HAL_Driver/Src/stm32g4xx_hal_tim.c.obj
                0x08007770                HAL_TIM_IC_CaptureCallback
 .text.HAL_TIM_PWM_PulseFinishedCallback
                0x08007784       0x14 CMakeFiles/DigitalPowerCmake.elf.dir/Drivers/STM32G4xx_HAL_Driver/Src/stm32g4xx_hal_tim.c.obj
                0x08007784                HAL_TIM_PWM_PulseFinishedCallback
 .text.HAL_TIM_TriggerCallback
                0x08007798       0x14 CMakeFiles/DigitalPowerCmake.elf.dir/Drivers/STM32G4xx_HAL_Driver/Src/stm32g4xx_hal_tim.c.obj
                0x08007798                HAL_TIM_TriggerCallback
 .text.TIM_Base_SetConfig
                0x080077ac      0x168 CMakeFiles/DigitalPowerCmake.elf.dir/Drivers/STM32G4xx_HAL_Driver/Src/stm32g4xx_hal_tim.c.obj
                0x080077ac                TIM_Base_SetConfig
 .text.TIM_OC1_SetConfig
                0x08007914      0x134 CMakeFiles/DigitalPowerCmake.elf.dir/Drivers/STM32G4xx_HAL_Driver/Src/stm32g4xx_hal_tim.c.obj
 .text.TIM_OC2_SetConfig
                0x08007a48      0x128 CMakeFiles/DigitalPowerCmake.elf.dir/Drivers/STM32G4xx_HAL_Driver/Src/stm32g4xx_hal_tim.c.obj
                0x08007a48                TIM_OC2_SetConfig
 .text.TIM_OC3_SetConfig
                0x08007b70      0x124 CMakeFiles/DigitalPowerCmake.elf.dir/Drivers/STM32G4xx_HAL_Driver/Src/stm32g4xx_hal_tim.c.obj
 .text.TIM_OC4_SetConfig
                0x08007c94      0x128 CMakeFiles/DigitalPowerCmake.elf.dir/Drivers/STM32G4xx_HAL_Driver/Src/stm32g4xx_hal_tim.c.obj
 .text.TIM_OC5_SetConfig
                0x08007dbc       0xd4 CMakeFiles/DigitalPowerCmake.elf.dir/Drivers/STM32G4xx_HAL_Driver/Src/stm32g4xx_hal_tim.c.obj
 .text.TIM_OC6_SetConfig
                0x08007e90       0xd8 CMakeFiles/DigitalPowerCmake.elf.dir/Drivers/STM32G4xx_HAL_Driver/Src/stm32g4xx_hal_tim.c.obj
 .text.TIM_TI1_ConfigInputStage
                0x08007f68       0x5e CMakeFiles/DigitalPowerCmake.elf.dir/Drivers/STM32G4xx_HAL_Driver/Src/stm32g4xx_hal_tim.c.obj
 .text.TIM_TI2_ConfigInputStage
                0x08007fc6       0x60 CMakeFiles/DigitalPowerCmake.elf.dir/Drivers/STM32G4xx_HAL_Driver/Src/stm32g4xx_hal_tim.c.obj
 .text.TIM_ITRx_SetConfig
                0x08008026       0x3a CMakeFiles/DigitalPowerCmake.elf.dir/Drivers/STM32G4xx_HAL_Driver/Src/stm32g4xx_hal_tim.c.obj
 .text.TIM_ETR_SetConfig
                0x08008060       0x40 CMakeFiles/DigitalPowerCmake.elf.dir/Drivers/STM32G4xx_HAL_Driver/Src/stm32g4xx_hal_tim.c.obj
                0x08008060                TIM_ETR_SetConfig
 .text.HAL_TIMEx_MasterConfigSynchronization
                0x080080a0      0x12c CMakeFiles/DigitalPowerCmake.elf.dir/Drivers/STM32G4xx_HAL_Driver/Src/stm32g4xx_hal_tim_ex.c.obj
                0x080080a0                HAL_TIMEx_MasterConfigSynchronization
 .text.HAL_TIMEx_ConfigBreakDeadTime
                0x080081cc      0x128 CMakeFiles/DigitalPowerCmake.elf.dir/Drivers/STM32G4xx_HAL_Driver/Src/stm32g4xx_hal_tim_ex.c.obj
                0x080081cc                HAL_TIMEx_ConfigBreakDeadTime
 .text.HAL_TIMEx_CommutCallback
                0x080082f4       0x14 CMakeFiles/DigitalPowerCmake.elf.dir/Drivers/STM32G4xx_HAL_Driver/Src/stm32g4xx_hal_tim_ex.c.obj
                0x080082f4                HAL_TIMEx_CommutCallback
 .text.HAL_TIMEx_BreakCallback
                0x08008308       0x14 CMakeFiles/DigitalPowerCmake.elf.dir/Drivers/STM32G4xx_HAL_Driver/Src/stm32g4xx_hal_tim_ex.c.obj
                0x08008308                HAL_TIMEx_BreakCallback
 .text.HAL_TIMEx_Break2Callback
                0x0800831c       0x14 CMakeFiles/DigitalPowerCmake.elf.dir/Drivers/STM32G4xx_HAL_Driver/Src/stm32g4xx_hal_tim_ex.c.obj
                0x0800831c                HAL_TIMEx_Break2Callback
 .text.HAL_TIMEx_EncoderIndexCallback
                0x08008330       0x14 CMakeFiles/DigitalPowerCmake.elf.dir/Drivers/STM32G4xx_HAL_Driver/Src/stm32g4xx_hal_tim_ex.c.obj
                0x08008330                HAL_TIMEx_EncoderIndexCallback
 .text.HAL_TIMEx_DirectionChangeCallback
                0x08008344       0x14 CMakeFiles/DigitalPowerCmake.elf.dir/Drivers/STM32G4xx_HAL_Driver/Src/stm32g4xx_hal_tim_ex.c.obj
                0x08008344                HAL_TIMEx_DirectionChangeCallback
 .text.HAL_TIMEx_IndexErrorCallback
                0x08008358       0x14 CMakeFiles/DigitalPowerCmake.elf.dir/Drivers/STM32G4xx_HAL_Driver/Src/stm32g4xx_hal_tim_ex.c.obj
                0x08008358                HAL_TIMEx_IndexErrorCallback
 .text.HAL_TIMEx_TransitionErrorCallback
                0x0800836c       0x14 CMakeFiles/DigitalPowerCmake.elf.dir/Drivers/STM32G4xx_HAL_Driver/Src/stm32g4xx_hal_tim_ex.c.obj
                0x0800836c                HAL_TIMEx_TransitionErrorCallback
 .text.HAL_UART_Init
                0x08008380       0xa0 CMakeFiles/DigitalPowerCmake.elf.dir/Drivers/STM32G4xx_HAL_Driver/Src/stm32g4xx_hal_uart.c.obj
                0x08008380                HAL_UART_Init
 .text.HAL_UART_IRQHandler
                0x08008420      0x684 CMakeFiles/DigitalPowerCmake.elf.dir/Drivers/STM32G4xx_HAL_Driver/Src/stm32g4xx_hal_uart.c.obj
                0x08008420                HAL_UART_IRQHandler
 .text.HAL_UART_TxCpltCallback
                0x08008aa4       0x14 CMakeFiles/DigitalPowerCmake.elf.dir/Drivers/STM32G4xx_HAL_Driver/Src/stm32g4xx_hal_uart.c.obj
                0x08008aa4                HAL_UART_TxCpltCallback
 .text.HAL_UART_ErrorCallback
                0x08008ab8       0x14 CMakeFiles/DigitalPowerCmake.elf.dir/Drivers/STM32G4xx_HAL_Driver/Src/stm32g4xx_hal_uart.c.obj
                0x08008ab8                HAL_UART_ErrorCallback
 .text.HAL_UARTEx_RxEventCallback
                0x08008acc       0x18 CMakeFiles/DigitalPowerCmake.elf.dir/Drivers/STM32G4xx_HAL_Driver/Src/stm32g4xx_hal_uart.c.obj
                0x08008acc                HAL_UARTEx_RxEventCallback
 .text.UART_SetConfig
                0x08008ae4      0x5f8 CMakeFiles/DigitalPowerCmake.elf.dir/Drivers/STM32G4xx_HAL_Driver/Src/stm32g4xx_hal_uart.c.obj
                0x08008ae4                UART_SetConfig
 .text.UART_AdvFeatureConfig
                0x080090dc      0x144 CMakeFiles/DigitalPowerCmake.elf.dir/Drivers/STM32G4xx_HAL_Driver/Src/stm32g4xx_hal_uart.c.obj
                0x080090dc                UART_AdvFeatureConfig
 .text.UART_CheckIdleState
                0x08009220      0x154 CMakeFiles/DigitalPowerCmake.elf.dir/Drivers/STM32G4xx_HAL_Driver/Src/stm32g4xx_hal_uart.c.obj
                0x08009220                UART_CheckIdleState
 .text.UART_WaitOnFlagUntilTimeout
                0x08009374       0xda CMakeFiles/DigitalPowerCmake.elf.dir/Drivers/STM32G4xx_HAL_Driver/Src/stm32g4xx_hal_uart.c.obj
                0x08009374                UART_WaitOnFlagUntilTimeout
 .text.UART_EndRxTransfer
                0x0800944e       0xcc CMakeFiles/DigitalPowerCmake.elf.dir/Drivers/STM32G4xx_HAL_Driver/Src/stm32g4xx_hal_uart.c.obj
 .text.UART_DMAAbortOnError
                0x0800951a       0x24 CMakeFiles/DigitalPowerCmake.elf.dir/Drivers/STM32G4xx_HAL_Driver/Src/stm32g4xx_hal_uart.c.obj
 .text.UART_EndTransmit_IT
                0x0800953e       0x56 CMakeFiles/DigitalPowerCmake.elf.dir/Drivers/STM32G4xx_HAL_Driver/Src/stm32g4xx_hal_uart.c.obj
 .text.HAL_UARTEx_WakeupCallback
                0x08009594       0x14 CMakeFiles/DigitalPowerCmake.elf.dir/Drivers/STM32G4xx_HAL_Driver/Src/stm32g4xx_hal_uart_ex.c.obj
                0x08009594                HAL_UARTEx_WakeupCallback
 .text.HAL_UARTEx_RxFifoFullCallback
                0x080095a8       0x14 CMakeFiles/DigitalPowerCmake.elf.dir/Drivers/STM32G4xx_HAL_Driver/Src/stm32g4xx_hal_uart_ex.c.obj
                0x080095a8                HAL_UARTEx_RxFifoFullCallback
 .text.HAL_UARTEx_TxFifoEmptyCallback
                0x080095bc       0x14 CMakeFiles/DigitalPowerCmake.elf.dir/Drivers/STM32G4xx_HAL_Driver/Src/stm32g4xx_hal_uart_ex.c.obj
                0x080095bc                HAL_UARTEx_TxFifoEmptyCallback
 .text.HAL_UARTEx_DisableFifoMode
                0x080095d0       0x72 CMakeFiles/DigitalPowerCmake.elf.dir/Drivers/STM32G4xx_HAL_Driver/Src/stm32g4xx_hal_uart_ex.c.obj
                0x080095d0                HAL_UARTEx_DisableFifoMode
 .text.HAL_UARTEx_SetTxFifoThreshold
                0x08009642       0x7c CMakeFiles/DigitalPowerCmake.elf.dir/Drivers/STM32G4xx_HAL_Driver/Src/stm32g4xx_hal_uart_ex.c.obj
                0x08009642                HAL_UARTEx_SetTxFifoThreshold
 .text.HAL_UARTEx_SetRxFifoThreshold
                0x080096be       0x7c CMakeFiles/DigitalPowerCmake.elf.dir/Drivers/STM32G4xx_HAL_Driver/Src/stm32g4xx_hal_uart_ex.c.obj
                0x080096be                HAL_UARTEx_SetRxFifoThreshold
 *fill*         0x0800973a        0x2 
 .text.UARTEx_SetNbDataToProcess
                0x0800973c       0x9c CMakeFiles/DigitalPowerCmake.elf.dir/Drivers/STM32G4xx_HAL_Driver/Src/stm32g4xx_hal_uart_ex.c.obj
 .text.Reset_Handler
                0x080097d8       0x50 CMakeFiles/DigitalPowerCmake.elf.dir/Core/Startup/startup_stm32g474retx.s.obj
                0x080097d8                Reset_Handler
 .text.Default_Handler
                0x08009828        0x2 CMakeFiles/DigitalPowerCmake.elf.dir/Core/Startup/startup_stm32g474retx.s.obj
                0x08009828                RTC_Alarm_IRQHandler
                0x08009828                EXTI2_IRQHandler
                0x08009828                TIM8_TRG_COM_IRQHandler
                0x08009828                TIM8_CC_IRQHandler
                0x08009828                HRTIM1_Master_IRQHandler
                0x08009828                SPI4_IRQHandler
                0x08009828                FDCAN3_IT0_IRQHandler
                0x08009828                TIM1_CC_IRQHandler
                0x08009828                HRTIM1_FLT_IRQHandler
                0x08009828                HRTIM1_TIMF_IRQHandler
                0x08009828                USB_HP_IRQHandler
                0x08009828                CORDIC_IRQHandler
                0x08009828                DMA2_Channel8_IRQHandler
                0x08009828                EXTI3_IRQHandler
                0x08009828                I2C3_ER_IRQHandler
                0x08009828                I2C2_EV_IRQHandler
                0x08009828                FPU_IRQHandler
                0x08009828                FDCAN1_IT1_IRQHandler
                0x08009828                TIM1_UP_TIM16_IRQHandler
                0x08009828                ADC1_2_IRQHandler
                0x08009828                HRTIM1_TIME_IRQHandler
                0x08009828                SPI1_IRQHandler
                0x08009828                TIM6_DAC_IRQHandler
                0x08009828                HRTIM1_TIMC_IRQHandler
                0x08009828                TIM8_UP_IRQHandler
                0x08009828                DMA2_Channel2_IRQHandler
                0x08009828                DMA1_Channel4_IRQHandler
                0x08009828                TIM20_TRG_COM_IRQHandler
                0x08009828                USART3_IRQHandler
                0x08009828                DMA1_Channel7_IRQHandler
                0x08009828                UART5_IRQHandler
                0x08009828                ADC3_IRQHandler
                0x08009828                DMA2_Channel1_IRQHandler
                0x08009828                QUADSPI_IRQHandler
                0x08009828                I2C1_EV_IRQHandler
                0x08009828                DMA1_Channel6_IRQHandler
                0x08009828                UART4_IRQHandler
                0x08009828                DMA2_Channel4_IRQHandler
                0x08009828                RCC_IRQHandler
                0x08009828                TIM20_UP_IRQHandler
                0x08009828                Default_Handler
                0x08009828                DMA2_Channel7_IRQHandler
                0x08009828                RTC_TAMP_LSECSS_IRQHandler
                0x08009828                FMAC_IRQHandler
                0x08009828                EXTI15_10_IRQHandler
                0x08009828                DMA1_Channel8_IRQHandler
                0x08009828                HRTIM1_TIMA_IRQHandler
                0x08009828                TIM7_DAC_IRQHandler
                0x08009828                FDCAN3_IT1_IRQHandler
                0x08009828                TIM5_IRQHandler
                0x08009828                UCPD1_IRQHandler
                0x08009828                I2C3_EV_IRQHandler
                0x08009828                EXTI9_5_IRQHandler
                0x08009828                RTC_WKUP_IRQHandler
                0x08009828                PVD_PVM_IRQHandler
                0x08009828                SPI2_IRQHandler
                0x08009828                ADC5_IRQHandler
                0x08009828                DMA2_Channel5_IRQHandler
                0x08009828                CRS_IRQHandler
                0x08009828                DMA1_Channel5_IRQHandler
                0x08009828                USB_LP_IRQHandler
                0x08009828                EXTI4_IRQHandler
                0x08009828                RNG_IRQHandler
                0x08009828                HRTIM1_TIMB_IRQHandler
                0x08009828                TIM1_TRG_COM_TIM17_IRQHandler
                0x08009828                FDCAN2_IT1_IRQHandler
                0x08009828                ADC4_IRQHandler
                0x08009828                WWDG_IRQHandler
                0x08009828                I2C4_EV_IRQHandler
                0x08009828                FDCAN2_IT0_IRQHandler
                0x08009828                LPUART1_IRQHandler
                0x08009828                DMA2_Channel6_IRQHandler
                0x08009828                FDCAN1_IT0_IRQHandler
                0x08009828                COMP7_IRQHandler
                0x08009828                COMP1_2_3_IRQHandler
                0x08009828                EXTI1_IRQHandler
                0x08009828                USART2_IRQHandler
                0x08009828                COMP4_5_6_IRQHandler
                0x08009828                TIM20_BRK_IRQHandler
                0x08009828                I2C2_ER_IRQHandler
                0x08009828                TIM8_BRK_IRQHandler
                0x08009828                FLASH_IRQHandler
                0x08009828                TIM20_CC_IRQHandler
                0x08009828                SPI3_IRQHandler
                0x08009828                I2C1_ER_IRQHandler
                0x08009828                FMC_IRQHandler
                0x08009828                LPTIM1_IRQHandler
                0x08009828                DMAMUX_OVR_IRQHandler
                0x08009828                I2C4_ER_IRQHandler
                0x08009828                USBWakeUp_IRQHandler
                0x08009828                SAI1_IRQHandler
                0x08009828                DMA2_Channel3_IRQHandler
                0x08009828                TIM1_BRK_TIM15_IRQHandler
 *(.glue_7)
 .glue_7        0x0800982a        0x0 linker stubs
 *(.glue_7t)
 .glue_7t       0x0800982a        0x0 linker stubs
 *(.eh_frame)
 *fill*         0x0800982a        0x2 
 .eh_frame      0x0800982c        0x0 C:/Users/luhui/AppData/Local/STM32Cube/bundles/gnu-tools-for-stm32/14.3.1+st.2/bin/../lib/gcc/arm-none-eabi/14.3.1/thumb/v7e-m+fp/hard/crtbegin.o
 *(.init)
 .init          0x0800982c        0x4 C:/Users/luhui/AppData/Local/STM32Cube/bundles/gnu-tools-for-stm32/14.3.1+st.2/bin/../lib/gcc/arm-none-eabi/14.3.1/thumb/v7e-m+fp/hard/crti.o
                0x0800982c                _init
 .init          0x08009830        0x8 C:/Users/luhui/AppData/Local/STM32Cube/bundles/gnu-tools-for-stm32/14.3.1+st.2/bin/../lib/gcc/arm-none-eabi/14.3.1/thumb/v7e-m+fp/hard/crtn.o
 *(.fini)
 .fini          0x08009838        0x4 C:/Users/luhui/AppData/Local/STM32Cube/bundles/gnu-tools-for-stm32/14.3.1+st.2/bin/../lib/gcc/arm-none-eabi/14.3.1/thumb/v7e-m+fp/hard/crti.o
                0x08009838                _fini
 .fini          0x0800983c        0x8 C:/Users/luhui/AppData/Local/STM32Cube/bundles/gnu-tools-for-stm32/14.3.1+st.2/bin/../lib/gcc/arm-none-eabi/14.3.1/thumb/v7e-m+fp/hard/crtn.o
                0x08009844                        . = ALIGN (0x4)
                0x08009844                        _etext = .

.vfp11_veneer   0x08009844        0x0
 .vfp11_veneer  0x08009844        0x0 linker stubs

.v4_bx          0x08009844        0x0
 .v4_bx         0x08009844        0x0 linker stubs

.iplt           0x08009844        0x0
 .iplt          0x08009844        0x0 C:/Users/luhui/AppData/Local/STM32Cube/bundles/gnu-tools-for-stm32/14.3.1+st.2/bin/../lib/gcc/arm-none-eabi/14.3.1/thumb/v7e-m+fp/hard/crtbegin.o

.rodata         0x08009844       0x40
                0x08009844                        . = ALIGN (0x4)
 *(.rodata)
 *(.rodata*)
 .rodata.AHBPrescTable
                0x08009844       0x10 CMakeFiles/DigitalPowerCmake.elf.dir/Core/Src/system_stm32g4xx.c.obj
                0x08009844                AHBPrescTable
 .rodata.APBPrescTable
                0x08009854        0x8 CMakeFiles/DigitalPowerCmake.elf.dir/Core/Src/system_stm32g4xx.c.obj
                0x08009854                APBPrescTable
 .rodata.UARTPrescTable
                0x0800985c       0x18 CMakeFiles/DigitalPowerCmake.elf.dir/Drivers/STM32G4xx_HAL_Driver/Src/stm32g4xx_hal_uart.c.obj
                0x0800985c                UARTPrescTable
 .rodata.numerator.1
                0x08009874        0x8 CMakeFiles/DigitalPowerCmake.elf.dir/Drivers/STM32G4xx_HAL_Driver/Src/stm32g4xx_hal_uart_ex.c.obj
 .rodata.denominator.0
                0x0800987c        0x8 CMakeFiles/DigitalPowerCmake.elf.dir/Drivers/STM32G4xx_HAL_Driver/Src/stm32g4xx_hal_uart_ex.c.obj
                0x08009884                        . = ALIGN (0x4)

.ARM.extab      0x08009884        0x0
                0x08009884                        . = ALIGN (0x4)
 *(.ARM.extab* .gnu.linkonce.armextab.*)
                0x08009884                        . = ALIGN (0x4)

.ARM            0x08009884        0x8
                0x08009884                        . = ALIGN (0x4)
                0x08009884                        __exidx_start = .
 *(.ARM.exidx*)
 .ARM.exidx     0x08009884        0x8 C:/Users/luhui/AppData/Local/STM32Cube/bundles/gnu-tools-for-stm32/14.3.1+st.2/bin/../lib/gcc/arm-none-eabi/14.3.1/thumb/v7e-m+fp/hard\libgcc.a(_udivmoddi4.o)
                0x0800988c                        __exidx_end = .
                0x0800988c                        . = ALIGN (0x4)

.preinit_array  0x0800988c        0x0
                0x0800988c                        . = ALIGN (0x4)
                0x0800988c                        PROVIDE (__preinit_array_start = .)
 *(.preinit_array*)
                0x0800988c                        PROVIDE (__preinit_array_end = .)
                0x0800988c                        . = ALIGN (0x4)

.init_array     0x0800988c        0x4
                0x0800988c                        . = ALIGN (0x4)
                0x0800988c                        PROVIDE (__init_array_start = .)
 *(SORT_BY_NAME(.init_array.*))
 *(.init_array*)
 .init_array    0x0800988c        0x4 C:/Users/luhui/AppData/Local/STM32Cube/bundles/gnu-tools-for-stm32/14.3.1+st.2/bin/../lib/gcc/arm-none-eabi/14.3.1/thumb/v7e-m+fp/hard/crtbegin.o
                0x08009890                        PROVIDE (__init_array_end = .)
                0x08009890                        . = ALIGN (0x4)

.fini_array     0x08009890        0x4
                0x08009890                        . = ALIGN (0x4)
                [!provide]                        PROVIDE (__fini_array_start = .)
 *(SORT_BY_NAME(.fini_array.*))
 *(.fini_array*)
 .fini_array    0x08009890        0x4 C:/Users/luhui/AppData/Local/STM32Cube/bundles/gnu-tools-for-stm32/14.3.1+st.2/bin/../lib/gcc/arm-none-eabi/14.3.1/thumb/v7e-m+fp/hard/crtbegin.o
                [!provide]                        PROVIDE (__fini_array_end = .)
                0x08009894                        . = ALIGN (0x4)
                0x08009894                        _sidata = LOADADDR (.data)

.rel.dyn        0x08009894        0x0
 .rel.iplt      0x08009894        0x0 C:/Users/luhui/AppData/Local/STM32Cube/bundles/gnu-tools-for-stm32/14.3.1+st.2/bin/../lib/gcc/arm-none-eabi/14.3.1/thumb/v7e-m+fp/hard/crtbegin.o

.data           0x20000000        0xc load address 0x08009894
                0x20000000                        . = ALIGN (0x4)
                0x20000000                        _sdata = .
 *(.data)
 *(.data*)
 .data.SystemCoreClock
                0x20000000        0x4 CMakeFiles/DigitalPowerCmake.elf.dir/Core/Src/system_stm32g4xx.c.obj
                0x20000000                SystemCoreClock
 .data.uwTickPrio
                0x20000004        0x4 CMakeFiles/DigitalPowerCmake.elf.dir/Drivers/STM32G4xx_HAL_Driver/Src/stm32g4xx_hal.c.obj
                0x20000004                uwTickPrio
 .data.uwTickFreq
                0x20000008        0x4 CMakeFiles/DigitalPowerCmake.elf.dir/Drivers/STM32G4xx_HAL_Driver/Src/stm32g4xx_hal.c.obj
                0x20000008                uwTickFreq
 *(.RamFunc)
 *(.RamFunc*)
                0x2000000c                        . = ALIGN (0x4)
                0x2000000c                        _edata = .

.igot.plt       0x2000000c        0x0 load address 0x080098a0
 .igot.plt      0x2000000c        0x0 C:/Users/luhui/AppData/Local/STM32Cube/bundles/gnu-tools-for-stm32/14.3.1+st.2/bin/../lib/gcc/arm-none-eabi/14.3.1/thumb/v7e-m+fp/hard/crtbegin.o
                0x2000000c                        . = ALIGN (0x4)

.bss            0x2000000c      0x610 load address 0x080098a0
                0x2000000c                        _sbss = .
                0x2000000c                        __bss_start__ = _sbss
 *(.bss)
 .bss           0x2000000c       0x1c C:/Users/luhui/AppData/Local/STM32Cube/bundles/gnu-tools-for-stm32/14.3.1+st.2/bin/../lib/gcc/arm-none-eabi/14.3.1/thumb/v7e-m+fp/hard/crtbegin.o
 *(.bss*)
 .bss.hadc1     0x20000028       0x6c CMakeFiles/DigitalPowerCmake.elf.dir/Core/Src/adc.c.obj
                0x20000028                hadc1
 .bss.hadc2     0x20000094       0x6c CMakeFiles/DigitalPowerCmake.elf.dir/Core/Src/adc.c.obj
                0x20000094                hadc2
 .bss.hadc5     0x20000100       0x6c CMakeFiles/DigitalPowerCmake.elf.dir/Core/Src/adc.c.obj
                0x20000100                hadc5
 .bss.hdma_adc1
                0x2000016c       0x60 CMakeFiles/DigitalPowerCmake.elf.dir/Core/Src/adc.c.obj
                0x2000016c                hdma_adc1
 .bss.HAL_RCC_ADC12_CLK_ENABLED
                0x200001cc        0x4 CMakeFiles/DigitalPowerCmake.elf.dir/Core/Src/adc.c.obj
 .bss.hhrtim1   0x200001d0       0xfc CMakeFiles/DigitalPowerCmake.elf.dir/Core/Src/hrtim.c.obj
                0x200001d0                hhrtim1
 .bss.hi2c3     0x200002cc       0x54 CMakeFiles/DigitalPowerCmake.elf.dir/Core/Src/i2c.c.obj
                0x200002cc                hi2c3
 .bss.hiwdg     0x20000320       0x10 CMakeFiles/DigitalPowerCmake.elf.dir/Core/Src/iwdg.c.obj
                0x20000320                hiwdg
 .bss.hspi3     0x20000330       0x64 CMakeFiles/DigitalPowerCmake.elf.dir/Core/Src/spi.c.obj
                0x20000330                hspi3
 .bss.htim2     0x20000394       0x4c CMakeFiles/DigitalPowerCmake.elf.dir/Core/Src/tim.c.obj
                0x20000394                htim2
 .bss.htim3     0x200003e0       0x4c CMakeFiles/DigitalPowerCmake.elf.dir/Core/Src/tim.c.obj
                0x200003e0                htim3
 .bss.htim4     0x2000042c       0x4c CMakeFiles/DigitalPowerCmake.elf.dir/Core/Src/tim.c.obj
                0x2000042c                htim4
 .bss.htim8     0x20000478       0x4c CMakeFiles/DigitalPowerCmake.elf.dir/Core/Src/tim.c.obj
                0x20000478                htim8
 .bss.huart1    0x200004c4       0x94 CMakeFiles/DigitalPowerCmake.elf.dir/Core/Src/usart.c.obj
                0x200004c4                huart1
 .bss.hdma_usart1_tx
                0x20000558       0x60 CMakeFiles/DigitalPowerCmake.elf.dir/Core/Src/usart.c.obj
                0x20000558                hdma_usart1_tx
 .bss.hdma_usart1_rx
                0x200005b8       0x60 CMakeFiles/DigitalPowerCmake.elf.dir/Core/Src/usart.c.obj
                0x200005b8                hdma_usart1_rx
 .bss.uwTick    0x20000618        0x4 CMakeFiles/DigitalPowerCmake.elf.dir/Drivers/STM32G4xx_HAL_Driver/Src/stm32g4xx_hal.c.obj
                0x20000618                uwTick
 *(COMMON)
                0x2000061c                        . = ALIGN (0x4)
                0x2000061c                        _ebss = .
                0x2000061c                        __bss_end__ = _ebss

._user_heap_stack
                0x2000061c      0x604 load address 0x080098a0
                0x20000620                        . = ALIGN (0x8)
 *fill*         0x2000061c        0x4 
                [!provide]                        PROVIDE (end = .)
                0x20000620                        PROVIDE (_end = .)
                0x20000820                        . = (. + _Min_Heap_Size)
 *fill*         0x20000620      0x200 
                0x20000c20                        . = (. + _Min_Stack_Size)
 *fill*         0x20000820      0x400 
                0x20000c20                        . = ALIGN (0x8)

/DISCARD/
 libc.a(*)
 libm.a(*)
 libgcc.a(*)

.ARM.attributes
                0x00000000       0x30
 *(.ARM.attributes)
 .ARM.attributes
                0x00000000       0x22 C:/Users/luhui/AppData/Local/STM32Cube/bundles/gnu-tools-for-stm32/14.3.1+st.2/bin/../lib/gcc/arm-none-eabi/14.3.1/thumb/v7e-m+fp/hard/crti.o
 .ARM.attributes
                0x00000022       0x34 C:/Users/luhui/AppData/Local/STM32Cube/bundles/gnu-tools-for-stm32/14.3.1+st.2/bin/../lib/gcc/arm-none-eabi/14.3.1/thumb/v7e-m+fp/hard/crtbegin.o
 .ARM.attributes
                0x00000056       0x34 C:/Users/luhui/AppData/Local/STM32Cube/bundles/gnu-tools-for-stm32/14.3.1+st.2/bin/../lib/gcc/arm-none-eabi/14.3.1/../../../../arm-none-eabi/lib/thumb/v7e-m+fp/hard\libc_nano.a(libc_a-memset.o)
 .ARM.attributes
                0x0000008a       0x34 C:/Users/luhui/AppData/Local/STM32Cube/bundles/gnu-tools-for-stm32/14.3.1+st.2/bin/../lib/gcc/arm-none-eabi/14.3.1/../../../../arm-none-eabi/lib/thumb/v7e-m+fp/hard\libc_nano.a(libc_a-init.o)
 .ARM.attributes
                0x000000be       0x34 CMakeFiles/DigitalPowerCmake.elf.dir/Core/Src/adc.c.obj
 .ARM.attributes
                0x000000f2       0x34 CMakeFiles/DigitalPowerCmake.elf.dir/Core/Src/dma.c.obj
 .ARM.attributes
                0x00000126       0x34 CMakeFiles/DigitalPowerCmake.elf.dir/Core/Src/gpio.c.obj
 .ARM.attributes
                0x0000015a       0x34 CMakeFiles/DigitalPowerCmake.elf.dir/Core/Src/hrtim.c.obj
 .ARM.attributes
                0x0000018e       0x34 CMakeFiles/DigitalPowerCmake.elf.dir/Core/Src/i2c.c.obj
 .ARM.attributes
                0x000001c2       0x34 CMakeFiles/DigitalPowerCmake.elf.dir/Core/Src/iwdg.c.obj
 .ARM.attributes
                0x000001f6       0x34 CMakeFiles/DigitalPowerCmake.elf.dir/Core/Src/main.c.obj
 .ARM.attributes
                0x0000022a       0x34 CMakeFiles/DigitalPowerCmake.elf.dir/Core/Src/spi.c.obj
 .ARM.attributes
                0x0000025e       0x34 CMakeFiles/DigitalPowerCmake.elf.dir/Core/Src/stm32g4xx_hal_msp.c.obj
 .ARM.attributes
                0x00000292       0x34 CMakeFiles/DigitalPowerCmake.elf.dir/Core/Src/stm32g4xx_it.c.obj
 .ARM.attributes
                0x000002c6       0x34 CMakeFiles/DigitalPowerCmake.elf.dir/Core/Src/system_stm32g4xx.c.obj
 .ARM.attributes
                0x000002fa       0x34 CMakeFiles/DigitalPowerCmake.elf.dir/Core/Src/tim.c.obj
 .ARM.attributes
                0x0000032e       0x34 CMakeFiles/DigitalPowerCmake.elf.dir/Core/Src/usart.c.obj
 .ARM.attributes
                0x00000362       0x34 CMakeFiles/DigitalPowerCmake.elf.dir/Drivers/STM32G4xx_HAL_Driver/Src/stm32g4xx_hal.c.obj
 .ARM.attributes
                0x00000396       0x34 CMakeFiles/DigitalPowerCmake.elf.dir/Drivers/STM32G4xx_HAL_Driver/Src/stm32g4xx_hal_adc.c.obj
 .ARM.attributes
                0x000003ca       0x34 CMakeFiles/DigitalPowerCmake.elf.dir/Drivers/STM32G4xx_HAL_Driver/Src/stm32g4xx_hal_adc_ex.c.obj
 .ARM.attributes
                0x000003fe       0x34 CMakeFiles/DigitalPowerCmake.elf.dir/Drivers/STM32G4xx_HAL_Driver/Src/stm32g4xx_hal_cortex.c.obj
 .ARM.attributes
                0x00000432       0x34 CMakeFiles/DigitalPowerCmake.elf.dir/Drivers/STM32G4xx_HAL_Driver/Src/stm32g4xx_hal_dma.c.obj
 .ARM.attributes
                0x00000466       0x34 CMakeFiles/DigitalPowerCmake.elf.dir/Drivers/STM32G4xx_HAL_Driver/Src/stm32g4xx_hal_gpio.c.obj
 .ARM.attributes
                0x0000049a       0x34 CMakeFiles/DigitalPowerCmake.elf.dir/Drivers/STM32G4xx_HAL_Driver/Src/stm32g4xx_hal_hrtim.c.obj
 .ARM.attributes
                0x000004ce       0x34 CMakeFiles/DigitalPowerCmake.elf.dir/Drivers/STM32G4xx_HAL_Driver/Src/stm32g4xx_hal_i2c.c.obj
 .ARM.attributes
                0x00000502       0x34 CMakeFiles/DigitalPowerCmake.elf.dir/Drivers/STM32G4xx_HAL_Driver/Src/stm32g4xx_hal_i2c_ex.c.obj
 .ARM.attributes
                0x00000536       0x34 CMakeFiles/DigitalPowerCmake.elf.dir/Drivers/STM32G4xx_HAL_Driver/Src/stm32g4xx_hal_iwdg.c.obj
 .ARM.attributes
                0x0000056a       0x34 CMakeFiles/DigitalPowerCmake.elf.dir/Drivers/STM32G4xx_HAL_Driver/Src/stm32g4xx_hal_pwr_ex.c.obj
 .ARM.attributes
                0x0000059e       0x34 CMakeFiles/DigitalPowerCmake.elf.dir/Drivers/STM32G4xx_HAL_Driver/Src/stm32g4xx_hal_rcc.c.obj
 .ARM.attributes
                0x000005d2       0x34 CMakeFiles/DigitalPowerCmake.elf.dir/Drivers/STM32G4xx_HAL_Driver/Src/stm32g4xx_hal_rcc_ex.c.obj
 .ARM.attributes
                0x00000606       0x34 CMakeFiles/DigitalPowerCmake.elf.dir/Drivers/STM32G4xx_HAL_Driver/Src/stm32g4xx_hal_spi.c.obj
 .ARM.attributes
                0x0000063a       0x34 CMakeFiles/DigitalPowerCmake.elf.dir/Drivers/STM32G4xx_HAL_Driver/Src/stm32g4xx_hal_tim.c.obj
 .ARM.attributes
                0x0000066e       0x34 CMakeFiles/DigitalPowerCmake.elf.dir/Drivers/STM32G4xx_HAL_Driver/Src/stm32g4xx_hal_tim_ex.c.obj
 .ARM.attributes
                0x000006a2       0x34 CMakeFiles/DigitalPowerCmake.elf.dir/Drivers/STM32G4xx_HAL_Driver/Src/stm32g4xx_hal_uart.c.obj
 .ARM.attributes
                0x000006d6       0x34 CMakeFiles/DigitalPowerCmake.elf.dir/Drivers/STM32G4xx_HAL_Driver/Src/stm32g4xx_hal_uart_ex.c.obj
 .ARM.attributes
                0x0000070a       0x21 CMakeFiles/DigitalPowerCmake.elf.dir/Core/Startup/startup_stm32g474retx.s.obj
 .ARM.attributes
                0x0000072b       0x22 C:/Users/luhui/AppData/Local/STM32Cube/bundles/gnu-tools-for-stm32/14.3.1+st.2/bin/../lib/gcc/arm-none-eabi/14.3.1/thumb/v7e-m+fp/hard\libgcc.a(_aeabi_uldivmod.o)
 .ARM.attributes
                0x0000074d       0x34 C:/Users/luhui/AppData/Local/STM32Cube/bundles/gnu-tools-for-stm32/14.3.1+st.2/bin/../lib/gcc/arm-none-eabi/14.3.1/thumb/v7e-m+fp/hard\libgcc.a(_udivmoddi4.o)
 .ARM.attributes
                0x00000781       0x22 C:/Users/luhui/AppData/Local/STM32Cube/bundles/gnu-tools-for-stm32/14.3.1+st.2/bin/../lib/gcc/arm-none-eabi/14.3.1/thumb/v7e-m+fp/hard\libgcc.a(_dvmd_tls.o)
 .ARM.attributes
                0x000007a3       0x22 C:/Users/luhui/AppData/Local/STM32Cube/bundles/gnu-tools-for-stm32/14.3.1+st.2/bin/../lib/gcc/arm-none-eabi/14.3.1/thumb/v7e-m+fp/hard/crtn.o
OUTPUT(DigitalPowerCmake.elf elf32-littlearm)
LOAD linker stubs
LOAD C:/Users/luhui/AppData/Local/STM32Cube/bundles/gnu-tools-for-stm32/14.3.1+st.2/bin/../lib/gcc/arm-none-eabi/14.3.1/../../../../arm-none-eabi/lib/thumb/v7e-m+fp/hard\libc.a
LOAD C:/Users/luhui/AppData/Local/STM32Cube/bundles/gnu-tools-for-stm32/14.3.1+st.2/bin/../lib/gcc/arm-none-eabi/14.3.1/../../../../arm-none-eabi/lib/thumb/v7e-m+fp/hard\libm.a
LOAD C:/Users/luhui/AppData/Local/STM32Cube/bundles/gnu-tools-for-stm32/14.3.1+st.2/bin/../lib/gcc/arm-none-eabi/14.3.1/thumb/v7e-m+fp/hard\libgcc.a

.debug_frame    0x00000000       0xac
 .debug_frame   0x00000000       0x20 C:/Users/luhui/AppData/Local/STM32Cube/bundles/gnu-tools-for-stm32/14.3.1+st.2/bin/../lib/gcc/arm-none-eabi/14.3.1/../../../../arm-none-eabi/lib/thumb/v7e-m+fp/hard\libc_nano.a(libc_a-memset.o)
 .debug_frame   0x00000020       0x2c C:/Users/luhui/AppData/Local/STM32Cube/bundles/gnu-tools-for-stm32/14.3.1+st.2/bin/../lib/gcc/arm-none-eabi/14.3.1/../../../../arm-none-eabi/lib/thumb/v7e-m+fp/hard\libc_nano.a(libc_a-init.o)
 .debug_frame   0x0000004c       0x2c C:/Users/luhui/AppData/Local/STM32Cube/bundles/gnu-tools-for-stm32/14.3.1+st.2/bin/../lib/gcc/arm-none-eabi/14.3.1/thumb/v7e-m+fp/hard\libgcc.a(_aeabi_uldivmod.o)
 .debug_frame   0x00000078       0x34 C:/Users/luhui/AppData/Local/STM32Cube/bundles/gnu-tools-for-stm32/14.3.1+st.2/bin/../lib/gcc/arm-none-eabi/14.3.1/thumb/v7e-m+fp/hard\libgcc.a(_udivmoddi4.o)

.comment        0x00000000       0x43
 .comment       0x00000000       0x43 CMakeFiles/DigitalPowerCmake.elf.dir/Core/Src/adc.c.obj
                                 0x44 (size before relaxing)
 .comment       0x00000043       0x44 CMakeFiles/DigitalPowerCmake.elf.dir/Core/Src/dma.c.obj
 .comment       0x00000043       0x44 CMakeFiles/DigitalPowerCmake.elf.dir/Core/Src/gpio.c.obj
 .comment       0x00000043       0x44 CMakeFiles/DigitalPowerCmake.elf.dir/Core/Src/hrtim.c.obj
 .comment       0x00000043       0x44 CMakeFiles/DigitalPowerCmake.elf.dir/Core/Src/i2c.c.obj
 .comment       0x00000043       0x44 CMakeFiles/DigitalPowerCmake.elf.dir/Core/Src/iwdg.c.obj
 .comment       0x00000043       0x44 CMakeFiles/DigitalPowerCmake.elf.dir/Core/Src/main.c.obj
 .comment       0x00000043       0x44 CMakeFiles/DigitalPowerCmake.elf.dir/Core/Src/spi.c.obj
 .comment       0x00000043       0x44 CMakeFiles/DigitalPowerCmake.elf.dir/Core/Src/stm32g4xx_hal_msp.c.obj
 .comment       0x00000043       0x44 CMakeFiles/DigitalPowerCmake.elf.dir/Core/Src/stm32g4xx_it.c.obj
 .comment       0x00000043       0x44 CMakeFiles/DigitalPowerCmake.elf.dir/Core/Src/system_stm32g4xx.c.obj
 .comment       0x00000043       0x44 CMakeFiles/DigitalPowerCmake.elf.dir/Core/Src/tim.c.obj
 .comment       0x00000043       0x44 CMakeFiles/DigitalPowerCmake.elf.dir/Core/Src/usart.c.obj
 .comment       0x00000043       0x44 CMakeFiles/DigitalPowerCmake.elf.dir/Drivers/STM32G4xx_HAL_Driver/Src/stm32g4xx_hal.c.obj
 .comment       0x00000043       0x44 CMakeFiles/DigitalPowerCmake.elf.dir/Drivers/STM32G4xx_HAL_Driver/Src/stm32g4xx_hal_adc.c.obj
 .comment       0x00000043       0x44 CMakeFiles/DigitalPowerCmake.elf.dir/Drivers/STM32G4xx_HAL_Driver/Src/stm32g4xx_hal_adc_ex.c.obj
 .comment       0x00000043       0x44 CMakeFiles/DigitalPowerCmake.elf.dir/Drivers/STM32G4xx_HAL_Driver/Src/stm32g4xx_hal_cortex.c.obj
 .comment       0x00000043       0x44 CMakeFiles/DigitalPowerCmake.elf.dir/Drivers/STM32G4xx_HAL_Driver/Src/stm32g4xx_hal_dma.c.obj
 .comment       0x00000043       0x44 CMakeFiles/DigitalPowerCmake.elf.dir/Drivers/STM32G4xx_HAL_Driver/Src/stm32g4xx_hal_gpio.c.obj
 .comment       0x00000043       0x44 CMakeFiles/DigitalPowerCmake.elf.dir/Drivers/STM32G4xx_HAL_Driver/Src/stm32g4xx_hal_hrtim.c.obj
 .comment       0x00000043       0x44 CMakeFiles/DigitalPowerCmake.elf.dir/Drivers/STM32G4xx_HAL_Driver/Src/stm32g4xx_hal_i2c.c.obj
 .comment       0x00000043       0x44 CMakeFiles/DigitalPowerCmake.elf.dir/Drivers/STM32G4xx_HAL_Driver/Src/stm32g4xx_hal_i2c_ex.c.obj
 .comment       0x00000043       0x44 CMakeFiles/DigitalPowerCmake.elf.dir/Drivers/STM32G4xx_HAL_Driver/Src/stm32g4xx_hal_iwdg.c.obj
 .comment       0x00000043       0x44 CMakeFiles/DigitalPowerCmake.elf.dir/Drivers/STM32G4xx_HAL_Driver/Src/stm32g4xx_hal_pwr_ex.c.obj
 .comment       0x00000043       0x44 CMakeFiles/DigitalPowerCmake.elf.dir/Drivers/STM32G4xx_HAL_Driver/Src/stm32g4xx_hal_rcc.c.obj
 .comment       0x00000043       0x44 CMakeFiles/DigitalPowerCmake.elf.dir/Drivers/STM32G4xx_HAL_Driver/Src/stm32g4xx_hal_rcc_ex.c.obj
 .comment       0x00000043       0x44 CMakeFiles/DigitalPowerCmake.elf.dir/Drivers/STM32G4xx_HAL_Driver/Src/stm32g4xx_hal_spi.c.obj
 .comment       0x00000043       0x44 CMakeFiles/DigitalPowerCmake.elf.dir/Drivers/STM32G4xx_HAL_Driver/Src/stm32g4xx_hal_tim.c.obj
 .comment       0x00000043       0x44 CMakeFiles/DigitalPowerCmake.elf.dir/Drivers/STM32G4xx_HAL_Driver/Src/stm32g4xx_hal_tim_ex.c.obj
 .comment       0x00000043       0x44 CMakeFiles/DigitalPowerCmake.elf.dir/Drivers/STM32G4xx_HAL_Driver/Src/stm32g4xx_hal_uart.c.obj
 .comment       0x00000043       0x44 CMakeFiles/DigitalPowerCmake.elf.dir/Drivers/STM32G4xx_HAL_Driver/Src/stm32g4xx_hal_uart_ex.c.obj

Cross Reference Table

Symbol                                            File
ADC1_2_IRQHandler                                 CMakeFiles/DigitalPowerCmake.elf.dir/Core/Startup/startup_stm32g474retx.s.obj
ADC3_IRQHandler                                   CMakeFiles/DigitalPowerCmake.elf.dir/Core/Startup/startup_stm32g474retx.s.obj
ADC4_IRQHandler                                   CMakeFiles/DigitalPowerCmake.elf.dir/Core/Startup/startup_stm32g474retx.s.obj
ADC5_IRQHandler                                   CMakeFiles/DigitalPowerCmake.elf.dir/Core/Startup/startup_stm32g474retx.s.obj
ADC_ConversionStop                                CMakeFiles/DigitalPowerCmake.elf.dir/Drivers/STM32G4xx_HAL_Driver/Src/stm32g4xx_hal_adc.c.obj
                                                  CMakeFiles/DigitalPowerCmake.elf.dir/Drivers/STM32G4xx_HAL_Driver/Src/stm32g4xx_hal_adc_ex.c.obj
ADC_DMAConvCplt                                   CMakeFiles/DigitalPowerCmake.elf.dir/Drivers/STM32G4xx_HAL_Driver/Src/stm32g4xx_hal_adc.c.obj
                                                  CMakeFiles/DigitalPowerCmake.elf.dir/Drivers/STM32G4xx_HAL_Driver/Src/stm32g4xx_hal_adc_ex.c.obj
ADC_DMAError                                      CMakeFiles/DigitalPowerCmake.elf.dir/Drivers/STM32G4xx_HAL_Driver/Src/stm32g4xx_hal_adc.c.obj
                                                  CMakeFiles/DigitalPowerCmake.elf.dir/Drivers/STM32G4xx_HAL_Driver/Src/stm32g4xx_hal_adc_ex.c.obj
ADC_DMAHalfConvCplt                               CMakeFiles/DigitalPowerCmake.elf.dir/Drivers/STM32G4xx_HAL_Driver/Src/stm32g4xx_hal_adc.c.obj
                                                  CMakeFiles/DigitalPowerCmake.elf.dir/Drivers/STM32G4xx_HAL_Driver/Src/stm32g4xx_hal_adc_ex.c.obj
ADC_Disable                                       CMakeFiles/DigitalPowerCmake.elf.dir/Drivers/STM32G4xx_HAL_Driver/Src/stm32g4xx_hal_adc.c.obj
                                                  CMakeFiles/DigitalPowerCmake.elf.dir/Drivers/STM32G4xx_HAL_Driver/Src/stm32g4xx_hal_adc_ex.c.obj
ADC_Enable                                        CMakeFiles/DigitalPowerCmake.elf.dir/Drivers/STM32G4xx_HAL_Driver/Src/stm32g4xx_hal_adc.c.obj
                                                  CMakeFiles/DigitalPowerCmake.elf.dir/Drivers/STM32G4xx_HAL_Driver/Src/stm32g4xx_hal_adc_ex.c.obj
AHBPrescTable                                     CMakeFiles/DigitalPowerCmake.elf.dir/Core/Src/system_stm32g4xx.c.obj
                                                  CMakeFiles/DigitalPowerCmake.elf.dir/Drivers/STM32G4xx_HAL_Driver/Src/stm32g4xx_hal_rcc.c.obj
APBPrescTable                                     CMakeFiles/DigitalPowerCmake.elf.dir/Core/Src/system_stm32g4xx.c.obj
                                                  CMakeFiles/DigitalPowerCmake.elf.dir/Drivers/STM32G4xx_HAL_Driver/Src/stm32g4xx_hal_rcc.c.obj
BusFault_Handler                                  CMakeFiles/DigitalPowerCmake.elf.dir/Core/Src/stm32g4xx_it.c.obj
COMP1_2_3_IRQHandler                              CMakeFiles/DigitalPowerCmake.elf.dir/Core/Startup/startup_stm32g474retx.s.obj
COMP4_5_6_IRQHandler                              CMakeFiles/DigitalPowerCmake.elf.dir/Core/Startup/startup_stm32g474retx.s.obj
COMP7_IRQHandler                                  CMakeFiles/DigitalPowerCmake.elf.dir/Core/Startup/startup_stm32g474retx.s.obj
CORDIC_IRQHandler                                 CMakeFiles/DigitalPowerCmake.elf.dir/Core/Startup/startup_stm32g474retx.s.obj
CRS_IRQHandler                                    CMakeFiles/DigitalPowerCmake.elf.dir/Core/Startup/startup_stm32g474retx.s.obj
DMA1_Channel1_IRQHandler                          CMakeFiles/DigitalPowerCmake.elf.dir/Core/Src/stm32g4xx_it.c.obj
DMA1_Channel2_IRQHandler                          CMakeFiles/DigitalPowerCmake.elf.dir/Core/Src/stm32g4xx_it.c.obj
DMA1_Channel3_IRQHandler                          CMakeFiles/DigitalPowerCmake.elf.dir/Core/Src/stm32g4xx_it.c.obj
DMA1_Channel4_IRQHandler                          CMakeFiles/DigitalPowerCmake.elf.dir/Core/Startup/startup_stm32g474retx.s.obj
DMA1_Channel5_IRQHandler                          CMakeFiles/DigitalPowerCmake.elf.dir/Core/Startup/startup_stm32g474retx.s.obj
DMA1_Channel6_IRQHandler                          CMakeFiles/DigitalPowerCmake.elf.dir/Core/Startup/startup_stm32g474retx.s.obj
DMA1_Channel7_IRQHandler                          CMakeFiles/DigitalPowerCmake.elf.dir/Core/Startup/startup_stm32g474retx.s.obj
DMA1_Channel8_IRQHandler                          CMakeFiles/DigitalPowerCmake.elf.dir/Core/Startup/startup_stm32g474retx.s.obj
DMA2_Channel1_IRQHandler                          CMakeFiles/DigitalPowerCmake.elf.dir/Core/Startup/startup_stm32g474retx.s.obj
DMA2_Channel2_IRQHandler                          CMakeFiles/DigitalPowerCmake.elf.dir/Core/Startup/startup_stm32g474retx.s.obj
DMA2_Channel3_IRQHandler                          CMakeFiles/DigitalPowerCmake.elf.dir/Core/Startup/startup_stm32g474retx.s.obj
DMA2_Channel4_IRQHandler                          CMakeFiles/DigitalPowerCmake.elf.dir/Core/Startup/startup_stm32g474retx.s.obj
DMA2_Channel5_IRQHandler                          CMakeFiles/DigitalPowerCmake.elf.dir/Core/Startup/startup_stm32g474retx.s.obj
DMA2_Channel6_IRQHandler                          CMakeFiles/DigitalPowerCmake.elf.dir/Core/Startup/startup_stm32g474retx.s.obj
DMA2_Channel7_IRQHandler                          CMakeFiles/DigitalPowerCmake.elf.dir/Core/Startup/startup_stm32g474retx.s.obj
DMA2_Channel8_IRQHandler                          CMakeFiles/DigitalPowerCmake.elf.dir/Core/Startup/startup_stm32g474retx.s.obj
DMAMUX_OVR_IRQHandler                             CMakeFiles/DigitalPowerCmake.elf.dir/Core/Startup/startup_stm32g474retx.s.obj
DebugMon_Handler                                  CMakeFiles/DigitalPowerCmake.elf.dir/Core/Src/stm32g4xx_it.c.obj
Default_Handler                                   CMakeFiles/DigitalPowerCmake.elf.dir/Core/Startup/startup_stm32g474retx.s.obj
EXTI0_IRQHandler                                  CMakeFiles/DigitalPowerCmake.elf.dir/Core/Src/stm32g4xx_it.c.obj
EXTI15_10_IRQHandler                              CMakeFiles/DigitalPowerCmake.elf.dir/Core/Startup/startup_stm32g474retx.s.obj
EXTI1_IRQHandler                                  CMakeFiles/DigitalPowerCmake.elf.dir/Core/Startup/startup_stm32g474retx.s.obj
EXTI2_IRQHandler                                  CMakeFiles/DigitalPowerCmake.elf.dir/Core/Startup/startup_stm32g474retx.s.obj
EXTI3_IRQHandler                                  CMakeFiles/DigitalPowerCmake.elf.dir/Core/Startup/startup_stm32g474retx.s.obj
EXTI4_IRQHandler                                  CMakeFiles/DigitalPowerCmake.elf.dir/Core/Startup/startup_stm32g474retx.s.obj
EXTI9_5_IRQHandler                                CMakeFiles/DigitalPowerCmake.elf.dir/Core/Startup/startup_stm32g474retx.s.obj
Error_Handler                                     CMakeFiles/DigitalPowerCmake.elf.dir/Core/Src/main.c.obj
                                                  CMakeFiles/DigitalPowerCmake.elf.dir/Core/Src/usart.c.obj
                                                  CMakeFiles/DigitalPowerCmake.elf.dir/Core/Src/tim.c.obj
                                                  CMakeFiles/DigitalPowerCmake.elf.dir/Core/Src/spi.c.obj
                                                  CMakeFiles/DigitalPowerCmake.elf.dir/Core/Src/iwdg.c.obj
                                                  CMakeFiles/DigitalPowerCmake.elf.dir/Core/Src/i2c.c.obj
                                                  CMakeFiles/DigitalPowerCmake.elf.dir/Core/Src/hrtim.c.obj
                                                  CMakeFiles/DigitalPowerCmake.elf.dir/Core/Src/adc.c.obj
FDCAN1_IT0_IRQHandler                             CMakeFiles/DigitalPowerCmake.elf.dir/Core/Startup/startup_stm32g474retx.s.obj
FDCAN1_IT1_IRQHandler                             CMakeFiles/DigitalPowerCmake.elf.dir/Core/Startup/startup_stm32g474retx.s.obj
FDCAN2_IT0_IRQHandler                             CMakeFiles/DigitalPowerCmake.elf.dir/Core/Startup/startup_stm32g474retx.s.obj
FDCAN2_IT1_IRQHandler                             CMakeFiles/DigitalPowerCmake.elf.dir/Core/Startup/startup_stm32g474retx.s.obj
FDCAN3_IT0_IRQHandler                             CMakeFiles/DigitalPowerCmake.elf.dir/Core/Startup/startup_stm32g474retx.s.obj
FDCAN3_IT1_IRQHandler                             CMakeFiles/DigitalPowerCmake.elf.dir/Core/Startup/startup_stm32g474retx.s.obj
FLASH_FlushCaches                                 CMakeFiles/DigitalPowerCmake.elf.dir/Drivers/STM32G4xx_HAL_Driver/Src/stm32g4xx_hal_flash_ex.c.obj
                                                  CMakeFiles/DigitalPowerCmake.elf.dir/Drivers/STM32G4xx_HAL_Driver/Src/stm32g4xx_hal_flash.c.obj
FLASH_IRQHandler                                  CMakeFiles/DigitalPowerCmake.elf.dir/Core/Startup/startup_stm32g474retx.s.obj
FLASH_PageErase                                   CMakeFiles/DigitalPowerCmake.elf.dir/Drivers/STM32G4xx_HAL_Driver/Src/stm32g4xx_hal_flash_ex.c.obj
                                                  CMakeFiles/DigitalPowerCmake.elf.dir/Drivers/STM32G4xx_HAL_Driver/Src/stm32g4xx_hal_flash.c.obj
FLASH_WaitForLastOperation                        CMakeFiles/DigitalPowerCmake.elf.dir/Drivers/STM32G4xx_HAL_Driver/Src/stm32g4xx_hal_flash.c.obj
                                                  CMakeFiles/DigitalPowerCmake.elf.dir/Drivers/STM32G4xx_HAL_Driver/Src/stm32g4xx_hal_flash_ex.c.obj
FMAC_IRQHandler                                   CMakeFiles/DigitalPowerCmake.elf.dir/Core/Startup/startup_stm32g474retx.s.obj
FMC_IRQHandler                                    CMakeFiles/DigitalPowerCmake.elf.dir/Core/Startup/startup_stm32g474retx.s.obj
FPU_IRQHandler                                    CMakeFiles/DigitalPowerCmake.elf.dir/Core/Startup/startup_stm32g474retx.s.obj
HAL_ADCEx_Calibration_GetValue                    CMakeFiles/DigitalPowerCmake.elf.dir/Drivers/STM32G4xx_HAL_Driver/Src/stm32g4xx_hal_adc_ex.c.obj
HAL_ADCEx_Calibration_SetValue                    CMakeFiles/DigitalPowerCmake.elf.dir/Drivers/STM32G4xx_HAL_Driver/Src/stm32g4xx_hal_adc_ex.c.obj
HAL_ADCEx_Calibration_Start                       CMakeFiles/DigitalPowerCmake.elf.dir/Drivers/STM32G4xx_HAL_Driver/Src/stm32g4xx_hal_adc_ex.c.obj
HAL_ADCEx_DisableInjectedQueue                    CMakeFiles/DigitalPowerCmake.elf.dir/Drivers/STM32G4xx_HAL_Driver/Src/stm32g4xx_hal_adc_ex.c.obj
HAL_ADCEx_DisableVoltageRegulator                 CMakeFiles/DigitalPowerCmake.elf.dir/Drivers/STM32G4xx_HAL_Driver/Src/stm32g4xx_hal_adc_ex.c.obj
HAL_ADCEx_EnableInjectedQueue                     CMakeFiles/DigitalPowerCmake.elf.dir/Drivers/STM32G4xx_HAL_Driver/Src/stm32g4xx_hal_adc_ex.c.obj
HAL_ADCEx_EndOfSamplingCallback                   CMakeFiles/DigitalPowerCmake.elf.dir/Drivers/STM32G4xx_HAL_Driver/Src/stm32g4xx_hal_adc_ex.c.obj
                                                  CMakeFiles/DigitalPowerCmake.elf.dir/Drivers/STM32G4xx_HAL_Driver/Src/stm32g4xx_hal_adc.c.obj
HAL_ADCEx_EnterADCDeepPowerDownMode               CMakeFiles/DigitalPowerCmake.elf.dir/Drivers/STM32G4xx_HAL_Driver/Src/stm32g4xx_hal_adc_ex.c.obj
HAL_ADCEx_InjectedConfigChannel                   CMakeFiles/DigitalPowerCmake.elf.dir/Drivers/STM32G4xx_HAL_Driver/Src/stm32g4xx_hal_adc_ex.c.obj
HAL_ADCEx_InjectedConvCpltCallback                CMakeFiles/DigitalPowerCmake.elf.dir/Drivers/STM32G4xx_HAL_Driver/Src/stm32g4xx_hal_adc_ex.c.obj
                                                  CMakeFiles/DigitalPowerCmake.elf.dir/Drivers/STM32G4xx_HAL_Driver/Src/stm32g4xx_hal_adc.c.obj
HAL_ADCEx_InjectedGetValue                        CMakeFiles/DigitalPowerCmake.elf.dir/Drivers/STM32G4xx_HAL_Driver/Src/stm32g4xx_hal_adc_ex.c.obj
HAL_ADCEx_InjectedPollForConversion               CMakeFiles/DigitalPowerCmake.elf.dir/Drivers/STM32G4xx_HAL_Driver/Src/stm32g4xx_hal_adc_ex.c.obj
HAL_ADCEx_InjectedQueueOverflowCallback           CMakeFiles/DigitalPowerCmake.elf.dir/Drivers/STM32G4xx_HAL_Driver/Src/stm32g4xx_hal_adc_ex.c.obj
                                                  CMakeFiles/DigitalPowerCmake.elf.dir/Drivers/STM32G4xx_HAL_Driver/Src/stm32g4xx_hal_adc.c.obj
HAL_ADCEx_InjectedStart                           CMakeFiles/DigitalPowerCmake.elf.dir/Drivers/STM32G4xx_HAL_Driver/Src/stm32g4xx_hal_adc_ex.c.obj
HAL_ADCEx_InjectedStart_IT                        CMakeFiles/DigitalPowerCmake.elf.dir/Drivers/STM32G4xx_HAL_Driver/Src/stm32g4xx_hal_adc_ex.c.obj
HAL_ADCEx_InjectedStop                            CMakeFiles/DigitalPowerCmake.elf.dir/Drivers/STM32G4xx_HAL_Driver/Src/stm32g4xx_hal_adc_ex.c.obj
HAL_ADCEx_InjectedStop_IT                         CMakeFiles/DigitalPowerCmake.elf.dir/Drivers/STM32G4xx_HAL_Driver/Src/stm32g4xx_hal_adc_ex.c.obj
HAL_ADCEx_LevelOutOfWindow2Callback               CMakeFiles/DigitalPowerCmake.elf.dir/Drivers/STM32G4xx_HAL_Driver/Src/stm32g4xx_hal_adc_ex.c.obj
                                                  CMakeFiles/DigitalPowerCmake.elf.dir/Drivers/STM32G4xx_HAL_Driver/Src/stm32g4xx_hal_adc.c.obj
HAL_ADCEx_LevelOutOfWindow3Callback               CMakeFiles/DigitalPowerCmake.elf.dir/Drivers/STM32G4xx_HAL_Driver/Src/stm32g4xx_hal_adc_ex.c.obj
                                                  CMakeFiles/DigitalPowerCmake.elf.dir/Drivers/STM32G4xx_HAL_Driver/Src/stm32g4xx_hal_adc.c.obj
HAL_ADCEx_MultiModeConfigChannel                  CMakeFiles/DigitalPowerCmake.elf.dir/Drivers/STM32G4xx_HAL_Driver/Src/stm32g4xx_hal_adc_ex.c.obj
                                                  CMakeFiles/DigitalPowerCmake.elf.dir/Core/Src/adc.c.obj
HAL_ADCEx_MultiModeGetValue                       CMakeFiles/DigitalPowerCmake.elf.dir/Drivers/STM32G4xx_HAL_Driver/Src/stm32g4xx_hal_adc_ex.c.obj
HAL_ADCEx_MultiModeStart_DMA                      CMakeFiles/DigitalPowerCmake.elf.dir/Drivers/STM32G4xx_HAL_Driver/Src/stm32g4xx_hal_adc_ex.c.obj
HAL_ADCEx_MultiModeStop_DMA                       CMakeFiles/DigitalPowerCmake.elf.dir/Drivers/STM32G4xx_HAL_Driver/Src/stm32g4xx_hal_adc_ex.c.obj
HAL_ADCEx_RegularMultiModeStop_DMA                CMakeFiles/DigitalPowerCmake.elf.dir/Drivers/STM32G4xx_HAL_Driver/Src/stm32g4xx_hal_adc_ex.c.obj
HAL_ADCEx_RegularStop                             CMakeFiles/DigitalPowerCmake.elf.dir/Drivers/STM32G4xx_HAL_Driver/Src/stm32g4xx_hal_adc_ex.c.obj
HAL_ADCEx_RegularStop_DMA                         CMakeFiles/DigitalPowerCmake.elf.dir/Drivers/STM32G4xx_HAL_Driver/Src/stm32g4xx_hal_adc_ex.c.obj
HAL_ADCEx_RegularStop_IT                          CMakeFiles/DigitalPowerCmake.elf.dir/Drivers/STM32G4xx_HAL_Driver/Src/stm32g4xx_hal_adc_ex.c.obj
HAL_ADC_AnalogWDGConfig                           CMakeFiles/DigitalPowerCmake.elf.dir/Drivers/STM32G4xx_HAL_Driver/Src/stm32g4xx_hal_adc.c.obj
HAL_ADC_ConfigChannel                             CMakeFiles/DigitalPowerCmake.elf.dir/Drivers/STM32G4xx_HAL_Driver/Src/stm32g4xx_hal_adc.c.obj
                                                  CMakeFiles/DigitalPowerCmake.elf.dir/Core/Src/adc.c.obj
HAL_ADC_ConvCpltCallback                          CMakeFiles/DigitalPowerCmake.elf.dir/Drivers/STM32G4xx_HAL_Driver/Src/stm32g4xx_hal_adc.c.obj
HAL_ADC_ConvHalfCpltCallback                      CMakeFiles/DigitalPowerCmake.elf.dir/Drivers/STM32G4xx_HAL_Driver/Src/stm32g4xx_hal_adc.c.obj
HAL_ADC_DeInit                                    CMakeFiles/DigitalPowerCmake.elf.dir/Drivers/STM32G4xx_HAL_Driver/Src/stm32g4xx_hal_adc.c.obj
HAL_ADC_ErrorCallback                             CMakeFiles/DigitalPowerCmake.elf.dir/Drivers/STM32G4xx_HAL_Driver/Src/stm32g4xx_hal_adc.c.obj
HAL_ADC_GetError                                  CMakeFiles/DigitalPowerCmake.elf.dir/Drivers/STM32G4xx_HAL_Driver/Src/stm32g4xx_hal_adc.c.obj
HAL_ADC_GetState                                  CMakeFiles/DigitalPowerCmake.elf.dir/Drivers/STM32G4xx_HAL_Driver/Src/stm32g4xx_hal_adc.c.obj
HAL_ADC_GetValue                                  CMakeFiles/DigitalPowerCmake.elf.dir/Drivers/STM32G4xx_HAL_Driver/Src/stm32g4xx_hal_adc.c.obj